<html>
<body>
<pre>
<h1>µVision Build Log</h1>
<h2>Tool Versions:</h2>
IDE-Version: ¦ÌVision V5.28.0.0
Copyright (C) 2019 ARM Ltd and ARM Germany GmbH. All rights reserved.
License Information: Jason-XUYANG@outlook.com,  , LIC=QF82M-XQV9I-016P1-CE6LI-8AHNC-H5DJZ
 
Tool Versions:
Toolchain:       MDK-ARM Plus  Version: 5.28.0.0
Toolchain Path:  C:\Keil_v5\ARM\ARMCC\Bin
C Compiler:      Armcc.exe V5.06 update 6 (build 750)
Assembler:       Armasm.exe V5.06 update 6 (build 750)
Linker/Locator:  ArmLink.exe V5.06 update 6 (build 750)
Library Manager: ArmAr.exe V5.06 update 6 (build 750)
Hex Converter:   FromElf.exe V5.06 update 6 (build 750)
CPU DLL:         SARMCM3.DLL V5.28.0.0
Dialog DLL:      DCM.DLL V1.17.3.0
Target DLL:      lmidk-agdi.dll V???
Dialog DLL:      TCM.DLL V1.36.2.0
 
<h2>Project:</h2>
C:\Users\Jason\Desktop\TM4CDataCenter\ProjectTM4C123\ANO_LX_TM4C123.uvprojx
Project File Date:  11/05/2021

<h2>Output:</h2>
*** Using Compiler 'V5.06 update 6 (build 750)', folder: 'C:\Keil_v5\ARM\ARMCC\Bin'
Rebuild target 'Ano_LX'
compiling Ano_Scheduler.c...
..\APP\dataCenter.h(79): warning:  #1-D: last line of file ends without a newline
  #endif //__MOVECONTROL_H__
..\FcSrc\Ano_Scheduler.c: 1 warning, 0 errors
compiling User_Task.c...
..\FcSrc\User_Task.c(12): warning:  #550-D: variable "mission_step"  was set but never used
      static u8 mission_step;
..\FcSrc\User_Task.c: 1 warning, 0 errors
compiling main.c...
compiling LX_FC_Fun.c...
compiling LX_FC_EXT_Sensor.c...
compiling ANO_LX.c...
compiling ANO_DT_LX.c...
compiling LX_FC_State.c...
compiling Drv_Led.c...
compiling Drv_UbloxGPS.c...
compiling Drv_Sys.c...
compiling Ano_Math.c...
compiling Drv_Adc.c...
compiling Drv_AnoOf.c...
compiling Drv_BSP.c...
..\APP\dataCenter.h(79): warning:  #1-D: last line of file ends without a newline
  #endif //__MOVECONTROL_H__
..\DriversBsp\Drv_BSP.c: 1 warning, 0 errors
assembling startup_TM4C123.s...
compiling usb_serial_structs.c...
compiling Drv_PwmOut.c...
compiling Drv_RcIn.c...
..\DriversMcu\TM4C123\Drivers\Drv_RcIn.c(41): warning:  #177-D: function "Sbus_IRQHandler"  was declared but never referenced
  static void Sbus_IRQHandler(void)
..\DriversMcu\TM4C123\Drivers\Drv_RcIn.c: 1 warning, 0 errors
compiling system_TM4C123.c...
compiling Drv_Timer.c...
compiling Drv_Usb.c...
compiling Drv_Uart.c...
..\APP\dataCenter.h(79): warning:  #1-D: last line of file ends without a newline
  #endif //__MOVECONTROL_H__
..\DriversMcu\TM4C123\Drivers\Drv_Uart.c: 1 warning, 0 errors
compiling laserControl.c...
compiling dataCenter.c...
..\APP\dataCenter.h(79): warning:  #1-D: last line of file ends without a newline
  #endif //__MOVECONTROL_H__
..\APP\dataCenter.c(137): warning:  #186-D: pointless comparison of unsigned integer with zero
  	else if (rxstate_u3 == 4 && _data_len_u3 >= 0)
..\APP\dataCenter.c(360): warning:  #186-D: pointless comparison of unsigned integer with zero
  	else if (rxstate_u7 == 4 && _data_len_u7 >= 0)
..\APP\dataCenter.c: 3 warnings, 0 errors
compiling MoveControl.c...
..\APP\dataCenter.h(79): warning:  #1-D: last line of file ends without a newline
  #endif //__MOVECONTROL_H__
..\APP\MoveControl.c(10): warning:  #550-D: variable "origin_dir"  was set but never used
  static uint8_t origin_dir, cir_motion_dir, cir_motion_r_cm, cir_motion_speed_dps;
..\APP\MoveControl.c(10): warning:  #550-D: variable "cir_motion_dir"  was set but never used
  static uint8_t origin_dir, cir_motion_dir, cir_motion_r_cm, cir_motion_speed_dps;
..\APP\MoveControl.c(10): warning:  #550-D: variable "cir_motion_r_cm"  was set but never used
  static uint8_t origin_dir, cir_motion_dir, cir_motion_r_cm, cir_motion_speed_dps;
..\APP\MoveControl.c(10): warning:  #550-D: variable "cir_motion_speed_dps"  was set but never used
  static uint8_t origin_dir, cir_motion_dir, cir_motion_r_cm, cir_motion_speed_dps;
..\APP\MoveControl.c(11): warning:  #177-D: variable "cir_motion_degrees"  was declared but never referenced
  static uint16_t cir_motion_degrees;
..\APP\MoveControl.c(403): warning: C4487E: read from variable 'move_distance_cm' with offset out of bounds
}
..\APP\MoveControl.c(403): warning: C4487E: read from variable 'move_velocity_cms' with offset out of bounds
}
..\APP\MoveControl.c(403): warning: C4487E: read from variable 'spin_speed' with offset out of bounds
}
..\APP\MoveControl.c: 9 warnings, 0 errors
linking...
Program Size: Code=7768 RO-data=1804 RW-data=1644 ZI-data=5052  
".\build\ANO_PioneerPro_Ti.axf" - 0 Error(s), 17 Warning(s).

<h2>Software Packages used:</h2>

Package Vendor: Keil
                http://www.keil.com/pack/Keil.TM4C_DFP.1.1.0.pack
                Keil.TM4C_DFP.1.1.0
                Texas Instruments Tiva C Series Device Support and Examples

<h2>Collection of Component include folders:</h2>
  .\RTE\_Ano_LX
  C:\Users\Jason\AppData\Local\Arm\Packs\Keil\TM4C_DFP\1.1.0\Device\Include\TM4C123

<h2>Collection of Component Files used:</h2>
Build Time Elapsed:  00:00:02
</pre>
</body>
</html>
