Component: ARM Compiler 5.06 update 7 (build 960) Tool: armlink [4d3601]

==============================================================================

Section Cross References

    main.o(i.main) refers to drv_bsp.o(i.All_Init) for All_Init
    main.o(i.main) refers to ano_scheduler.o(i.Scheduler_Setup) for Scheduler_Setup
    main.o(i.main) refers to ano_scheduler.o(i.Scheduler_Run) for Scheduler_Run
    ano_scheduler.o(i.Loop_2Hz) refers to lasercontrol.o(i.Laser_Off) for Laser_Off
    ano_scheduler.o(i.Loop_2Hz) refers to lasercontrol.o(i.Laser_On) for Laser_On
    ano_scheduler.o(i.Loop_2Hz) refers to datacenter.o(.data) for blink_state
    ano_scheduler.o(i.Scheduler_Run) refers to drv_sys.o(i.GetSysRunTimeMs) for GetSysRunTimeMs
    ano_scheduler.o(i.Scheduler_Run) refers to ano_scheduler.o(.data) for sched_tasks
    ano_scheduler.o(i.Scheduler_Setup) refers to ano_scheduler.o(.data) for sched_tasks
    ano_scheduler.o(.data) refers to ano_scheduler.o(i.Loop_1000Hz) for Loop_1000Hz
    ano_scheduler.o(.data) refers to ano_scheduler.o(i.Loop_500Hz) for Loop_500Hz
    ano_scheduler.o(.data) refers to ano_scheduler.o(i.Loop_200Hz) for Loop_200Hz
    ano_scheduler.o(.data) refers to ano_scheduler.o(i.Loop_100Hz) for Loop_100Hz
    ano_scheduler.o(.data) refers to ano_scheduler.o(i.Loop_50Hz) for Loop_50Hz
    ano_scheduler.o(.data) refers to ano_scheduler.o(i.Loop_20Hz) for Loop_20Hz
    ano_scheduler.o(.data) refers to ano_scheduler.o(i.Loop_2Hz) for Loop_2Hz
    user_task.o(i.UserTask_OneKeyCmd) refers to lx_fc_fun.o(i.OneKey_Takeoff) for OneKey_Takeoff
    user_task.o(i.UserTask_OneKeyCmd) refers to lx_fc_fun.o(i.OneKey_Land) for OneKey_Land
    user_task.o(i.UserTask_OneKeyCmd) refers to drv_bsp.o(.bss) for rc_in
    user_task.o(i.UserTask_OneKeyCmd) refers to user_task.o(.data) for one_key_takeoff_f
    ano_dt_lx.o(i.ANO_DT_Init) refers to ano_dt_lx.o(.bss) for dt
    ano_dt_lx.o(i.ANO_DT_LX_Data_Receive_Anl) refers to ano_dt_lx.o(i.CK_Back) for CK_Back
    ano_dt_lx.o(i.ANO_DT_LX_Data_Receive_Anl) refers to ano_dt_lx.o(i.PAR_Back) for PAR_Back
    ano_dt_lx.o(i.ANO_DT_LX_Data_Receive_Anl) refers to ano_lx.o(.bss) for pwm_to_esc
    ano_dt_lx.o(i.ANO_DT_LX_Data_Receive_Anl) refers to drv_led.o(.data) for led
    ano_dt_lx.o(i.ANO_DT_LX_Data_Receive_Anl) refers to lx_fc_state.o(.bss) for fc_sta
    ano_dt_lx.o(i.ANO_DT_LX_Data_Receive_Anl) refers to ano_dt_lx.o(.bss) for dt
    ano_dt_lx.o(i.ANO_DT_LX_Data_Receive_Prepare) refers to ano_dt_lx.o(i.ANO_DT_LX_Data_Receive_Anl) for ANO_DT_LX_Data_Receive_Anl
    ano_dt_lx.o(i.ANO_DT_LX_Data_Receive_Prepare) refers to ano_dt_lx.o(.data) for rxstate
    ano_dt_lx.o(i.ANO_DT_LX_Data_Receive_Prepare) refers to ano_dt_lx.o(.bss) for DT_RxBuffer
    ano_dt_lx.o(i.ANO_DT_LX_Send_Data) refers to drv_uart.o(i.DrvUart5SendBuf) for DrvUart5SendBuf
    ano_dt_lx.o(i.ANO_LX_Data_Exchange_Task) refers to ano_dt_lx.o(i.CK_Back_Check) for CK_Back_Check
    ano_dt_lx.o(i.ANO_LX_Data_Exchange_Task) refers to ano_dt_lx.o(i.Check_To_Send) for Check_To_Send
    ano_dt_lx.o(i.Add_Send_Data) refers to ano_dt_lx.o(.bss) for dt
    ano_dt_lx.o(i.Add_Send_Data) refers to ano_lx.o(.data) for fc_bat
    ano_dt_lx.o(i.Add_Send_Data) refers to lx_fc_ext_sensor.o(.bss) for ext_sens
    ano_dt_lx.o(i.Add_Send_Data) refers to drv_bsp.o(.bss) for rc_in
    ano_dt_lx.o(i.Add_Send_Data) refers to ano_lx.o(.bss) for rt_tar
    ano_dt_lx.o(i.CK_Back) refers to ano_dt_lx.o(.bss) for dt
    ano_dt_lx.o(i.CK_Back_Check) refers to ano_dt_lx.o(.bss) for dt
    ano_dt_lx.o(i.CK_Back_Check) refers to ano_dt_lx.o(.data) for time_dly
    ano_dt_lx.o(i.CMD_Send) refers to ano_dt_lx.o(.bss) for dt
    ano_dt_lx.o(i.Check_To_Send) refers to ano_dt_lx.o(i.Frame_Send) for Frame_Send
    ano_dt_lx.o(i.Check_To_Send) refers to ano_dt_lx.o(.bss) for dt
    ano_dt_lx.o(i.Frame_Send) refers to ano_dt_lx.o(i.Add_Send_Data) for Add_Send_Data
    ano_dt_lx.o(i.Frame_Send) refers to ano_dt_lx.o(i.ANO_DT_LX_Send_Data) for ANO_DT_LX_Send_Data
    ano_dt_lx.o(i.Frame_Send) refers to ano_dt_lx.o(.bss) for send_buffer
    ano_dt_lx.o(i.PAR_Back) refers to ano_dt_lx.o(.bss) for dt
    ano_lx.o(i.ANO_LX_Task) refers to drv_bsp.o(i.DrvRcInputTask) for DrvRcInputTask
    ano_lx.o(i.ANO_LX_Task) refers to ano_lx.o(i.RC_Data_Task) for RC_Data_Task
    ano_lx.o(i.ANO_LX_Task) refers to lx_fc_state.o(i.LX_FC_State_Task) for LX_FC_State_Task
    ano_lx.o(i.ANO_LX_Task) refers to drv_anoof.o(i.AnoOF_Check_State) for AnoOF_Check_State
    ano_lx.o(i.ANO_LX_Task) refers to ano_lx.o(i.Bat_Voltage_Data_Handle) for Bat_Voltage_Data_Handle
    ano_lx.o(i.ANO_LX_Task) refers to drv_uart.o(i.DrvUartDataCheck) for DrvUartDataCheck
    ano_lx.o(i.ANO_LX_Task) refers to drv_ubloxgps.o(i.GPS_Data_Prepare_Task) for GPS_Data_Prepare_Task
    ano_lx.o(i.ANO_LX_Task) refers to lx_fc_ext_sensor.o(i.LX_FC_EXT_Sensor_Task) for LX_FC_EXT_Sensor_Task
[...]
    Removing timer.o(i.TimerUpdateMode), (42 bytes).
    Removing timer.o(i.TimerValueGet), (10 bytes).
    Removing timer.o(i.TimerValueGet64), (14 bytes).
    Removing uart.o(i.UART9BitAddrSend), (38 bytes).
    Removing uart.o(i.UART9BitAddrSet), (10 bytes).
    Removing uart.o(i.UART9BitDisable), (14 bytes).
    Removing uart.o(i.UART9BitEnable), (14 bytes).
    Removing uart.o(i.UARTBreakCtl), (18 bytes).
    Removing uart.o(i.UARTBusy), (8 bytes).
    Removing uart.o(i.UARTCharGet), (12 bytes).
    Removing uart.o(i.UARTCharGetNonBlocking), (16 bytes).
    Removing uart.o(i.UARTCharPut), (12 bytes).
    Removing uart.o(i.UARTCharPutNonBlocking), (16 bytes).
    Removing uart.o(i.UARTCharsAvail), (10 bytes).
    Removing uart.o(i.UARTClockSourceGet), (6 bytes).
    Removing uart.o(i.UARTClockSourceSet), (6 bytes).
    Removing uart.o(i.UARTConfigGetExpClk), (46 bytes).
    Removing uart.o(i.UARTConfigSetExpClk), (110 bytes).
    Removing uart.o(i.UARTDMADisable), (10 bytes).
    Removing uart.o(i.UARTDMAEnable), (8 bytes).
    Removing uart.o(i.UARTDisable), (30 bytes).
    Removing uart.o(i.UARTDisableSIR), (10 bytes).
    Removing uart.o(i.UARTEnable), (20 bytes).
    Removing uart.o(i.UARTEnableSIR), (18 bytes).
    Removing uart.o(i.UARTFIFODisable), (10 bytes).
    Removing uart.o(i.UARTFIFOEnable), (10 bytes).
    Removing uart.o(i.UARTFIFOLevelGet), (16 bytes).
    Removing uart.o(i.UARTFIFOLevelSet), (6 bytes).
    Removing uart.o(i.UARTFlowControlGet), (8 bytes).
    Removing uart.o(i.UARTFlowControlSet), (12 bytes).
    Removing uart.o(i.UARTIntClear), (4 bytes).
    Removing uart.o(i.UARTIntDisable), (10 bytes).
    Removing uart.o(i.UARTIntEnable), (8 bytes).
    Removing uart.o(i.UARTIntStatus), (10 bytes).
    Removing uart.o(i.UARTIntUnregister), (88 bytes).
    Removing uart.o(i.UARTLoopbackEnable), (10 bytes).
    Removing uart.o(i.UARTModemControlClear), (14 bytes).
    Removing uart.o(i.UARTModemControlGet), (8 bytes).
    Removing uart.o(i.UARTModemControlSet), (12 bytes).
    Removing uart.o(i.UARTModemStatusGet), (10 bytes).
    Removing uart.o(i.UARTParityModeGet), (8 bytes).
    Removing uart.o(i.UARTParityModeSet), (12 bytes).
    Removing uart.o(i.UARTRxErrorClear), (6 bytes).
    Removing uart.o(i.UARTRxErrorGet), (8 bytes).
    Removing uart.o(i.UARTSmartCardDisable), (10 bytes).
    Removing uart.o(i.UARTSmartCardEnable), (22 bytes).
    Removing uart.o(i.UARTSpaceAvail), (10 bytes).
    Removing uart.o(i.UARTTxIntModeGet), (8 bytes).
    Removing uart.o(i.UARTTxIntModeSet), (12 bytes).
    Removing usb.o(i.USBClockDisable), (8 bytes).
    Removing usb.o(i.USBClockEnable), (10 bytes).
    Removing usb.o(i.USBControllerVersion), (10 bytes).
    Removing usb.o(i.USBDMAChannelAddressGet), (10 bytes).
    Removing usb.o(i.USBDMAChannelAddressSet), (10 bytes).
    Removing usb.o(i.USBDMAChannelConfigSet), (22 bytes).
    Removing usb.o(i.USBDMAChannelCountGet), (10 bytes).
    Removing usb.o(i.USBDMAChannelCountSet), (10 bytes).
    Removing usb.o(i.USBDMAChannelDisable), (18 bytes).
    Removing usb.o(i.USBDMAChannelEnable), (18 bytes).
    Removing usb.o(i.USBDMAChannelIntDisable), (18 bytes).
    Removing usb.o(i.USBDMAChannelIntEnable), (18 bytes).
    Removing usb.o(i.USBDMAChannelIntStatus), (6 bytes).
    Removing usb.o(i.USBDMAChannelStatus), (14 bytes).
    Removing usb.o(i.USBDMAChannelStatusClear), (20 bytes).
    Removing usb.o(i.USBDMANumChannels), (8 bytes).
    Removing usb.o(i.USBDevAddrGet), (4 bytes).
    Removing usb.o(i.USBDevAddrSet), (4 bytes).
    Removing usb.o(i.USBDevConnect), (10 bytes).
    Removing usb.o(i.USBDevDisconnect), (10 bytes).
    Removing usb.o(i.USBDevEndpointConfigGet), (144 bytes).
    Removing usb.o(i.USBDevEndpointConfigSet), (136 bytes).
    Removing usb.o(i.USBDevEndpointDataAck), (36 bytes).
    Removing usb.o(i.USBDevEndpointStall), (52 bytes).
    Removing usb.o(i.USBDevEndpointStallClear), (74 bytes).
    Removing usb.o(i.USBDevEndpointStatusClear), (94 bytes).
    Removing usb.o(i.USBDevLPMConfig), (6 bytes).
    Removing usb.o(i.USBDevLPMDisable), (14 bytes).
    Removing usb.o(i.USBDevLPMEnable), (14 bytes).
    Removing usb.o(i.USBDevLPMRemoteWake), (14 bytes).
    Removing usb.o(i.USBDevMode), (8 bytes).
    Removing usb.o(i.USBDevSpeedGet), (14 bytes).
    Removing usb.o(i.USBEndpointDMAChannel), (26 bytes).
    Removing usb.o(i.USBEndpointDMAConfigSet), (86 bytes).
    Removing usb.o(i.USBEndpointDMADisable), (36 bytes).
    Removing usb.o(i.USBEndpointDMAEnable), (36 bytes).
    Removing usb.o(i.USBEndpointDataAvail), (30 bytes).
    Removing usb.o(i.USBEndpointDataGet), (84 bytes).
    Removing usb.o(i.USBEndpointDataPut), (58 bytes).
    Removing usb.o(i.USBEndpointDataSend), (48 bytes).
    Removing usb.o(i.USBEndpointDataToggleClear), (36 bytes).
    Removing usb.o(i.USBEndpointPacketCountSet), (12 bytes).
    Removing usb.o(i.USBEndpointStatus), (16 bytes).
    Removing usb.o(i.USBFIFOAddrGet), (8 bytes).
    Removing usb.o(i.USBFIFOConfigGet), (80 bytes).
    Removing usb.o(i.USBFIFOConfigSet), (64 bytes).
    Removing usb.o(i.USBFIFOFlush), (80 bytes).
    Removing usb.o(i.USBFrameNumberGet), (4 bytes).
    Removing usb.o(i.USBHighSpeed), (18 bytes).
    Removing usb.o(i.USBHostAddrGet), (20 bytes).
    Removing usb.o(i.USBHostAddrSet), (22 bytes).
    Removing usb.o(i.USBHostEndpointConfig), (242 bytes).
    Removing usb.o(i.USBHostEndpointDataAck), (32 bytes).
    Removing usb.o(i.USBHostEndpointDataToggle), (112 bytes).
    Removing usb.o(i.USBHostEndpointPing), (28 bytes).
    Removing usb.o(i.USBHostEndpointSpeed), (84 bytes).
    Removing usb.o(i.USBHostEndpointStatusClear), (40 bytes).
    Removing usb.o(i.USBHostHubAddrGet), (20 bytes).
    Removing usb.o(i.USBHostHubAddrSet), (70 bytes).
    Removing usb.o(i.USBHostLPMConfig), (24 bytes).
    Removing usb.o(i.USBHostLPMResume), (14 bytes).
    Removing usb.o(i.USBHostLPMSend), (36 bytes).
    Removing usb.o(i.USBHostMode), (8 bytes).
    Removing usb.o(i.USBHostPwrConfig), (26 bytes).
    Removing usb.o(i.USBHostPwrDisable), (14 bytes).
    Removing usb.o(i.USBHostPwrEnable), (14 bytes).
    Removing usb.o(i.USBHostPwrFaultDisable), (14 bytes).
    Removing usb.o(i.USBHostPwrFaultEnable), (14 bytes).
    Removing usb.o(i.USBHostRequestIN), (18 bytes).
    Removing usb.o(i.USBHostRequestINClear), (22 bytes).
    Removing usb.o(i.USBHostRequestStatus), (8 bytes).
    Removing usb.o(i.USBHostReset), (18 bytes).
    Removing usb.o(i.USBHostResume), (18 bytes).
    Removing usb.o(i.USBHostSpeedGet), (44 bytes).
    Removing usb.o(i.USBHostSuspend), (10 bytes).
    Removing usb.o(i.USBIntDisableControl), (44 bytes).
    Removing usb.o(i.USBIntDisableEndpoint), (24 bytes).
    Removing usb.o(i.USBIntEnableControl), (44 bytes).
    Removing usb.o(i.USBIntEnableEndpoint), (22 bytes).
    Removing usb.o(i.USBIntRegister), (68 bytes).
    Removing usb.o(i.USBIntStatusControl), (60 bytes).
    Removing usb.o(i.USBIntStatusEndpoint), (10 bytes).
    Removing usb.o(i.USBIntUnregister), (68 bytes).
    Removing usb.o(i.USBLPMEndpointGet), (10 bytes).
    Removing usb.o(i.USBLPMIntDisable), (14 bytes).
    Removing usb.o(i.USBLPMIntEnable), (12 bytes).
    Removing usb.o(i.USBLPMIntStatus), (6 bytes).
    Removing usb.o(i.USBLPMLinkStateGet), (10 bytes).
    Removing usb.o(i.USBLPMRemoteWakeEnabled), (14 bytes).
    Removing usb.o(i.USBModeConfig), (6 bytes).
    Removing usb.o(i.USBModeGet), (10 bytes).
    Removing usb.o(i.USBNumEndpointsGet), (10 bytes).
    Removing usb.o(i.USBOTGMode), (8 bytes).
    Removing usb.o(i.USBOTGSessionRequest), (22 bytes).
    Removing usb.o(i.USBPHYPowerOff), (10 bytes).
    Removing usb.o(i.USBPHYPowerOn), (10 bytes).
    Removing usb.o(i.USBULPIConfig), (6 bytes).
    Removing usb.o(i.USBULPIDisable), (14 bytes).
    Removing usb.o(i.USBULPIEnable), (14 bytes).
    Removing usb.o(i.USBULPIRegRead), (32 bytes).
    Removing usb.o(i.USBULPIRegWrite), (32 bytes).
    Removing usbbuffer.o(i.ScheduleNextTransmission), (166 bytes).
    Removing usbbuffer.o(i.USBBufferCallbackDataSet), (8 bytes).
    Removing usbbuffer.o(i.USBBufferDataAvailable), (6 bytes).
    Removing usbbuffer.o(i.USBBufferDataRemoved), (12 bytes).
    Removing usbbuffer.o(i.USBBufferDataWritten), (24 bytes).
    Removing usbbuffer.o(i.USBBufferEventCallback), (340 bytes).
    Removing usbbuffer.o(i.USBBufferFlush), (6 bytes).
    Removing usbbuffer.o(i.USBBufferInfoGet), (18 bytes).
    Removing usbbuffer.o(i.USBBufferInit), (24 bytes).
    Removing usbbuffer.o(i.USBBufferRead), (40 bytes).
    Removing usbbuffer.o(i.USBBufferSpaceAvailable), (6 bytes).
    Removing usbbuffer.o(i.USBBufferWrite), (52 bytes).
    Removing usbbuffer.o(i.USBBufferZeroLengthPacketInsert), (22 bytes).
    Removing usbdcdc.o(i.CDCTickHandler), (238 bytes).
    Removing usbdcdc.o(i.HandleConfigChange), (50 bytes).
    Removing usbdcdc.o(i.HandleDevice), (194 bytes).
    Removing usbdcdc.o(i.HandleDisconnect), (34 bytes).
    Removing usbdcdc.o(i.HandleEP0Data), (154 bytes).
    Removing usbdcdc.o(i.HandleEndpoints), (126 bytes).
    Removing usbdcdc.o(i.HandleRequests), (374 bytes).
    Removing usbdcdc.o(i.HandleResume), (12 bytes).
    Removing usbdcdc.o(i.HandleSuspend), (12 bytes).
    Removing usbdcdc.o(i.ProcessDataFromHost), (134 bytes).
    Removing usbdcdc.o(i.ProcessDataToHost), (100 bytes).
    Removing usbdcdc.o(i.ProcessNotificationToHost), (60 bytes).
    Removing usbdcdc.o(i.SendBreak), (68 bytes).
    Removing usbdcdc.o(i.SendSerialState), (150 bytes).
    Removing usbdcdc.o(i.USBDCDCCompositeInit), (220 bytes).
    Removing usbdcdc.o(i.USBDCDCInit), (76 bytes).
    Removing usbdcdc.o(i.USBDCDCPacketRead), (164 bytes).
    Removing usbdcdc.o(i.USBDCDCPacketWrite), (88 bytes).
    Removing usbdcdc.o(i.USBDCDCPowerStatusSet), (6 bytes).
    Removing usbdcdc.o(i.USBDCDCRemoteWakeupRequest), (6 bytes).
    Removing usbdcdc.o(i.USBDCDCRxPacketAvailable), (56 bytes).
    Removing usbdcdc.o(i.USBDCDCSerialStateChange), (50 bytes).
    Removing usbdcdc.o(i.USBDCDCSetControlCBData), (8 bytes).
    Removing usbdcdc.o(i.USBDCDCSetRxCBData), (8 bytes).
    Removing usbdcdc.o(i.USBDCDCSetTxCBData), (8 bytes).
    Removing usbdcdc.o(i.USBDCDCTerm), (18 bytes).
    Removing usbdcdc.o(i.USBDCDCTxPacketAvailable), (20 bytes).
    Removing usbdcdc.o(.constdata), (8 bytes).
    Removing usbdcdc.o(.constdata), (8 bytes).
    Removing usbdcdc.o(.constdata), (35 bytes).
    Removing usbdcdc.o(.constdata), (8 bytes).
    Removing usbdcdc.o(.constdata), (23 bytes).
    Removing usbdcdc.o(.constdata), (8 bytes).
    Removing usbdcdc.o(.constdata), (23 bytes).
    Removing usbdcdc.o(.constdata), (8 bytes).
    Removing usbdcdc.o(.constdata), (8 bytes).
    Removing usbdcdc.o(.constdata), (8 bytes).
    Removing usbdcdc.o(.constdata), (8 bytes).
    Removing usbdcdc.o(.constdata), (8 bytes).
    Removing usbdcdc.o(.constdata), (64 bytes).
    Removing usbdcdc.o(.data), (29 bytes).
    Removing usbdcdc.o(.data), (8 bytes).
    Removing usbdcdc.o(.data), (12 bytes).
    Removing usbdcdc.o(.data), (12 bytes).
    Removing usbdcdc.o(.data), (16 bytes).
    Removing usbdcdc.o(.data), (16 bytes).
    Removing usbdhandler.o(i.USB0DeviceIntHandler), (24 bytes).
    Removing usbmode.o(i.OTGDeviceDisconnect), (28 bytes).
    Removing usbmode.o(i.USB0DualModeIntHandler), (76 bytes).
    Removing usbmode.o(i.USB0OTGModeIntHandler), (204 bytes).
    Removing usbmode.o(i.USBDualModeInit), (116 bytes).
    Removing usbmode.o(i.USBDualModeTerm), (44 bytes).
    Removing usbmode.o(i.USBOTGFeatureSet), (44 bytes).
    Removing usbmode.o(i.USBOTGMain), (136 bytes).
    Removing usbmode.o(i.USBOTGModeInit), (184 bytes).
    Removing usbmode.o(i.USBOTGModeTerm), (52 bytes).
    Removing usbmode.o(i.USBOTGPollRate), (12 bytes).
    Removing usbmode.o(i.USBOTGSetMode), (136 bytes).
    Removing usbmode.o(i.USBStackModeSet), (28 bytes).
    Removing usbmode.o(.data), (16 bytes).
    Removing cpu.o(.emb_text), (38 bytes).
    Removing interrupt.o(i.IntDisable), (100 bytes).
    Removing interrupt.o(i.IntIsEnabled), (96 bytes).
    Removing interrupt.o(i.IntMasterDisable), (14 bytes).
    Removing interrupt.o(i.IntMasterEnable), (14 bytes).
    Removing interrupt.o(i.IntPendClear), (68 bytes).
    Removing interrupt.o(i.IntPendSet), (84 bytes).
    Removing interrupt.o(i.IntPriorityGet), (28 bytes).
    Removing interrupt.o(i.IntPriorityGroupingGet), (36 bytes).
    Removing interrupt.o(i.IntPriorityGroupingSet), (28 bytes).
    Removing interrupt.o(i.IntPriorityMaskGet), (4 bytes).
    Removing interrupt.o(i.IntPriorityMaskSet), (4 bytes).
    Removing interrupt.o(i.IntPrioritySet), (40 bytes).
    Removing interrupt.o(i.IntTrigger), (12 bytes).
    Removing interrupt.o(i.IntUnregister), (20 bytes).
    Removing interrupt.o(i._IntDefaultHandler), (2 bytes).
    Removing usbdenum.o(i.USBDCDDeviceInfoInit), (68 bytes).
    Removing usbdenum.o(i.USBDCDFeatureGet), (24 bytes).
    Removing usbdenum.o(i.USBDCDFeatureSet), (128 bytes).
    Removing usbdenum.o(i.USBDCDInit), (424 bytes).
    Removing usbdenum.o(i.USBDCDPowerStatusSet), (28 bytes).
    Removing usbdenum.o(i.USBDCDRemoteWakeLPM), (32 bytes).
    Removing usbdenum.o(i.USBDCDRemoteWakeupRequest), (56 bytes).
    Removing usbdenum.o(i.USBDCDRequestDataEP0), (20 bytes).
    Removing usbdenum.o(i.USBDCDSendDataEP0), (20 bytes).
    Removing usbdenum.o(i.USBDCDSetDefaultConfiguration), (12 bytes).
    Removing usbdenum.o(i.USBDCDStallEP0), (28 bytes).
    Removing usbdenum.o(i.USBDCDTerm), (92 bytes).
    Removing usbdenum.o(i.USBDClearFeature), (164 bytes).
    Removing usbdenum.o(i.USBDEP0StateTx), (116 bytes).
    Removing usbdenum.o(i.USBDEP0StateTxConfig), (372 bytes).
    Removing usbdenum.o(i.USBDGetConfiguration), (52 bytes).
    Removing usbdenum.o(i.USBDGetDescriptor), (368 bytes).
    Removing usbdenum.o(i.USBDGetInterface), (92 bytes).
    Removing usbdenum.o(i.USBDGetStatus), (132 bytes).
    Removing usbdenum.o(i.USBDReadAndDispatchRequest), (124 bytes).
    Removing usbdenum.o(i.USBDSetAddress), (36 bytes).
    Removing usbdenum.o(i.USBDSetConfiguration), (164 bytes).
    Removing usbdenum.o(i.USBDSetDescriptor), (40 bytes).
    Removing usbdenum.o(i.USBDSetFeature), (132 bytes).
    Removing usbdenum.o(i.USBDSetInterface), (188 bytes).
    Removing usbdenum.o(i.USBDSyncFrame), (40 bytes).
    Removing usbdenum.o(i.USBDeviceEnumHandler), (236 bytes).
    Removing usbdenum.o(i.USBDeviceEnumResetHandler), (64 bytes).
    Removing usbdenum.o(i.USBDeviceIntHandlerInternal), (408 bytes).
    Removing usbdenum.o(i.USBDeviceResumeTickHandler), (88 bytes).
    Removing usbdenum.o(.bss), (144 bytes).
    Removing usbdenum.o(.constdata), (52 bytes).
    Removing usbdenum.o(.data), (16 bytes).
    Removing usbhostenum.o(i.ConfigDescAlloc), (112 bytes).
    Removing usbhostenum.o(i.ConfigDescFree), (64 bytes).
    Removing usbhostenum.o(i.InternalUSBHCDSendEvent), (56 bytes).
    Removing usbhostenum.o(i.ProcessUSBDeviceStateMachine), (984 bytes).
    Removing usbhostenum.o(i.USB0HostIntHandler), (24 bytes).
    Removing usbhostenum.o(i.USBHCDControlTransfer), (628 bytes).
    Removing usbhostenum.o(i.USBHCDDevAddress), (40 bytes).
    Removing usbhostenum.o(i.USBHCDDevClass), (60 bytes).
    Removing usbhostenum.o(i.USBHCDDevHubPort), (40 bytes).
    Removing usbhostenum.o(i.USBHCDDevProtocol), (60 bytes).
    Removing usbhostenum.o(i.USBHCDDevSubClass), (60 bytes).
    Removing usbhostenum.o(i.USBHCDDeviceDisconnected), (160 bytes).
    Removing usbhostenum.o(i.USBHCDEventDisable), (88 bytes).
    Removing usbhostenum.o(i.USBHCDEventEnable), (88 bytes).
    Removing usbhostenum.o(i.USBHCDFeatureSet), (140 bytes).
    Removing usbhostenum.o(i.USBHCDHubDeviceConnected), (100 bytes).
    Removing usbhostenum.o(i.USBHCDHubDeviceDisconnected), (16 bytes).
    Removing usbhostenum.o(i.USBHCDInit), (256 bytes).
    Removing usbhostenum.o(i.USBHCDInitInternal), (404 bytes).
    Removing usbhostenum.o(i.USBHCDLPMResume), (12 bytes).
    Removing usbhostenum.o(i.USBHCDLPMSleep), (88 bytes).
    Removing usbhostenum.o(i.USBHCDLPMStatus), (26 bytes).
    Removing usbhostenum.o(i.USBHCDMain), (248 bytes).
    Removing usbhostenum.o(i.USBHCDPipeAlloc), (12 bytes).
    Removing usbhostenum.o(i.USBHCDPipeAllocSize), (756 bytes).
    Removing usbhostenum.o(i.USBHCDPipeConfig), (236 bytes).
    Removing usbhostenum.o(i.USBHCDPipeDataAck), (48 bytes).
    Removing usbhostenum.o(i.USBHCDPipeFree), (292 bytes).
    Removing usbhostenum.o(i.USBHCDPipeRead), (488 bytes).
    Removing usbhostenum.o(i.USBHCDPipeReadNonBlocking), (68 bytes).
    Removing usbhostenum.o(i.USBHCDPipeSchedule), (180 bytes).
    Removing usbhostenum.o(i.USBHCDPipeStatus), (4 bytes).
    Removing usbhostenum.o(i.USBHCDPipeTransferSizeGet), (28 bytes).
    Removing usbhostenum.o(i.USBHCDPipeWrite), (444 bytes).
    Removing usbhostenum.o(i.USBHCDPowerAutomatic), (20 bytes).
    Removing usbhostenum.o(i.USBHCDPowerConfigGet), (12 bytes).
    Removing usbhostenum.o(i.USBHCDPowerConfigInit), (12 bytes).
    Removing usbhostenum.o(i.USBHCDPowerConfigSet), (84 bytes).
    Removing usbhostenum.o(i.USBHCDRegisterDrivers), (16 bytes).
    Removing usbhostenum.o(i.USBHCDReset), (60 bytes).
    Removing usbhostenum.o(i.USBHCDResume), (44 bytes).
    Removing usbhostenum.o(i.USBHCDSetAddress), (84 bytes).
    Removing usbhostenum.o(i.USBHCDSetConfig), (48 bytes).
    Removing usbhostenum.o(i.USBHCDSetInterface), (50 bytes).
    Removing usbhostenum.o(i.USBHCDStringDescriptorGet), (58 bytes).
    Removing usbhostenum.o(i.USBHCDSuspend), (12 bytes).
    Removing usbhostenum.o(i.USBHCDTerm), (136 bytes).
    Removing usbhostenum.o(i.USBHostCheckPipes), (116 bytes).
    Removing usbhostenum.o(i.USBHostIntHandlerInternal), (1188 bytes).
    Removing usbhostenum.o(.bss), (1812 bytes).
    Removing usbhostenum.o(.data), (32 bytes).
    Removing usbringbuf.o(i.USBRingBufAdvanceRead), (70 bytes).
    Removing usbringbuf.o(i.USBRingBufAdvanceWrite), (84 bytes).
    Removing usbringbuf.o(i.USBRingBufContigFree), (30 bytes).
    Removing usbringbuf.o(i.USBRingBufContigUsed), (16 bytes).
    Removing usbringbuf.o(i.USBRingBufEmpty), (14 bytes).
    Removing usbringbuf.o(i.USBRingBufFlush), (26 bytes).
    Removing usbringbuf.o(i.USBRingBufFree), (22 bytes).
    Removing usbringbuf.o(i.USBRingBufFull), (26 bytes).
    Removing usbringbuf.o(i.USBRingBufInit), (12 bytes).
    Removing usbringbuf.o(i.USBRingBufRead), (82 bytes).
    Removing usbringbuf.o(i.USBRingBufReadOne), (54 bytes).
    Removing usbringbuf.o(i.USBRingBufSize), (4 bytes).
    Removing usbringbuf.o(i.USBRingBufUsed), (20 bytes).
    Removing usbringbuf.o(i.USBRingBufWrite), (80 bytes).
    Removing usbringbuf.o(i.USBRingBufWriteOne), (56 bytes).
    Removing usbtick.o(i.InternalUSBRegisterTickHandler), (52 bytes).
    Removing usbtick.o(i.InternalUSBStartOfFrameTick), (56 bytes).
    Removing usbtick.o(i.InternalUSBTickInit), (56 bytes).
    Removing usbtick.o(i.InternalUSBTickReset), (12 bytes).
    Removing usbtick.o(.bss), (48 bytes).
    Removing usbtick.o(.data), (8 bytes).
    Removing usbtick.o(.data), (4 bytes).
    Removing usbdcdesc.o(i.USBDCDConfigDescGet), (86 bytes).
    Removing usbdcdesc.o(i.USBDCDConfigDescGetNum), (54 bytes).
    Removing usbdcdesc.o(i.USBDCDConfigDescGetSize), (34 bytes).
    Removing usbdcdesc.o(i.USBDCDConfigGetInterface), (188 bytes).
    Removing usbdcdesc.o(i.USBDCDConfigGetInterfaceEndpoint), (94 bytes).
    Removing usbdcdesc.o(i.USBDCDConfigGetNumAlternateInterfaces), (88 bytes).
    Removing usbdconfig.o(i.USBDeviceConfig), (416 bytes).
    Removing usbdconfig.o(i.USBDeviceConfigAlternate), (200 bytes).
    Removing usbdesc.o(i.USBDescGet), (54 bytes).
    Removing usbdesc.o(i.USBDescGetInterface), (122 bytes).
    Removing usbdesc.o(i.USBDescGetInterfaceEndpoint), (66 bytes).
    Removing usbdesc.o(i.USBDescGetNum), (46 bytes).
    Removing usbdesc.o(i.USBDescGetNumAlternateInterfaces), (42 bytes).
    Removing usbdma.o(i.DMAUSBIntHandler), (64 bytes).
    Removing usbdma.o(i.DMAUSBIntStatusClear), (14 bytes).
    Removing usbdma.o(i.DMAUSBStatus), (4 bytes).
    Removing usbdma.o(i.USBLibDMAAddrGet), (8 bytes).
    Removing usbdma.o(i.USBLibDMAInit), (348 bytes).
    Removing usbdma.o(i.USBLibDMASizeGet), (8 bytes).
    Removing usbdma.o(i.iDMAUSBArbSizeSet), (2 bytes).
    Removing usbdma.o(i.iDMAUSBChannelAllocate), (132 bytes).
    Removing usbdma.o(i.iDMAUSBChannelDisable), (52 bytes).
    Removing usbdma.o(i.iDMAUSBChannelEnable), (82 bytes).
    Removing usbdma.o(i.iDMAUSBChannelIntDisable), (8 bytes).
    Removing usbdma.o(i.iDMAUSBChannelIntEnable), (8 bytes).
    Removing usbdma.o(i.iDMAUSBChannelRelease), (62 bytes).
    Removing usbdma.o(i.iDMAUSBChannelStatus), (56 bytes).
    Removing usbdma.o(i.iDMAUSBIntStatus), (6 bytes).
    Removing usbdma.o(i.iDMAUSBTransfer), (244 bytes).
    Removing usbdma.o(i.iDMAUSBUnitSizeSet), (2 bytes).
    Removing usbdma.o(i.uDMAUSBArbSizeSet), (104 bytes).
    Removing usbdma.o(i.uDMAUSBChannelAllocate), (192 bytes).
    Removing usbdma.o(i.uDMAUSBChannelDisable), (88 bytes).
    Removing usbdma.o(i.uDMAUSBChannelEnable), (106 bytes).
    Removing usbdma.o(i.uDMAUSBChannelIntDisable), (2 bytes).
    Removing usbdma.o(i.uDMAUSBChannelIntEnable), (2 bytes).
    Removing usbdma.o(i.uDMAUSBChannelRelease), (90 bytes).
    Removing usbdma.o(i.uDMAUSBChannelStatus), (38 bytes).
    Removing usbdma.o(i.uDMAUSBIntStatus), (52 bytes).
    Removing usbdma.o(i.uDMAUSBTransfer), (200 bytes).
    Removing usbdma.o(i.uDMAUSBUnitSizeSet), (84 bytes).
    Removing usbdma.o(.bss), (272 bytes).
    Removing usbhhub.o(i.HubDriverClose), (132 bytes).
    Removing usbhhub.o(i.HubDriverOpen), (400 bytes).
    Removing usbhhub.o(i.HubIntINCallback), (88 bytes).
    Removing usbhhub.o(i.USBHHubClose), (8 bytes).
    Removing usbhhub.o(i.USBHHubEnumerationComplete), (28 bytes).
    Removing usbhhub.o(i.USBHHubEnumerationError), (28 bytes).
    Removing usbhhub.o(i.USBHHubInit), (68 bytes).
    Removing usbhhub.o(i.USBHHubLPMSleep), (6 bytes).
    Removing usbhhub.o(i.USBHHubLPMStatus), (6 bytes).
    Removing usbhhub.o(i.USBHHubMain), (888 bytes).
    Removing usbhhub.o(i.USBHHubOpen), (20 bytes).
    Removing usbhhub.o(.bss), (156 bytes).
    Removing usbhhub.o(.constdata), (16 bytes).
    Removing usbhhub.o(.data), (8 bytes).
    Removing usbulpi.o(i.ULPIConfigSet), (90 bytes).
    Removing usbulpi.o(i.ULPIPowerTransceiver), (18 bytes).
    Removing udma.o(i.uDMAChannelAssign), (44 bytes).
    Removing udma.o(i.uDMAChannelAttributeDisable), (72 bytes).
    Removing udma.o(i.uDMAChannelAttributeEnable), (72 bytes).
    Removing udma.o(i.uDMAChannelAttributeGet), (64 bytes).
    Removing udma.o(i.uDMAChannelControlSet), (32 bytes).
    Removing udma.o(i.uDMAChannelDisable), (20 bytes).
    Removing udma.o(i.uDMAChannelEnable), (20 bytes).
    Removing udma.o(i.uDMAChannelIsEnabled), (28 bytes).
    Removing udma.o(i.uDMAChannelModeGet), (40 bytes).
    Removing udma.o(i.uDMAChannelRequest), (20 bytes).
    Removing udma.o(i.uDMAChannelScatterGatherSet), (84 bytes).
    Removing udma.o(i.uDMAChannelSelectDefault), (16 bytes).
    Removing udma.o(i.uDMAChannelSelectSecondary), (16 bytes).
    Removing udma.o(i.uDMAChannelSizeGet), (32 bytes).
    Removing udma.o(i.uDMAChannelTransferSet), (128 bytes).
    Removing udma.o(i.uDMAControlAlternateBaseGet), (12 bytes).
    Removing udma.o(i.uDMAControlBaseGet), (12 bytes).
    Removing udma.o(i.uDMAControlBaseSet), (12 bytes).
    Removing udma.o(i.uDMADisable), (12 bytes).
    Removing udma.o(i.uDMAEnable), (12 bytes).
    Removing udma.o(i.uDMAErrorStatusClear), (12 bytes).
    Removing udma.o(i.uDMAErrorStatusGet), (12 bytes).
    Removing udma.o(i.uDMAIntClear), (12 bytes).
    Removing udma.o(i.uDMAIntRegister), (18 bytes).
    Removing udma.o(i.uDMAIntStatus), (12 bytes).
    Removing udma.o(i.uDMAIntUnregister), (18 bytes).
    Removing dadd.o(.text), (334 bytes).
    Removing dmul.o(.text), (228 bytes).
    Removing ddiv.o(.text), (222 bytes).
    Removing dflti.o(.text), (34 bytes).
    Removing dfltui.o(.text), (26 bytes).
    Removing cdcmple.o(.text), (48 bytes).
    Removing cdrcmple.o(.text), (48 bytes).
    Removing d2f.o(.text), (56 bytes).
    Removing fepilogue.o(.text), (110 bytes).
    Removing depilogue.o(.text), (186 bytes).

824 unused section(s) (total 61259 bytes) removed from the image.

==============================================================================

Image Symbol Table

    Local Symbols

    Symbol Name                              Value     Ov Type        Size  Object(Section)

    RESET                                    0x00000000   Section      620  startup_tm4c123.o(RESET)
    ../clib/../cmprslib/zerorunl2.c          0x00000000   Number         0  __dczerorl2.o ABSOLUTE
    ../clib/microlib/init/entry.s            0x00000000   Number         0  entry9b.o ABSOLUTE
    ../clib/microlib/init/entry.s            0x00000000   Number         0  entry12a.o ABSOLUTE
    ../clib/microlib/init/entry.s            0x00000000   Number         0  entry11b.o ABSOLUTE
    ../clib/microlib/init/entry.s            0x00000000   Number         0  entry9a.o ABSOLUTE
    ../clib/microlib/init/entry.s            0x00000000   Number         0  entry12b.o ABSOLUTE
    ../clib/microlib/init/entry.s            0x00000000   Number         0  entry8a.o ABSOLUTE
    ../clib/microlib/init/entry.s            0x00000000   Number         0  entry11a.o ABSOLUTE
    ../clib/microlib/init/entry.s            0x00000000   Number         0  entry2.o ABSOLUTE
    ../clib/microlib/init/entry.s            0x00000000   Number         0  entry10a.o ABSOLUTE
    ../clib/microlib/init/entry.s            0x00000000   Number         0  entry5.o ABSOLUTE
    ../clib/microlib/init/entry.s            0x00000000   Number         0  entry10b.o ABSOLUTE
    ../clib/microlib/init/entry.s            0x00000000   Number         0  entry7a.o ABSOLUTE
    ../clib/microlib/init/entry.s            0x00000000   Number         0  entry7b.o ABSOLUTE
    ../clib/microlib/init/entry.s            0x00000000   Number         0  entry.o ABSOLUTE
    ../clib/microlib/init/entry.s            0x00000000   Number         0  entry8b.o ABSOLUTE
    ../clib/microlib/longlong.c              0x00000000   Number         0  llushr.o ABSOLUTE
    ../clib/microlib/longlong.c              0x00000000   Number         0  llsshr.o ABSOLUTE
    ../clib/microlib/longlong.c              0x00000000   Number         0  llshl.o ABSOLUTE
    ../clib/microlib/string/memset.c         0x00000000   Number         0  memseta.o ABSOLUTE
    ../clib/microlib/stubs.s                 0x00000000   Number         0  iusefp.o ABSOLUTE
    ../fplib/microlib/d2f.c                  0x00000000   Number         0  d2f.o ABSOLUTE
    ../fplib/microlib/fpadd.c                0x00000000   Number         0  dadd.o ABSOLUTE
    ../fplib/microlib/fpdiv.c                0x00000000   Number         0  ddiv.o ABSOLUTE
    ../fplib/microlib/fpepilogue.c           0x00000000   Number         0  depilogue.o ABSOLUTE
    ../fplib/microlib/fpepilogue.c           0x00000000   Number         0  fepilogue.o ABSOLUTE
    ../fplib/microlib/fpflt.c                0x00000000   Number         0  dfltui.o ABSOLUTE
    ../fplib/microlib/fpflt.c                0x00000000   Number         0  dflti.o ABSOLUTE
    ../fplib/microlib/fpmul.c                0x00000000   Number         0  dmul.o ABSOLUTE
    ..\APP\MoveControl.c                     0x00000000   Number         0  movecontrol.o ABSOLUTE
    ..\APP\dataCenter.c                      0x00000000   Number         0  datacenter.o ABSOLUTE
    ..\APP\laserControl.c                    0x00000000   Number         0  lasercontrol.o ABSOLUTE
    ..\DriversBsp\Ano_Math.c                 0x00000000   Number         0  ano_math.o ABSOLUTE
    ..\DriversBsp\Drv_AnoOf.c                0x00000000   Number         0  drv_anoof.o ABSOLUTE
    ..\DriversBsp\Drv_BSP.c                  0x00000000   Number         0  drv_bsp.o ABSOLUTE
    ..\DriversBsp\Drv_UbloxGPS.c             0x00000000   Number         0  drv_ubloxgps.o ABSOLUTE
    ..\DriversMcu\TM4C123\Drivers\Drv_Adc.c  0x00000000   Number         0  drv_adc.o ABSOLUTE
    ..\DriversMcu\TM4C123\Drivers\Drv_Led.c  0x00000000   Number         0  drv_led.o ABSOLUTE
    ..\DriversMcu\TM4C123\Drivers\Drv_PwmOut.c 0x00000000   Number         0  drv_pwmout.o ABSOLUTE
    ..\DriversMcu\TM4C123\Drivers\Drv_RcIn.c 0x00000000   Number         0  drv_rcin.o ABSOLUTE
    ..\DriversMcu\TM4C123\Drivers\Drv_Sys.c  0x00000000   Number         0  drv_sys.o ABSOLUTE
    ..\DriversMcu\TM4C123\Drivers\Drv_Timer.c 0x00000000   Number         0  drv_timer.o ABSOLUTE
    ..\DriversMcu\TM4C123\Drivers\Drv_Uart.c 0x00000000   Number         0  drv_uart.o ABSOLUTE
    ..\DriversMcu\TM4C123\Drivers\Drv_Usb.c  0x00000000   Number         0  drv_usb.o ABSOLUTE
    ..\DriversMcu\TM4C123\Libraries\src\startup_TM4C123.s 0x00000000   Number         0  startup_tm4c123.o ABSOLUTE
    ..\DriversMcu\TM4C123\Libraries\src\system_TM4C123.c 0x00000000   Number         0  system_tm4c123.o ABSOLUTE
    ..\DriversMcu\TM4C123\Libraries\src\usb_serial_structs.c 0x00000000   Number         0  usb_serial_structs.o ABSOLUTE
    ..\FcSrc\ANO_DT_LX.c                     0x00000000   Number         0  ano_dt_lx.o ABSOLUTE
    ..\FcSrc\ANO_LX.c                        0x00000000   Number         0  ano_lx.o ABSOLUTE
    ..\FcSrc\Ano_Scheduler.c                 0x00000000   Number         0  ano_scheduler.o ABSOLUTE
    ..\FcSrc\LX_FC_EXT_Sensor.c              0x00000000   Number         0  lx_fc_ext_sensor.o ABSOLUTE
    ..\FcSrc\LX_FC_Fun.c                     0x00000000   Number         0  lx_fc_fun.o ABSOLUTE
    ..\FcSrc\LX_FC_State.c                   0x00000000   Number         0  lx_fc_state.o ABSOLUTE
    ..\FcSrc\User_Task.c                     0x00000000   Number         0  user_task.o ABSOLUTE
    ..\FcSrc\main.c                          0x00000000   Number         0  main.o ABSOLUTE
    ..\\APP\\MoveControl.c                   0x00000000   Number         0  movecontrol.o ABSOLUTE
    ..\\APP\\dataCenter.c                    0x00000000   Number         0  datacenter.o ABSOLUTE
    ..\\APP\\laserControl.c                  0x00000000   Number         0  lasercontrol.o ABSOLUTE
    ..\\DriversBsp\\Ano_Math.c               0x00000000   Number         0  ano_math.o ABSOLUTE
    ..\\DriversBsp\\Drv_AnoOf.c              0x00000000   Number         0  drv_anoof.o ABSOLUTE
    ..\\DriversBsp\\Drv_BSP.c                0x00000000   Number         0  drv_bsp.o ABSOLUTE
    ..\\DriversBsp\\Drv_UbloxGPS.c           0x00000000   Number         0  drv_ubloxgps.o ABSOLUTE
    ..\\DriversMcu\\TM4C123\\Drivers\\Drv_Adc.c 0x00000000   Number         0  drv_adc.o ABSOLUTE
    ..\\DriversMcu\\TM4C123\\Drivers\\Drv_Led.c 0x00000000   Number         0  drv_led.o ABSOLUTE
    ..\\DriversMcu\\TM4C123\\Drivers\\Drv_PwmOut.c 0x00000000   Number         0  drv_pwmout.o ABSOLUTE
    ..\\DriversMcu\\TM4C123\\Drivers\\Drv_RcIn.c 0x00000000   Number         0  drv_rcin.o ABSOLUTE
    ..\\DriversMcu\\TM4C123\\Drivers\\Drv_Sys.c 0x00000000   Number         0  drv_sys.o ABSOLUTE
    ..\\DriversMcu\\TM4C123\\Drivers\\Drv_Timer.c 0x00000000   Number         0  drv_timer.o ABSOLUTE
    ..\\DriversMcu\\TM4C123\\Drivers\\Drv_Uart.c 0x00000000   Number         0  drv_uart.o ABSOLUTE
    ..\\DriversMcu\\TM4C123\\Drivers\\Drv_Usb.c 0x00000000   Number         0  drv_usb.o ABSOLUTE
    ..\\DriversMcu\\TM4C123\\Libraries\\src\\system_TM4C123.c 0x00000000   Number         0  system_tm4c123.o ABSOLUTE
    ..\\FcSrc\\ANO_DT_LX.c                   0x00000000   Number         0  ano_dt_lx.o ABSOLUTE
    ..\\FcSrc\\ANO_LX.c                      0x00000000   Number         0  ano_lx.o ABSOLUTE
    ..\\FcSrc\\Ano_Scheduler.c               0x00000000   Number         0  ano_scheduler.o ABSOLUTE
    ..\\FcSrc\\LX_FC_EXT_Sensor.c            0x00000000   Number         0  lx_fc_ext_sensor.o ABSOLUTE
    ..\\FcSrc\\LX_FC_Fun.c                   0x00000000   Number         0  lx_fc_fun.o ABSOLUTE
    ..\\FcSrc\\LX_FC_State.c                 0x00000000   Number         0  lx_fc_state.o ABSOLUTE
    ..\\FcSrc\\User_Task.c                   0x00000000   Number         0  user_task.o ABSOLUTE
    ..\\FcSrc\\main.c                        0x00000000   Number         0  main.o ABSOLUTE
    adc.c                                    0x00000000   Number         0  adc.o ABSOLUTE
    cdcmple.s                                0x00000000   Number         0  cdcmple.o ABSOLUTE
    cdrcmple.s                               0x00000000   Number         0  cdrcmple.o ABSOLUTE
    cpu.c                                    0x00000000   Number         0  cpu.o ABSOLUTE
    cpu.c                                    0x00000000   Number         0  cpu.o ABSOLUTE
    dc.s                                     0x00000000   Number         0  dc.o ABSOLUTE
    device\usbdcdc.c                         0x00000000   Number         0  usbdcdc.o ABSOLUTE
    device\usbdcdesc.c                       0x00000000   Number         0  usbdcdesc.o ABSOLUTE
    device\usbdconfig.c                      0x00000000   Number         0  usbdconfig.o ABSOLUTE
    device\usbdenum.c                        0x00000000   Number         0  usbdenum.o ABSOLUTE
    device\usbdhandler.c                     0x00000000   Number         0  usbdhandler.o ABSOLUTE
    gpio.c                                   0x00000000   Number         0  gpio.o ABSOLUTE
    handlers.s                               0x00000000   Number         0  handlers.o ABSOLUTE
    host\usbhhub.c                           0x00000000   Number         0  usbhhub.o ABSOLUTE
    host\usbhostenum.c                       0x00000000   Number         0  usbhostenum.o ABSOLUTE
    init.s                                   0x00000000   Number         0  init.o ABSOLUTE
    interrupt.c                              0x00000000   Number         0  interrupt.o ABSOLUTE
    sysctl.c                                 0x00000000   Number         0  sysctl.o ABSOLUTE
    sysctl.c                                 0x00000000   Number         0  sysctl.o ABSOLUTE
    timer.c                                  0x00000000   Number         0  timer.o ABSOLUTE
    uart.c                                   0x00000000   Number         0  uart.o ABSOLUTE
    udma.c                                   0x00000000   Number         0  udma.o ABSOLUTE
    usb.c                                    0x00000000   Number         0  usb.o ABSOLUTE
    usbbuffer.c                              0x00000000   Number         0  usbbuffer.o ABSOLUTE
    usbdesc.c                                0x00000000   Number         0  usbdesc.o ABSOLUTE
    usbdma.c                                 0x00000000   Number         0  usbdma.o ABSOLUTE
    usbmode.c                                0x00000000   Number         0  usbmode.o ABSOLUTE
    usbringbuf.c                             0x00000000   Number         0  usbringbuf.o ABSOLUTE
    usbtick.c                                0x00000000   Number         0  usbtick.o ABSOLUTE
    usbulpi.c                                0x00000000   Number         0  usbulpi.o ABSOLUTE
    .ARM.Collect$$$$00000000                 0x0000026c   Section        0  entry.o(.ARM.Collect$$$$00000000)
    .ARM.Collect$$$$00000001                 0x0000026c   Section        4  entry2.o(.ARM.Collect$$$$00000001)
    .ARM.Collect$$$$00000004                 0x00000270   Section        4  entry5.o(.ARM.Collect$$$$00000004)
    .ARM.Collect$$$$00000008                 0x00000274   Section        0  entry7b.o(.ARM.Collect$$$$00000008)
    .ARM.Collect$$$$0000000A                 0x00000274   Section        0  entry8b.o(.ARM.Collect$$$$0000000A)
    .ARM.Collect$$$$0000000B                 0x00000274   Section        8  entry9a.o(.ARM.Collect$$$$0000000B)
    .ARM.Collect$$$$0000000E                 0x0000027c   Section        4  entry12b.o(.ARM.Collect$$$$0000000E)
    .ARM.Collect$$$$0000000F                 0x00000280   Section        0  entry10a.o(.ARM.Collect$$$$0000000F)
    .ARM.Collect$$$$00000011                 0x00000280   Section        0  entry11a.o(.ARM.Collect$$$$00000011)
    .ARM.Collect$$$$00002712                 0x00000280   Section        4  entry2.o(.ARM.Collect$$$$00002712)
    __lit__00000000                          0x00000280   Data           4  entry2.o(.ARM.Collect$$$$00002712)
    .text                                    0x00000284   Section      252  startup_tm4c123.o(.text)
    $v0                                      0x00000284   Number         0  startup_tm4c123.o(.text)
    .text                                    0x00000380   Section        0  memseta.o(.text)
    .text                                    0x000003a4   Section       36  init.o(.text)
    .text                                    0x000003c8   Section        0  __dczerorl2.o(.text)
    i.All_Init                               0x0000041e   Section        0  drv_bsp.o(i.All_Init)
    i.BarcodeScanner_DataAnl                 0x00000470   Section        0  datacenter.o(i.BarcodeScanner_DataAnl)
    i.BarcodeScanner_GetOneByte              0x000004e4   Section        0  datacenter.o(i.BarcodeScanner_GetOneByte)
    i.Barcode_Blink                          0x0000056c   Section        0  datacenter.o(i.Barcode_Blink)
    i.Barcode_Blink_Init                     0x000005b4   Section        0  datacenter.o(i.Barcode_Blink_Init)
    i.DrvSysInit                             0x000005d8   Section        0  drv_sys.o(i.DrvSysInit)
    i.DrvTimerFcInit                         0x00000628   Section        0  drv_timer.o(i.DrvTimerFcInit)
    i.DrvUart2Init                           0x000006a4   Section        0  drv_uart.o(i.DrvUart2Init)
    i.DrvUart2SendBuf                        0x0000077c   Section        0  drv_uart.o(i.DrvUart2SendBuf)
    i.DrvUart2TxCheck                        0x000007b0   Section        0  drv_uart.o(i.DrvUart2TxCheck)
    i.DrvUart3Init                           0x000007f4   Section        0  drv_uart.o(i.DrvUart3Init)
    i.DrvUart3SendBuf                        0x000008cc   Section        0  drv_uart.o(i.DrvUart3SendBuf)
    i.DrvUart3TxCheck                        0x00000900   Section        0  drv_uart.o(i.DrvUart3TxCheck)
    i.DrvUart4Init                           0x00000944   Section        0  drv_uart.o(i.DrvUart4Init)
    i.DrvUart4TxCheck                        0x00000a1c   Section        0  drv_uart.o(i.DrvUart4TxCheck)
    i.DrvUart5Init                           0x00000a60   Section        0  drv_uart.o(i.DrvUart5Init)
    i.DrvUart5TxCheck                        0x00000b54   Section        0  drv_uart.o(i.DrvUart5TxCheck)
    i.DrvUart6Init                           0x00000b98   Section        0  drv_uart.o(i.DrvUart6Init)
    i.DrvUart6TxCheck                        0x00000c70   Section        0  drv_uart.o(i.DrvUart6TxCheck)
    i.DrvUart7Init                           0x00000cb4   Section        0  drv_uart.o(i.DrvUart7Init)
    i.DrvUart7SendBuf                        0x00000d8c   Section        0  drv_uart.o(i.DrvUart7SendBuf)
    i.DrvUart7TxCheck                        0x00000dc0   Section        0  drv_uart.o(i.DrvUart7TxCheck)
    i.GPIOPinWrite                           0x00000e04   Section        0  gpio.o(i.GPIOPinWrite)
    i.GetSysRunTimeMs                        0x00000e0c   Section        0  drv_sys.o(i.GetSysRunTimeMs)
    i.IntEnable                              0x00000e18   Section        0  interrupt.o(i.IntEnable)
    i.IntRegister                            0x00000e7c   Section        0  interrupt.o(i.IntRegister)
    i.Jetson_DataAnl                         0x00000eb0   Section        0  datacenter.o(i.Jetson_DataAnl)
    i.Jetson_GetOneByte                      0x00000f9c   Section        0  datacenter.o(i.Jetson_GetOneByte)
    i.K210_DataAnl                           0x000010a8   Section        0  datacenter.o(i.K210_DataAnl)
    i.K210_GetOneByte                        0x000010ec   Section        0  datacenter.o(i.K210_GetOneByte)
    i.Laser_Init                             0x000011f8   Section        0  lasercontrol.o(i.Laser_Init)
    i.Laser_Off                              0x00001228   Section        0  lasercontrol.o(i.Laser_Off)
    i.Laser_On                               0x00001238   Section        0  lasercontrol.o(i.Laser_On)
    i.Loop_1000Hz                            0x00001248   Section        0  ano_scheduler.o(i.Loop_1000Hz)
    Loop_1000Hz                              0x00001249   Thumb Code     2  ano_scheduler.o(i.Loop_1000Hz)
    i.Loop_100Hz                             0x0000124a   Section        0  ano_scheduler.o(i.Loop_100Hz)
    Loop_100Hz                               0x0000124b   Thumb Code     2  ano_scheduler.o(i.Loop_100Hz)
    i.Loop_200Hz                             0x0000124c   Section        0  ano_scheduler.o(i.Loop_200Hz)
    Loop_200Hz                               0x0000124d   Thumb Code     2  ano_scheduler.o(i.Loop_200Hz)
    i.Loop_20Hz                              0x0000124e   Section        0  ano_scheduler.o(i.Loop_20Hz)
    Loop_20Hz                                0x0000124f   Thumb Code     2  ano_scheduler.o(i.Loop_20Hz)
    i.Loop_2Hz                               0x00001250   Section        0  ano_scheduler.o(i.Loop_2Hz)
    Loop_2Hz                                 0x00001251   Thumb Code    28  ano_scheduler.o(i.Loop_2Hz)
    i.Loop_500Hz                             0x00001270   Section        0  ano_scheduler.o(i.Loop_500Hz)
    Loop_500Hz                               0x00001271   Thumb Code     2  ano_scheduler.o(i.Loop_500Hz)
    i.Loop_50Hz                              0x00001272   Section        0  ano_scheduler.o(i.Loop_50Hz)
    Loop_50Hz                                0x00001273   Thumb Code     2  ano_scheduler.o(i.Loop_50Hz)
    i.MainBoard_BeginCompassCalibration      0x00001274   Section        0  datacenter.o(i.MainBoard_BeginCompassCalibration)
    i.MainBoard_BeginLevelCalibration        0x00001294   Section        0  datacenter.o(i.MainBoard_BeginLevelCalibration)
    i.MainBoard_BeginSixSidesCalibration     0x000012b4   Section        0  datacenter.o(i.MainBoard_BeginSixSidesCalibration)
    i.MainBoard_DataAnl                      0x000012d4   Section        0  datacenter.o(i.MainBoard_DataAnl)
    i.MainBoard_GetOneByte                   0x00001354   Section        0  datacenter.o(i.MainBoard_GetOneByte)
    i.MainBoard_Unlock                       0x00001460   Section        0  datacenter.o(i.MainBoard_Unlock)
    i.MyDelayMs                              0x00001480   Section        0  drv_sys.o(i.MyDelayMs)
    i.OpenMV_DataAnl                         0x000014a4   Section        0  datacenter.o(i.OpenMV_DataAnl)
    i.OpenMV_GetOneByte                      0x00001544   Section        0  datacenter.o(i.OpenMV_GetOneByte)
    i.OpenMV_RequestLAB                      0x00001660   Section        0  datacenter.o(i.OpenMV_RequestLAB)
    i.OpenMV_SetLAB                          0x0000167c   Section        0  datacenter.o(i.OpenMV_SetLAB)
    i.Scheduler_Run                          0x00001708   Section        0  ano_scheduler.o(i.Scheduler_Run)
    i.Scheduler_Setup                        0x00001758   Section        0  ano_scheduler.o(i.Scheduler_Setup)
    i.Screen_BackData                        0x000017a8   Section        0  datacenter.o(i.Screen_BackData)
    i.Screen_DataAnl                         0x00001820   Section        0  datacenter.o(i.Screen_DataAnl)
    i.Screen_GetOneByte                      0x000018fc   Section        0  datacenter.o(i.Screen_GetOneByte)
    i.SysCtlClockGet                         0x00001a54   Section        0  sysctl.o(i.SysCtlClockGet)
    i.SysTick_Handler                        0x00001ba8   Section        0  drv_sys.o(i.SysTick_Handler)
    i.SysTick_Init                           0x00001bc0   Section        0  drv_sys.o(i.SysTick_Init)
    i.SystemInit                             0x00001bf8   Section        0  system_tm4c123.o(i.SystemInit)
    i.Timer0Irq                              0x00001c90   Section        0  drv_timer.o(i.Timer0Irq)
    i.TimerIntClear                          0x00001ca0   Section        0  timer.o(i.TimerIntClear)
    i.TimerIntRegister                       0x00001ca4   Section        0  timer.o(i.TimerIntRegister)
    i.UART2_IRQHandler                       0x00001d0c   Section        0  drv_uart.o(i.UART2_IRQHandler)
    i.UART3_IRQHandler                       0x00001d64   Section        0  drv_uart.o(i.UART3_IRQHandler)
    i.UART4_IRQHandler                       0x00001dbc   Section        0  drv_uart.o(i.UART4_IRQHandler)
    i.UART5_IRQHandler                       0x00001e14   Section        0  drv_uart.o(i.UART5_IRQHandler)
    i.UART6_IRQHandler                       0x00001e6c   Section        0  drv_uart.o(i.UART6_IRQHandler)
    i.UART7_IRQHandler                       0x00001ec4   Section        0  drv_uart.o(i.UART7_IRQHandler)
    i.UARTIntRegister                        0x00001f1c   Section        0  uart.o(i.UARTIntRegister)
    i.__scatterload_copy                     0x00001f74   Section       14  handlers.o(i.__scatterload_copy)
    i.__scatterload_null                     0x00001f82   Section        2  handlers.o(i.__scatterload_null)
    i.__scatterload_zeroinit                 0x00001f84   Section       14  handlers.o(i.__scatterload_zeroinit)
    i.check_color                            0x00001f94   Section        0  datacenter.o(i.check_color)
    i.main                                   0x00001fac   Section        0  main.o(i.main)
    i.send_t265_data                         0x00001fbc   Section        0  datacenter.o(i.send_t265_data)
    i.sent_Control_ToANO                     0x000020c8   Section        0  datacenter.o(i.sent_Control_ToANO)
    .constdata                               0x00002104   Section      596  sysctl.o(.constdata)
    g_pui32VCOFrequencies                    0x00002104   Data           8  sysctl.o(.constdata)
    g_pui32Xtals                             0x0000210c   Data         108  sysctl.o(.constdata)
    g_pppui32XTALtoVCO                       0x00002178   Data         432  sysctl.o(.constdata)
    g_sXTALtoMEMTIM                          0x00002328   Data          48  sysctl.o(.constdata)
    .constdata                               0x00002358   Section      160  timer.o(.constdata)
    g_ppui32TimerIntMap                      0x00002358   Data          96  timer.o(.constdata)
    g_ppui32TimerIntMapSnowflake             0x000023b8   Data          64  timer.o(.constdata)
    .constdata                               0x000023f8   Section      128  uart.o(.constdata)
    g_ppui32UARTIntMap                       0x000023f8   Data          64  uart.o(.constdata)
    g_ppui32UARTIntMapSnowflake              0x00002438   Data          64  uart.o(.constdata)
    .constdata                               0x00002478   Section      268  interrupt.o(.constdata)
    g_pui32Priority                          0x00002478   Data          32  interrupt.o(.constdata)
    g_pui32Regs                              0x00002498   Data         156  interrupt.o(.constdata)
    g_pui32EnRegs                            0x00002534   Data          20  interrupt.o(.constdata)
    g_pui32Dii16Regs                         0x00002548   Data          20  interrupt.o(.constdata)
    g_pui32PendRegs                          0x0000255c   Data          20  interrupt.o(.constdata)
    g_pui32UnpendRegs                        0x00002570   Data          20  interrupt.o(.constdata)
    .data                                    0x20000000   Section       84  ano_scheduler.o(.data)
    sched_tasks                              0x20000000   Data          84  ano_scheduler.o(.data)
    .data                                    0x20000058   Section        8  drv_sys.o(.data)
    SysRunTimeMs                             0x20000058   Data           8  drv_sys.o(.data)
    .data                                    0x20000060   Section       14  drv_uart.o(.data)
    .data                                    0x2000006e   Section       83  datacenter.o(.data)
    minL                                     0x2000006e   Data           1  datacenter.o(.data)
    maxL                                     0x2000006f   Data           1  datacenter.o(.data)
    minA                                     0x20000070   Data           1  datacenter.o(.data)
    maxA                                     0x20000071   Data           1  datacenter.o(.data)
    minB                                     0x20000072   Data           1  datacenter.o(.data)
    maxB                                     0x20000073   Data           1  datacenter.o(.data)
    t265_x_velocity_cmps                     0x20000074   Data           2  datacenter.o(.data)
    t265_y_velocity_cmps                     0x20000076   Data           2  datacenter.o(.data)
    t265_z_velocity_cmps                     0x20000078   Data           2  datacenter.o(.data)
    t265_x_position                          0x2000007a   Data           2  datacenter.o(.data)
    t265_y_position                          0x2000007c   Data           2  datacenter.o(.data)
    t265_z_position                          0x2000007e   Data           2  datacenter.o(.data)
    _data_len_u2                             0x2000008b   Data           1  datacenter.o(.data)
    _data_cnt_u2                             0x2000008c   Data           1  datacenter.o(.data)
    rxstate_u2                               0x2000008d   Data           1  datacenter.o(.data)
    _data_len_u3                             0x2000008e   Data           1  datacenter.o(.data)
    _data_cnt_u3                             0x2000008f   Data           1  datacenter.o(.data)
    rxstate_u3                               0x20000090   Data           1  datacenter.o(.data)
    _data_len_u4                             0x20000091   Data           1  datacenter.o(.data)
    _data_cnt_u4                             0x20000092   Data           1  datacenter.o(.data)
    rxstate_u4                               0x20000093   Data           1  datacenter.o(.data)
    _data_len_u5                             0x20000094   Data           1  datacenter.o(.data)
    _data_cnt_u5                             0x20000095   Data           1  datacenter.o(.data)
    rxstate_u5                               0x20000096   Data           1  datacenter.o(.data)
    BarcodeScanner_STA                       0x20000097   Data           1  datacenter.o(.data)
    _data_len_u7                             0x20000098   Data           1  datacenter.o(.data)
    _data_cnt_u7                             0x20000099   Data           1  datacenter.o(.data)
    rxstate_u7                               0x2000009a   Data           1  datacenter.o(.data)
    check_sum1_len                           0x2000009b   Data           1  datacenter.o(.data)
    check_sum2_len                           0x2000009c   Data           1  datacenter.o(.data)
    Screen_Buf                               0x2000009d   Data          36  datacenter.o(.data)
    vtable                                   0x20000400   Section      620  interrupt.o(vtable)
    g_pfnRAMVectors                          0x20000400   Data         620  interrupt.o(vtable)
    .bss                                     0x2000066c   Section     1792  drv_uart.o(.bss)
    .bss                                     0x20000d6c   Section      700  datacenter.o(.bss)
    MainBoard_datatemp                       0x20000d6c   Data         100  datacenter.o(.bss)
    OpenMV_datatemp                          0x20000dd0   Data         100  datacenter.o(.bss)
    K210_datatemp                            0x20000e34   Data         100  datacenter.o(.bss)
    Jetson_datatemp                          0x20000e98   Data         100  datacenter.o(.bss)
    BarcodeScanner_datatemp                  0x20000efc   Data         100  datacenter.o(.bss)
    Screen_datatemp                          0x20000f60   Data         100  datacenter.o(.bss)
    Jetson_datatemp_tx                       0x20000fc4   Data         100  datacenter.o(.bss)
    STACK                                    0x20001028   Section     2560  startup_tm4c123.o(STACK)

    Global Symbols

    Symbol Name                              Value     Ov Type        Size  Object(Section)

    BuildAttributes$$THM_ISAv4$E$P$D$K$B$S$7EM$VFPi3$EXTD16$VFPS$VFMA$PE$A:L22UL41UL21$X:L11$S22US41US21$IEEE1$IW$USESV6$~STKCKD$USESV7$~SHL$OTIME$ROPI$EBA8$MICROLIB$REQ8$PRES8$EABIv2 0x00000000   Number         0  anon$$obj.o ABSOLUTE
    __ARM_use_no_argv                        0x00000000   Number         0  main.o ABSOLUTE
    __Vectors                                0x00000000   Data           4  startup_tm4c123.o(RESET)
    __arm_fini_                               - Undefined Weak Reference
    __cpp_initialize__aeabi_                  - Undefined Weak Reference
    __cxa_finalize                            - Undefined Weak Reference
    _clock_init                               - Undefined Weak Reference
    _microlib_exit                            - Undefined Weak Reference
    __Vectors_End                            0x0000026c   Data           0  startup_tm4c123.o(RESET)
    __Vectors_Size                           0x0000026c   Number         0  startup_tm4c123.o ABSOLUTE
    __main                                   0x0000026d   Thumb Code     0  entry.o(.ARM.Collect$$$$00000000)
    _main_stk                                0x0000026d   Thumb Code     0  entry2.o(.ARM.Collect$$$$00000001)
    _main_scatterload                        0x00000271   Thumb Code     0  entry5.o(.ARM.Collect$$$$00000004)
    __main_after_scatterload                 0x00000275   Thumb Code     0  entry5.o(.ARM.Collect$$$$00000004)
    _main_clock                              0x00000275   Thumb Code     0  entry7b.o(.ARM.Collect$$$$00000008)
    _main_cpp_init                           0x00000275   Thumb Code     0  entry8b.o(.ARM.Collect$$$$0000000A)
    _main_init                               0x00000275   Thumb Code     0  entry9a.o(.ARM.Collect$$$$0000000B)
    __rt_lib_shutdown_fini                   0x0000027d   Thumb Code     0  entry12b.o(.ARM.Collect$$$$0000000E)
    __rt_final_cpp                           0x00000281   Thumb Code     0  entry10a.o(.ARM.Collect$$$$0000000F)
    __rt_final_exit                          0x00000281   Thumb Code     0  entry11a.o(.ARM.Collect$$$$00000011)
    Reset_Handler                            0x00000285   Thumb Code     8  startup_tm4c123.o(.text)
    NMI_Handler                              0x0000028d   Thumb Code     2  startup_tm4c123.o(.text)
    HardFault_Handler                        0x0000028f   Thumb Code     2  startup_tm4c123.o(.text)
    MemManage_Handler                        0x00000291   Thumb Code     2  startup_tm4c123.o(.text)
    BusFault_Handler                         0x00000293   Thumb Code     2  startup_tm4c123.o(.text)
    UsageFault_Handler                       0x00000295   Thumb Code     2  startup_tm4c123.o(.text)
    SVC_Handler                              0x00000297   Thumb Code     2  startup_tm4c123.o(.text)
    DebugMon_Handler                         0x00000299   Thumb Code     2  startup_tm4c123.o(.text)
    PendSV_Handler                           0x0000029b   Thumb Code     2  startup_tm4c123.o(.text)
    GPIOA_Handler                            0x0000029f   Thumb Code     2  startup_tm4c123.o(.text)
    GPIOB_Handler                            0x000002a1   Thumb Code     2  startup_tm4c123.o(.text)
    GPIOC_Handler                            0x000002a3   Thumb Code     2  startup_tm4c123.o(.text)
    GPIOD_Handler                            0x000002a5   Thumb Code     2  startup_tm4c123.o(.text)
    GPIOE_Handler                            0x000002a7   Thumb Code     2  startup_tm4c123.o(.text)
    UART0_Handler                            0x000002a9   Thumb Code     2  startup_tm4c123.o(.text)
    UART1_Handler                            0x000002ab   Thumb Code     2  startup_tm4c123.o(.text)
    SSI0_Handler                             0x000002ad   Thumb Code     2  startup_tm4c123.o(.text)
    I2C0_Handler                             0x000002af   Thumb Code     2  startup_tm4c123.o(.text)
    PMW0_FAULT_Handler                       0x000002b1   Thumb Code     2  startup_tm4c123.o(.text)
    PWM0_0_Handler                           0x000002b3   Thumb Code     2  startup_tm4c123.o(.text)
    PWM0_1_Handler                           0x000002b5   Thumb Code     2  startup_tm4c123.o(.text)
    PWM0_2_Handler                           0x000002b7   Thumb Code     2  startup_tm4c123.o(.text)
    QEI0_Handler                             0x000002b9   Thumb Code     2  startup_tm4c123.o(.text)
    ADC0SS0_Handler                          0x000002bb   Thumb Code     2  startup_tm4c123.o(.text)
    ADC0SS1_Handler                          0x000002bd   Thumb Code     2  startup_tm4c123.o(.text)
    ADC0SS2_Handler                          0x000002bf   Thumb Code     2  startup_tm4c123.o(.text)
    ADC0SS3_Handler                          0x000002c1   Thumb Code     2  startup_tm4c123.o(.text)
    WDT0_Handler                             0x000002c3   Thumb Code     2  startup_tm4c123.o(.text)
    TIMER0A_Handler                          0x000002c5   Thumb Code     2  startup_tm4c123.o(.text)
    TIMER0B_Handler                          0x000002c7   Thumb Code     2  startup_tm4c123.o(.text)
    TIMER1A_Handler                          0x000002c9   Thumb Code     2  startup_tm4c123.o(.text)
    TIMER1B_Handler                          0x000002cb   Thumb Code     2  startup_tm4c123.o(.text)
    TIMER2A_Handler                          0x000002cd   Thumb Code     2  startup_tm4c123.o(.text)
    TIMER2B_Handler                          0x000002cf   Thumb Code     2  startup_tm4c123.o(.text)
    COMP0_Handler                            0x000002d1   Thumb Code     2  startup_tm4c123.o(.text)
    COMP1_Handler                            0x000002d3   Thumb Code     2  startup_tm4c123.o(.text)
    COMP2_Handler                            0x000002d5   Thumb Code     2  startup_tm4c123.o(.text)
    SYSCTL_Handler                           0x000002d7   Thumb Code     2  startup_tm4c123.o(.text)
    FLASH_Handler                            0x000002d9   Thumb Code     2  startup_tm4c123.o(.text)
    GPIOF_Handler                            0x000002db   Thumb Code     2  startup_tm4c123.o(.text)
    GPIOG_Handler                            0x000002dd   Thumb Code     2  startup_tm4c123.o(.text)
    GPIOH_Handler                            0x000002df   Thumb Code     2  startup_tm4c123.o(.text)
    UART2_Handler                            0x000002e1   Thumb Code     2  startup_tm4c123.o(.text)
    SSI1_Handler                             0x000002e3   Thumb Code     2  startup_tm4c123.o(.text)
    TIMER3A_Handler                          0x000002e5   Thumb Code     2  startup_tm4c123.o(.text)
    TIMER3B_Handler                          0x000002e7   Thumb Code     2  startup_tm4c123.o(.text)
    I2C1_Handler                             0x000002e9   Thumb Code     2  startup_tm4c123.o(.text)
    QEI1_Handler                             0x000002eb   Thumb Code     2  startup_tm4c123.o(.text)
    CAN0_Handler                             0x000002ed   Thumb Code     2  startup_tm4c123.o(.text)
    CAN1_Handler                             0x000002ef   Thumb Code     2  startup_tm4c123.o(.text)
    CAN2_Handler                             0x000002f1   Thumb Code     2  startup_tm4c123.o(.text)
    HIB_Handler                              0x000002f3   Thumb Code     2  startup_tm4c123.o(.text)
    USB0_Handler                             0x000002f5   Thumb Code     2  startup_tm4c123.o(.text)
    PWM0_3_Handler                           0x000002f7   Thumb Code     2  startup_tm4c123.o(.text)
    UDMA_Handler                             0x000002f9   Thumb Code     2  startup_tm4c123.o(.text)
    UDMAERR_Handler                          0x000002fb   Thumb Code     2  startup_tm4c123.o(.text)
    ADC1SS0_Handler                          0x000002fd   Thumb Code     2  startup_tm4c123.o(.text)
    ADC1SS1_Handler                          0x000002ff   Thumb Code     2  startup_tm4c123.o(.text)
    ADC1SS2_Handler                          0x00000301   Thumb Code     2  startup_tm4c123.o(.text)
    ADC1SS3_Handler                          0x00000303   Thumb Code     2  startup_tm4c123.o(.text)
    GPIOJ_Handler                            0x00000305   Thumb Code     2  startup_tm4c123.o(.text)
    GPIOK_Handler                            0x00000307   Thumb Code     2  startup_tm4c123.o(.text)
    GPIOL_Handler                            0x00000309   Thumb Code     2  startup_tm4c123.o(.text)
    SSI2_Handler                             0x0000030b   Thumb Code     2  startup_tm4c123.o(.text)
    SSI3_Handler                             0x0000030d   Thumb Code     2  startup_tm4c123.o(.text)
    UART3_Handler                            0x0000030f   Thumb Code     2  startup_tm4c123.o(.text)
    UART4_Handler                            0x00000311   Thumb Code     2  startup_tm4c123.o(.text)
    UART5_Handler                            0x00000313   Thumb Code     2  startup_tm4c123.o(.text)
    UART6_Handler                            0x00000315   Thumb Code     2  startup_tm4c123.o(.text)
    UART7_Handler                            0x00000317   Thumb Code     2  startup_tm4c123.o(.text)
    I2C2_Handler                             0x00000319   Thumb Code     2  startup_tm4c123.o(.text)
    I2C3_Handler                             0x0000031b   Thumb Code     2  startup_tm4c123.o(.text)
    TIMER4A_Handler                          0x0000031d   Thumb Code     2  startup_tm4c123.o(.text)
    TIMER4B_Handler                          0x0000031f   Thumb Code     2  startup_tm4c123.o(.text)
    TIMER5A_Handler                          0x00000321   Thumb Code     2  startup_tm4c123.o(.text)
    TIMER5B_Handler                          0x00000323   Thumb Code     2  startup_tm4c123.o(.text)
    WTIMER0A_Handler                         0x00000325   Thumb Code     2  startup_tm4c123.o(.text)
    WTIMER0B_Handler                         0x00000327   Thumb Code     2  startup_tm4c123.o(.text)
    WTIMER1A_Handler                         0x00000329   Thumb Code     2  startup_tm4c123.o(.text)
    WTIMER1B_Handler                         0x0000032b   Thumb Code     2  startup_tm4c123.o(.text)
    WTIMER2A_Handler                         0x0000032d   Thumb Code     2  startup_tm4c123.o(.text)
    WTIMER2B_Handler                         0x0000032f   Thumb Code     2  startup_tm4c123.o(.text)
    WTIMER3A_Handler                         0x00000331   Thumb Code     2  startup_tm4c123.o(.text)
    WTIMER3B_Handler                         0x00000333   Thumb Code     2  startup_tm4c123.o(.text)
    WTIMER4A_Handler                         0x00000335   Thumb Code     2  startup_tm4c123.o(.text)
    WTIMER4B_Handler                         0x00000337   Thumb Code     2  startup_tm4c123.o(.text)
    WTIMER5A_Handler                         0x00000339   Thumb Code     2  startup_tm4c123.o(.text)
    WTIMER5B_Handler                         0x0000033b   Thumb Code     2  startup_tm4c123.o(.text)
    FPU_Handler                              0x0000033d   Thumb Code     2  startup_tm4c123.o(.text)
    I2C4_Handler                             0x0000033f   Thumb Code     2  startup_tm4c123.o(.text)
    I2C5_Handler                             0x00000341   Thumb Code     2  startup_tm4c123.o(.text)
    GPIOM_Handler                            0x00000343   Thumb Code     2  startup_tm4c123.o(.text)
    GPION_Handler                            0x00000345   Thumb Code     2  startup_tm4c123.o(.text)
    QEI2_Handler                             0x00000347   Thumb Code     2  startup_tm4c123.o(.text)
    GPIOP0_Handler                           0x00000349   Thumb Code     2  startup_tm4c123.o(.text)
    GPIOP1_Handler                           0x0000034b   Thumb Code     2  startup_tm4c123.o(.text)
    GPIOP2_Handler                           0x0000034d   Thumb Code     2  startup_tm4c123.o(.text)
    GPIOP3_Handler                           0x0000034f   Thumb Code     2  startup_tm4c123.o(.text)
    GPIOP4_Handler                           0x00000351   Thumb Code     2  startup_tm4c123.o(.text)
    GPIOP5_Handler                           0x00000353   Thumb Code     2  startup_tm4c123.o(.text)
    GPIOP6_Handler                           0x00000355   Thumb Code     2  startup_tm4c123.o(.text)
    GPIOP7_Handler                           0x00000357   Thumb Code     2  startup_tm4c123.o(.text)
    GPIOQ0_Handler                           0x00000359   Thumb Code     2  startup_tm4c123.o(.text)
    GPIOQ1_Handler                           0x0000035b   Thumb Code     2  startup_tm4c123.o(.text)
    GPIOQ2_Handler                           0x0000035d   Thumb Code     2  startup_tm4c123.o(.text)
    GPIOQ3_Handler                           0x0000035f   Thumb Code     2  startup_tm4c123.o(.text)
    GPIOQ4_Handler                           0x00000361   Thumb Code     2  startup_tm4c123.o(.text)
    GPIOQ5_Handler                           0x00000363   Thumb Code     2  startup_tm4c123.o(.text)
    GPIOQ6_Handler                           0x00000365   Thumb Code     2  startup_tm4c123.o(.text)
    GPIOQ7_Handler                           0x00000367   Thumb Code     2  startup_tm4c123.o(.text)
    GPIOR_Handler                            0x00000369   Thumb Code     2  startup_tm4c123.o(.text)
    GPIOS_Handler                            0x0000036b   Thumb Code     2  startup_tm4c123.o(.text)
    PMW1_0_Handler                           0x0000036d   Thumb Code     2  startup_tm4c123.o(.text)
    PWM1_1_Handler                           0x0000036f   Thumb Code     2  startup_tm4c123.o(.text)
    PWM1_2_Handler                           0x00000371   Thumb Code     2  startup_tm4c123.o(.text)
    PWM1_3_Handler                           0x00000373   Thumb Code     2  startup_tm4c123.o(.text)
    PWM1_FAULT_Handler                       0x00000375   Thumb Code     2  startup_tm4c123.o(.text)
    __aeabi_memset                           0x00000381   Thumb Code    14  memseta.o(.text)
    __aeabi_memset4                          0x00000381   Thumb Code     0  memseta.o(.text)
    __aeabi_memset8                          0x00000381   Thumb Code     0  memseta.o(.text)
    __aeabi_memclr                           0x0000038f   Thumb Code     4  memseta.o(.text)
    __aeabi_memclr4                          0x0000038f   Thumb Code     0  memseta.o(.text)
    __aeabi_memclr8                          0x0000038f   Thumb Code     0  memseta.o(.text)
    _memset$wrapper                          0x00000393   Thumb Code    18  memseta.o(.text)
    __scatterload                            0x000003a5   Thumb Code    28  init.o(.text)
    __scatterload_rt2                        0x000003a5   Thumb Code     0  init.o(.text)
    __decompress                             0x000003c9   Thumb Code     0  __dczerorl2.o(.text)
    __decompress1                            0x000003c9   Thumb Code    86  __dczerorl2.o(.text)
    All_Init                                 0x0000041f   Thumb Code    82  drv_bsp.o(i.All_Init)
    BarcodeScanner_DataAnl                   0x00000471   Thumb Code   108  datacenter.o(i.BarcodeScanner_DataAnl)
    BarcodeScanner_GetOneByte                0x000004e5   Thumb Code   126  datacenter.o(i.BarcodeScanner_GetOneByte)
    Barcode_Blink                            0x0000056d   Thumb Code    68  datacenter.o(i.Barcode_Blink)
    Barcode_Blink_Init                       0x000005b5   Thumb Code    32  datacenter.o(i.Barcode_Blink_Init)
    DrvSysInit                               0x000005d9   Thumb Code    68  drv_sys.o(i.DrvSysInit)
    DrvTimerFcInit                           0x00000629   Thumb Code   110  drv_timer.o(i.DrvTimerFcInit)
    DrvUart2Init                             0x000006a5   Thumb Code   188  drv_uart.o(i.DrvUart2Init)
    DrvUart2SendBuf                          0x0000077d   Thumb Code    42  drv_uart.o(i.DrvUart2SendBuf)
    DrvUart2TxCheck                          0x000007b1   Thumb Code    52  drv_uart.o(i.DrvUart2TxCheck)
    DrvUart3Init                             0x000007f5   Thumb Code   188  drv_uart.o(i.DrvUart3Init)
    DrvUart3SendBuf                          0x000008cd   Thumb Code    42  drv_uart.o(i.DrvUart3SendBuf)
    DrvUart3TxCheck                          0x00000901   Thumb Code    52  drv_uart.o(i.DrvUart3TxCheck)
    DrvUart4Init                             0x00000945   Thumb Code   188  drv_uart.o(i.DrvUart4Init)
    DrvUart4TxCheck                          0x00000a1d   Thumb Code    52  drv_uart.o(i.DrvUart4TxCheck)
    DrvUart5Init                             0x00000a61   Thumb Code   206  drv_uart.o(i.DrvUart5Init)
    DrvUart5TxCheck                          0x00000b55   Thumb Code    52  drv_uart.o(i.DrvUart5TxCheck)
    DrvUart6Init                             0x00000b99   Thumb Code   190  drv_uart.o(i.DrvUart6Init)
    DrvUart6TxCheck                          0x00000c71   Thumb Code    52  drv_uart.o(i.DrvUart6TxCheck)
    DrvUart7Init                             0x00000cb5   Thumb Code   188  drv_uart.o(i.DrvUart7Init)
    DrvUart7SendBuf                          0x00000d8d   Thumb Code    42  drv_uart.o(i.DrvUart7SendBuf)
    DrvUart7TxCheck                          0x00000dc1   Thumb Code    52  drv_uart.o(i.DrvUart7TxCheck)
    GPIOPinWrite                             0x00000e05   Thumb Code     6  gpio.o(i.GPIOPinWrite)
    GetSysRunTimeMs                          0x00000e0d   Thumb Code     6  drv_sys.o(i.GetSysRunTimeMs)
    IntEnable                                0x00000e19   Thumb Code    92  interrupt.o(i.IntEnable)
    IntRegister                              0x00000e7d   Thumb Code    44  interrupt.o(i.IntRegister)
    Jetson_DataAnl                           0x00000eb1   Thumb Code   206  datacenter.o(i.Jetson_DataAnl)
    Jetson_GetOneByte                        0x00000f9d   Thumb Code   252  datacenter.o(i.Jetson_GetOneByte)
    K210_DataAnl                             0x000010a9   Thumb Code    66  datacenter.o(i.K210_DataAnl)
    K210_GetOneByte                          0x000010ed   Thumb Code   252  datacenter.o(i.K210_GetOneByte)
    Laser_Init                               0x000011f9   Thumb Code    44  lasercontrol.o(i.Laser_Init)
    Laser_Off                                0x00001229   Thumb Code    16  lasercontrol.o(i.Laser_Off)
    Laser_On                                 0x00001239   Thumb Code    16  lasercontrol.o(i.Laser_On)
    MainBoard_BeginCompassCalibration        0x00001275   Thumb Code    20  datacenter.o(i.MainBoard_BeginCompassCalibration)
    MainBoard_BeginLevelCalibration          0x00001295   Thumb Code    20  datacenter.o(i.MainBoard_BeginLevelCalibration)
    MainBoard_BeginSixSidesCalibration       0x000012b5   Thumb Code    20  datacenter.o(i.MainBoard_BeginSixSidesCalibration)
    MainBoard_DataAnl                        0x000012d5   Thumb Code   118  datacenter.o(i.MainBoard_DataAnl)
    MainBoard_GetOneByte                     0x00001355   Thumb Code   252  datacenter.o(i.MainBoard_GetOneByte)
    MainBoard_Unlock                         0x00001461   Thumb Code    20  datacenter.o(i.MainBoard_Unlock)
    MyDelayMs                                0x00001481   Thumb Code    30  drv_sys.o(i.MyDelayMs)
    OpenMV_DataAnl                           0x000014a5   Thumb Code   134  datacenter.o(i.OpenMV_DataAnl)
    OpenMV_GetOneByte                        0x00001545   Thumb Code   266  datacenter.o(i.OpenMV_GetOneByte)
    OpenMV_RequestLAB                        0x00001661   Thumb Code    20  datacenter.o(i.OpenMV_RequestLAB)
    OpenMV_SetLAB                            0x0000167d   Thumb Code   104  datacenter.o(i.OpenMV_SetLAB)
    Scheduler_Run                            0x00001709   Thumb Code    76  ano_scheduler.o(i.Scheduler_Run)
    Scheduler_Setup                          0x00001759   Thumb Code    76  ano_scheduler.o(i.Scheduler_Setup)
    Screen_BackData                          0x000017a9   Thumb Code    92  datacenter.o(i.Screen_BackData)
    Screen_DataAnl                           0x00001821   Thumb Code   194  datacenter.o(i.Screen_DataAnl)
    Screen_GetOneByte                        0x000018fd   Thumb Code   320  datacenter.o(i.Screen_GetOneByte)
    SysCtlClockGet                           0x00001a55   Thumb Code   304  sysctl.o(i.SysCtlClockGet)
    SysTick_Handler                          0x00001ba9   Thumb Code    20  drv_sys.o(i.SysTick_Handler)
    SysTick_Init                             0x00001bc1   Thumb Code    54  drv_sys.o(i.SysTick_Init)
    SystemInit                               0x00001bf9   Thumb Code   112  system_tm4c123.o(i.SystemInit)
    Timer0Irq                                0x00001c91   Thumb Code    12  drv_timer.o(i.Timer0Irq)
    TimerIntClear                            0x00001ca1   Thumb Code     4  timer.o(i.TimerIntClear)
    TimerIntRegister                         0x00001ca5   Thumb Code    88  timer.o(i.TimerIntRegister)
    UART2_IRQHandler                         0x00001d0d   Thumb Code    82  drv_uart.o(i.UART2_IRQHandler)
    UART3_IRQHandler                         0x00001d65   Thumb Code    82  drv_uart.o(i.UART3_IRQHandler)
    UART4_IRQHandler                         0x00001dbd   Thumb Code    82  drv_uart.o(i.UART4_IRQHandler)
    UART5_IRQHandler                         0x00001e15   Thumb Code    82  drv_uart.o(i.UART5_IRQHandler)
    UART6_IRQHandler                         0x00001e6d   Thumb Code    82  drv_uart.o(i.UART6_IRQHandler)
    UART7_IRQHandler                         0x00001ec5   Thumb Code    82  drv_uart.o(i.UART7_IRQHandler)
    UARTIntRegister                          0x00001f1d   Thumb Code    70  uart.o(i.UARTIntRegister)
    __scatterload_copy                       0x00001f75   Thumb Code    14  handlers.o(i.__scatterload_copy)
    __scatterload_null                       0x00001f83   Thumb Code     2  handlers.o(i.__scatterload_null)
    __scatterload_zeroinit                   0x00001f85   Thumb Code    14  handlers.o(i.__scatterload_zeroinit)
    check_color                              0x00001f95   Thumb Code    14  datacenter.o(i.check_color)
    main                                     0x00001fad   Thumb Code    16  main.o(i.main)
    send_t265_data                           0x00001fbd   Thumb Code   238  datacenter.o(i.send_t265_data)
    sent_Control_ToANO                       0x000020c9   Thumb Code    60  datacenter.o(i.sent_Control_ToANO)
    Region$$Table$$Base                      0x00002584   Number         0  anon$$obj.o(Region$$Table)
    Region$$Table$$Limit                     0x000025a4   Number         0  anon$$obj.o(Region$$Table)
    U1TxInCnt                                0x20000060   Data           1  drv_uart.o(.data)
    U1TxOutCnt                               0x20000061   Data           1  drv_uart.o(.data)
    U2TxInCnt                                0x20000062   Data           1  drv_uart.o(.data)
    U2TxOutCnt                               0x20000063   Data           1  drv_uart.o(.data)
    U3TxInCnt                                0x20000064   Data           1  drv_uart.o(.data)
    U3TxOutCnt                               0x20000065   Data           1  drv_uart.o(.data)
    U4TxInCnt                                0x20000066   Data           1  drv_uart.o(.data)
    U4TxOutCnt                               0x20000067   Data           1  drv_uart.o(.data)
    U5TxInCnt                                0x20000068   Data           1  drv_uart.o(.data)
    U5TxOutCnt                               0x20000069   Data           1  drv_uart.o(.data)
    U6TxInCnt                                0x2000006a   Data           1  drv_uart.o(.data)
    U6TxOutCnt                               0x2000006b   Data           1  drv_uart.o(.data)
    U7TxInCnt                                0x2000006c   Data           1  drv_uart.o(.data)
    U7TxOutCnt                               0x2000006d   Data           1  drv_uart.o(.data)
    t265_x_position_control                  0x20000080   Data           2  datacenter.o(.data)
    t265_y_position_control                  0x20000082   Data           2  datacenter.o(.data)
    state_is_land                            0x20000084   Data           1  datacenter.o(.data)
    barcode_data                             0x20000085   Data           1  datacenter.o(.data)
    preRequestState                          0x20000086   Data           1  datacenter.o(.data)
    RequestState                             0x20000087   Data           1  datacenter.o(.data)
    color_state                              0x20000088   Data           1  datacenter.o(.data)
    blink_state                              0x20000089   Data           1  datacenter.o(.data)
    preblink_state                           0x2000008a   Data           1  datacenter.o(.data)
    U1TxDataTemp                             0x2000066c   Data         256  drv_uart.o(.bss)
    U2TxDataTemp                             0x2000076c   Data         256  drv_uart.o(.bss)
    U3TxDataTemp                             0x2000086c   Data         256  drv_uart.o(.bss)
    U4TxDataTemp                             0x2000096c   Data         256  drv_uart.o(.bss)
    U5TxDataTemp                             0x20000a6c   Data         256  drv_uart.o(.bss)
    U6TxDataTemp                             0x20000b6c   Data         256  drv_uart.o(.bss)
    U7TxDataTemp                             0x20000c6c   Data         256  drv_uart.o(.bss)
    __initial_sp                             0x20001a28   Data           0  startup_tm4c123.o(STACK)



==============================================================================

Memory Map of the image

  Image Entry point : 0x00000285

  Load Region LR_1 (Base: 0x00000000, Size: 0x00002c10, Max: 0xffffffff, ABSOLUTE, COMPRESSED[0x000025e8])

    Execution Region ER_RO (Exec base: 0x00000000, Load base: 0x00000000, Size: 0x000025a4, Max: 0xffffffff, ABSOLUTE)

    Exec Addr    Load Addr    Size         Type   Attr      Idx    E Section Name        Object

    0x00000000   0x00000000   0x0000026c   Data   RO         1426    RESET               startup_tm4c123.o
    0x0000026c   0x0000026c   0x00000000   Code   RO         5565  * .ARM.Collect$$$$00000000  mc_w.l(entry.o)
    0x0000026c   0x0000026c   0x00000004   Code   RO         5586    .ARM.Collect$$$$00000001  mc_w.l(entry2.o)
    0x00000270   0x00000270   0x00000004   Code   RO         5589    .ARM.Collect$$$$00000004  mc_w.l(entry5.o)
    0x00000274   0x00000274   0x00000000   Code   RO         5591    .ARM.Collect$$$$00000008  mc_w.l(entry7b.o)
    0x00000274   0x00000274   0x00000000   Code   RO         5593    .ARM.Collect$$$$0000000A  mc_w.l(entry8b.o)
    0x00000274   0x00000274   0x00000008   Code   RO         5594    .ARM.Collect$$$$0000000B  mc_w.l(entry9a.o)
    0x0000027c   0x0000027c   0x00000004   Code   RO         5601    .ARM.Collect$$$$0000000E  mc_w.l(entry12b.o)
    0x00000280   0x00000280   0x00000000   Code   RO         5596    .ARM.Collect$$$$0000000F  mc_w.l(entry10a.o)
    0x00000280   0x00000280   0x00000000   Code   RO         5598    .ARM.Collect$$$$00000011  mc_w.l(entry11a.o)
    0x00000280   0x00000280   0x00000004   Code   RO         5587    .ARM.Collect$$$$00002712  mc_w.l(entry2.o)
    0x00000284   0x00000284   0x000000fc   Code   RO         1427  * .text               startup_tm4c123.o
    0x00000380   0x00000380   0x00000024   Code   RO         5568    .text               mc_w.l(memseta.o)
    0x000003a4   0x000003a4   0x00000024   Code   RO         5611    .text               mc_w.l(init.o)
    0x000003c8   0x000003c8   0x00000056   Code   RO         5623    .text               mc_w.l(__dczerorl2.o)
    0x0000041e   0x0000041e   0x00000052   Code   RO          557    i.All_Init          drv_bsp.o
    0x00000470   0x00000470   0x00000074   Code   RO         1505    i.BarcodeScanner_DataAnl  datacenter.o
    0x000004e4   0x000004e4   0x00000088   Code   RO         1506    i.BarcodeScanner_GetOneByte  datacenter.o
    0x0000056c   0x0000056c   0x00000048   Code   RO         1507    i.Barcode_Blink     datacenter.o
    0x000005b4   0x000005b4   0x00000024   Code   RO         1508    i.Barcode_Blink_Init  datacenter.o
    0x000005d8   0x000005d8   0x00000050   Code   RO          852    i.DrvSysInit        drv_sys.o
    0x00000628   0x00000628   0x0000007c   Code   RO         1394    i.DrvTimerFcInit    drv_timer.o
    0x000006a4   0x000006a4   0x000000d8   Code   RO         1105    i.DrvUart2Init      drv_uart.o
    0x0000077c   0x0000077c   0x00000034   Code   RO         1106    i.DrvUart2SendBuf   drv_uart.o
    0x000007b0   0x000007b0   0x00000044   Code   RO         1107    i.DrvUart2TxCheck   drv_uart.o
    0x000007f4   0x000007f4   0x000000d8   Code   RO         1108    i.DrvUart3Init      drv_uart.o
    0x000008cc   0x000008cc   0x00000034   Code   RO         1109    i.DrvUart3SendBuf   drv_uart.o
    0x00000900   0x00000900   0x00000044   Code   RO         1110    i.DrvUart3TxCheck   drv_uart.o
    0x00000944   0x00000944   0x000000d8   Code   RO         1111    i.DrvUart4Init      drv_uart.o
    0x00000a1c   0x00000a1c   0x00000044   Code   RO         1113    i.DrvUart4TxCheck   drv_uart.o
    0x00000a60   0x00000a60   0x000000f4   Code   RO         1114    i.DrvUart5Init      drv_uart.o
    0x00000b54   0x00000b54   0x00000044   Code   RO         1116    i.DrvUart5TxCheck   drv_uart.o
    0x00000b98   0x00000b98   0x000000d8   Code   RO         1117    i.DrvUart6Init      drv_uart.o
    0x00000c70   0x00000c70   0x00000044   Code   RO         1119    i.DrvUart6TxCheck   drv_uart.o
    0x00000cb4   0x00000cb4   0x000000d8   Code   RO         1120    i.DrvUart7Init      drv_uart.o
    0x00000d8c   0x00000d8c   0x00000034   Code   RO         1121    i.DrvUart7SendBuf   drv_uart.o
    0x00000dc0   0x00000dc0   0x00000044   Code   RO         1122    i.DrvUart7TxCheck   drv_uart.o
    0x00000e04   0x00000e04   0x00000006   Code   RO         2114    i.GPIOPinWrite      driverlib.lib(gpio.o)
    0x00000e0a   0x00000e0a   0x00000002   PAD
    0x00000e0c   0x00000e0c   0x0000000c   Code   RO          853    i.GetSysRunTimeMs   drv_sys.o
    0x00000e18   0x00000e18   0x00000064   Code   RO         4314    i.IntEnable         driverlib.lib(interrupt.o)
    0x00000e7c   0x00000e7c   0x00000034   Code   RO         4326    i.IntRegister       driverlib.lib(interrupt.o)
    0x00000eb0   0x00000eb0   0x000000ec   Code   RO         1509    i.Jetson_DataAnl    datacenter.o
    0x00000f9c   0x00000f9c   0x0000010c   Code   RO         1510    i.Jetson_GetOneByte  datacenter.o
    0x000010a8   0x000010a8   0x00000042   Code   RO         1511    i.K210_DataAnl      datacenter.o
    0x000010ea   0x000010ea   0x00000002   PAD
    0x000010ec   0x000010ec   0x0000010c   Code   RO         1512    i.K210_GetOneByte   datacenter.o
    0x000011f8   0x000011f8   0x00000030   Code   RO         1680    i.Laser_Init        lasercontrol.o
    0x00001228   0x00001228   0x00000010   Code   RO         1681    i.Laser_Off         lasercontrol.o
    0x00001238   0x00001238   0x00000010   Code   RO         1682    i.Laser_On          lasercontrol.o
    0x00001248   0x00001248   0x00000002   Code   RO           98    i.Loop_1000Hz       ano_scheduler.o
    0x0000124a   0x0000124a   0x00000002   Code   RO           99    i.Loop_100Hz        ano_scheduler.o
    0x0000124c   0x0000124c   0x00000002   Code   RO          100    i.Loop_200Hz        ano_scheduler.o
    0x0000124e   0x0000124e   0x00000002   Code   RO          101    i.Loop_20Hz         ano_scheduler.o
    0x00001250   0x00001250   0x00000020   Code   RO          102    i.Loop_2Hz          ano_scheduler.o
    0x00001270   0x00001270   0x00000002   Code   RO          103    i.Loop_500Hz        ano_scheduler.o
    0x00001272   0x00001272   0x00000002   Code   RO          104    i.Loop_50Hz         ano_scheduler.o
    0x00001274   0x00001274   0x00000020   Code   RO         1513    i.MainBoard_BeginCompassCalibration  datacenter.o
    0x00001294   0x00001294   0x00000020   Code   RO         1514    i.MainBoard_BeginLevelCalibration  datacenter.o
    0x000012b4   0x000012b4   0x00000020   Code   RO         1515    i.MainBoard_BeginSixSidesCalibration  datacenter.o
    0x000012d4   0x000012d4   0x00000080   Code   RO         1516    i.MainBoard_DataAnl  datacenter.o
    0x00001354   0x00001354   0x0000010c   Code   RO         1517    i.MainBoard_GetOneByte  datacenter.o
    0x00001460   0x00001460   0x00000020   Code   RO         1519    i.MainBoard_Unlock  datacenter.o
    0x00001480   0x00001480   0x00000024   Code   RO          855    i.MyDelayMs         drv_sys.o
    0x000014a4   0x000014a4   0x000000a0   Code   RO         1520    i.OpenMV_DataAnl    datacenter.o
    0x00001544   0x00001544   0x0000011c   Code   RO         1521    i.OpenMV_GetOneByte  datacenter.o
    0x00001660   0x00001660   0x0000001c   Code   RO         1522    i.OpenMV_RequestLAB  datacenter.o
    0x0000167c   0x0000167c   0x0000008c   Code   RO         1523    i.OpenMV_SetLAB     datacenter.o
    0x00001708   0x00001708   0x00000050   Code   RO          105    i.Scheduler_Run     ano_scheduler.o
    0x00001758   0x00001758   0x00000050   Code   RO          106    i.Scheduler_Setup   ano_scheduler.o
    0x000017a8   0x000017a8   0x00000078   Code   RO         1524    i.Screen_BackData   datacenter.o
    0x00001820   0x00001820   0x000000dc   Code   RO         1525    i.Screen_DataAnl    datacenter.o
    0x000018fc   0x000018fc   0x00000158   Code   RO         1526    i.Screen_GetOneByte  datacenter.o
    0x00001a54   0x00001a54   0x00000154   Code   RO         2377    i.SysCtlClockGet    driverlib.lib(sysctl.o)
    0x00001ba8   0x00001ba8   0x00000018   Code   RO          856    i.SysTick_Handler   drv_sys.o
    0x00001bc0   0x00001bc0   0x00000036   Code   RO          857    i.SysTick_Init      drv_sys.o
    0x00001bf6   0x00001bf6   0x00000002   PAD
    0x00001bf8   0x00001bf8   0x00000098   Code   RO         1435    i.SystemInit        system_tm4c123.o
    0x00001c90   0x00001c90   0x00000010   Code   RO         1395    i.Timer0Irq         drv_timer.o
    0x00001ca0   0x00001ca0   0x00000004   Code   RO         2742    i.TimerIntClear     driverlib.lib(timer.o)
    0x00001ca4   0x00001ca4   0x00000068   Code   RO         2745    i.TimerIntRegister  driverlib.lib(timer.o)
    0x00001d0c   0x00001d0c   0x00000058   Code   RO         1126    i.UART2_IRQHandler  drv_uart.o
    0x00001d64   0x00001d64   0x00000058   Code   RO         1127    i.UART3_IRQHandler  drv_uart.o
    0x00001dbc   0x00001dbc   0x00000058   Code   RO         1128    i.UART4_IRQHandler  drv_uart.o
    0x00001e14   0x00001e14   0x00000058   Code   RO         1129    i.UART5_IRQHandler  drv_uart.o
    0x00001e6c   0x00001e6c   0x00000058   Code   RO         1130    i.UART6_IRQHandler  drv_uart.o
    0x00001ec4   0x00001ec4   0x00000058   Code   RO         1131    i.UART7_IRQHandler  drv_uart.o
    0x00001f1c   0x00001f1c   0x00000058   Code   RO         3000    i.UARTIntRegister   driverlib.lib(uart.o)
    0x00001f74   0x00001f74   0x0000000e   Code   RO         5617    i.__scatterload_copy  mc_w.l(handlers.o)
    0x00001f82   0x00001f82   0x00000002   Code   RO         5618    i.__scatterload_null  mc_w.l(handlers.o)
    0x00001f84   0x00001f84   0x0000000e   Code   RO         5619    i.__scatterload_zeroinit  mc_w.l(handlers.o)
    0x00001f92   0x00001f92   0x00000002   PAD
    0x00001f94   0x00001f94   0x00000018   Code   RO         1527    i.check_color       datacenter.o
    0x00001fac   0x00001fac   0x00000010   Code   RO            4    i.main              main.o
    0x00001fbc   0x00001fbc   0x0000010c   Code   RO         1528    i.send_t265_data    datacenter.o
    0x000020c8   0x000020c8   0x0000003c   Code   RO         1529    i.sent_Control_ToANO  datacenter.o
    0x00002104   0x00002104   0x00000254   Data   RO         2430    .constdata          driverlib.lib(sysctl.o)
    0x00002358   0x00002358   0x000000a0   Data   RO         2766    .constdata          driverlib.lib(timer.o)
    0x000023f8   0x000023f8   0x00000080   Data   RO         3017    .constdata          driverlib.lib(uart.o)
    0x00002478   0x00002478   0x0000010c   Data   RO         4330    .constdata          driverlib.lib(interrupt.o)
    0x00002584   0x00002584   0x00000020   Data   RO         5615    Region$$Table       anon$$obj.o


    Execution Region ER_RW (Exec base: 0x20000000, Load base: 0x000025a4, Size: 0x0000066c, Max: 0xffffffff, ABSOLUTE, COMPRESSED[0x00000044])

    Exec Addr    Load Addr    Size         Type   Attr      Idx    E Section Name        Object

    0x20000000   COMPRESSED   0x00000054   Data   RW          107    .data               ano_scheduler.o
    0x20000054   COMPRESSED   0x00000004   PAD
    0x20000058   COMPRESSED   0x00000008   Data   RW          858    .data               drv_sys.o
    0x20000060   COMPRESSED   0x0000000e   Data   RW         1133    .data               drv_uart.o
    0x2000006e   COMPRESSED   0x00000053   Data   RW         1531    .data               datacenter.o
    0x200000c1   COMPRESSED   0x0000033f   PAD
    0x20000400   COMPRESSED   0x0000026c   Data   RW         4331    vtable              driverlib.lib(interrupt.o)


    Execution Region ER_ZI (Exec base: 0x2000066c, Load base: 0x000025e8, Size: 0x000013bc, Max: 0xffffffff, ABSOLUTE)

    Exec Addr    Load Addr    Size         Type   Attr      Idx    E Section Name        Object

    0x2000066c        -       0x00000700   Zero   RW         1132    .bss                drv_uart.o
    0x20000d6c        -       0x000002bc   Zero   RW         1530    .bss                datacenter.o
    0x20001028        -       0x00000a00   Zero   RW         1424    STACK               startup_tm4c123.o


==============================================================================

Image component sizes


      Code (inc. data)   RO Data    RW Data    ZI Data      Debug   Object Name

       204         12          0         84          0       5086   ano_scheduler.o
      3370        380          0         83        700      18746   datacenter.o
        82          0          0          0          0        583   drv_bsp.o
       206         28          0          8          0      33335   drv_sys.o
       140         18          0          0          0       1141   drv_timer.o
      2416        338          0         14       1792      15686   drv_uart.o
        80          4          0          0          0       1540   lasercontrol.o
        16          0          0          0          0      30915   main.o
       252         10        620          0       2560       5492   startup_tm4c123.o
       152         40          0          0          0        661   system_tm4c123.o

    ----------------------------------------------------------------------
      6922        830        652       1024       5052     113185   Object Totals
         0          0         32          0          0          0   (incl. Generated)
         4          0          0        835          0          0   (incl. Padding)

    ----------------------------------------------------------------------

      Code (inc. data)   RO Data    RW Data    ZI Data      Debug   Library Member Name

         0          0          0          0          0       3048   adc.o
         6          0          0          0          0        495   gpio.o
       152         16        268        620          0       2150   interrupt.o
       340         36        596          0          0       2653   sysctl.o
       108         16        160          0          0       2255   timer.o
        88         18        128          0          0       1795   uart.o
        86          0          0          0          0          0   __dczerorl2.o
         0          0          0          0          0          0   entry.o
         0          0          0          0          0          0   entry10a.o
         0          0          0          0          0          0   entry11a.o
         4          0          0          0          0          0   entry12b.o
         8          4          0          0          0          0   entry2.o
         4          0          0          0          0          0   entry5.o
         0          0          0          0          0          0   entry7b.o
         0          0          0          0          0          0   entry8b.o
         8          4          0          0          0          0   entry9a.o
        30          0          0          0          0          0   handlers.o
        36          8          0          0          0         68   init.o
        36          0          0          0          0        108   memseta.o

    ----------------------------------------------------------------------
       910        102       1152        620          0      12572   Library Totals
         4          0          0          0          0          0   (incl. Padding)

    ----------------------------------------------------------------------

      Code (inc. data)   RO Data    RW Data    ZI Data      Debug   Library Name

       694         86       1152        620          0      12396   driverlib.lib
       212         16          0          0          0        176   mc_w.l

    ----------------------------------------------------------------------
       910        102       1152        620          0      12572   Library Totals

    ----------------------------------------------------------------------

==============================================================================


      Code (inc. data)   RO Data    RW Data    ZI Data      Debug   

      7832        932       1804       1644       5052     119341   Grand Totals
      7832        932       1804         68       5052     119341   ELF Image Totals (compressed)
      7832        932       1804         68          0          0   ROM Totals

==============================================================================

    Total RO  Size (Code + RO Data)                 9636 (   9.41kB)
    Total RW  Size (RW Data + ZI Data)              6696 (   6.54kB)
    Total ROM Size (Code + RO Data + RW Data)       9704 (   9.48kB)

==============================================================================

