<html>
<body>
<pre>
<h1>µVision Build Log</h1>
<h2>Tool Versions:</h2>
IDE-Version: ¦ÌVision V5.28.0.0
Copyright (C) 2019 ARM Ltd and ARM Germany GmbH. All rights reserved.
License Information: Jason-XUYANG@outlook.com,  , LIC=QF82M-XQV9I-016P1-CE6LI-8AHNC-H5DJZ
 
Tool Versions:
Toolchain:       MDK-ARM Plus  Version: 5.28.0.0
Toolchain Path:  C:\Keil_v5\ARM\ARMCC\Bin
C Compiler:      Armcc.exe V5.06 update 6 (build 750)
Assembler:       Armasm.exe V5.06 update 6 (build 750)
Linker/Locator:  ArmLink.exe V5.06 update 6 (build 750)
Library Manager: ArmAr.exe V5.06 update 6 (build 750)
Hex Converter:   FromElf.exe V5.06 update 6 (build 750)
CPU DLL:         SARMCM3.DLL V5.28.0.0
Dialog DLL:      DCM.DLL V1.17.3.0
Target DLL:      Segger\JL2CM3.dll V2.99.36.0
Dialog DLL:      TCM.DLL V1.36.2.0
 
<h2>Project:</h2>
C:\Users\Jason\Desktop\ANO_Quadcopter_2021TI\baseModule\ANO-MIXOF\ProjectTM4C123\ANO_LX_TM4C123.uvprojx
Project File Date:  11/06/2021

<h2>Output:</h2>
*** Using Compiler 'V5.06 update 6 (build 750)', folder: 'C:\Keil_v5\ARM\ARMCC\Bin'
Rebuild target 'Ano_LX'
compiling main.c...
compiling Drv_BSP.c...
compiling LX_FC_EXT_Sensor.c...
compiling ANO_LX.c...
compiling Drv_UbloxGPS.c...
compiling LX_FC_State.c...
compiling LX_FC_Fun.c...
compiling Drv_Led.c...
compiling Ano_Scheduler.c...
compiling Drv_AnoOf.c...
compiling ANO_DT_LX.c...
compiling Drv_Sys.c...
compiling Drv_Adc.c...
compiling User_Task.c...
compiling Ano_Math.c...
assembling startup_TM4C123.s...
compiling usb_serial_structs.c...
compiling Drv_PwmOut.c...
compiling Drv_Timer.c...
compiling Drv_RcIn.c...
compiling system_TM4C123.c...
compiling Drv_Uart.c...
compiling Drv_Usb.c...
compiling WaypointControl.c...
compiling MoveControl.c...
linking...
Program Size: Code=17996 RO-data=2988 RW-data=1644 ZI-data=6204  
".\build\ANO_PioneerPro_Ti.axf" - 0 Error(s), 0 Warning(s).

<h2>Software Packages used:</h2>

Package Vendor: Keil
                http://www.keil.com/pack/Keil.TM4C_DFP.1.1.0.pack
                Keil.TM4C_DFP.1.1.0
                Texas Instruments Tiva C Series Device Support and Examples

<h2>Collection of Component include folders:</h2>
  .\RTE\_Ano_LX
  C:\Users\Jason\AppData\Local\Arm\Packs\Keil\TM4C_DFP\1.1.0\Device\Include\TM4C123

<h2>Collection of Component Files used:</h2>
Build Time Elapsed:  00:00:05
</pre>
</body>
</html>
