Component: ARM Compiler 5.06 update 6 (build 750) Tool: armlink [4d35ed]

==============================================================================

Section Cross References

    main.o(i.main) refers to drv_bsp.o(i.All_Init) for All_Init
    main.o(i.main) refers to ano_scheduler.o(i.Scheduler_Setup) for Scheduler_Setup
    main.o(i.main) refers to drv_sys.o(i.MyDelayMs) for MyDelayMs
    main.o(i.main) refers to ano_scheduler.o(i.Scheduler_Run) for Scheduler_Run
    main.o(i.main) refers to waypointcontrol.o(.data) for anof_yaw
    main.o(i.main) refers to movecontrol.o(.data) for t265_x_position
    ano_scheduler.o(i.Loop_2Hz) refers to movecontrol.o(i.heightcontrol) for heightcontrol
    ano_scheduler.o(i.Loop_2Hz) refers to lx_fc_state.o(.bss) for fc_sta
    ano_scheduler.o(i.Loop_2Hz) refers to drv_anoof.o(.bss) for ano_of
    ano_scheduler.o(i.Loop_2Hz) refers to movecontrol.o(.data) for targetHeight
    ano_scheduler.o(i.Loop_50Hz) refers to movecontrol.o(i.MoveControl_Output) for MoveControl_Output
    ano_scheduler.o(i.Loop_50Hz) refers to movecontrol.o(i.send_laser_request) for send_laser_request
    ano_scheduler.o(i.Loop_50Hz) refers to movecontrol.o(.data) for laser_request
    ano_scheduler.o(i.Scheduler_Run) refers to drv_sys.o(i.GetSysRunTimeMs) for GetSysRunTimeMs
    ano_scheduler.o(i.Scheduler_Run) refers to ano_scheduler.o(.data) for sched_tasks
    ano_scheduler.o(i.Scheduler_Setup) refers to ano_scheduler.o(.data) for sched_tasks
    ano_scheduler.o(.data) refers to ano_scheduler.o(i.Loop_1000Hz) for Loop_1000Hz
    ano_scheduler.o(.data) refers to ano_scheduler.o(i.Loop_500Hz) for Loop_500Hz
    ano_scheduler.o(.data) refers to ano_scheduler.o(i.Loop_200Hz) for Loop_200Hz
    ano_scheduler.o(.data) refers to ano_scheduler.o(i.Loop_100Hz) for Loop_100Hz
    ano_scheduler.o(.data) refers to ano_scheduler.o(i.Loop_50Hz) for Loop_50Hz
    ano_scheduler.o(.data) refers to ano_scheduler.o(i.Loop_20Hz) for Loop_20Hz
    ano_scheduler.o(.data) refers to ano_scheduler.o(i.Loop_2Hz) for Loop_2Hz
    user_task.o(i.UserTask_OneKeyCmd) refers to lx_fc_fun.o(i.OneKey_Takeoff) for OneKey_Takeoff
    user_task.o(i.UserTask_OneKeyCmd) refers to lx_fc_fun.o(i.OneKey_Land) for OneKey_Land
    user_task.o(i.UserTask_OneKeyCmd) refers to drv_bsp.o(.bss) for rc_in
    user_task.o(i.UserTask_OneKeyCmd) refers to user_task.o(.data) for one_key_takeoff_f
    ano_dt_lx.o(i.ANO_DT_Init) refers to ano_dt_lx.o(.bss) for dt
    ano_dt_lx.o(i.ANO_DT_LX_Data_Receive_Anl) refers to ano_dt_lx.o(i.CK_Back) for CK_Back
    ano_dt_lx.o(i.ANO_DT_LX_Data_Receive_Anl) refers to ano_dt_lx.o(i.PAR_Back) for PAR_Back
    ano_dt_lx.o(i.ANO_DT_LX_Data_Receive_Anl) refers to ano_lx.o(.bss) for pwm_to_esc
    ano_dt_lx.o(i.ANO_DT_LX_Data_Receive_Anl) refers to drv_led.o(.data) for led
    ano_dt_lx.o(i.ANO_DT_LX_Data_Receive_Anl) refers to lx_fc_state.o(.bss) for fc_sta
    ano_dt_lx.o(i.ANO_DT_LX_Data_Receive_Anl) refers to ano_dt_lx.o(.bss) for dt
    ano_dt_lx.o(i.ANO_DT_LX_Data_Receive_Prepare) refers to ano_dt_lx.o(i.ANO_DT_LX_Data_Receive_Anl) for ANO_DT_LX_Data_Receive_Anl
    ano_dt_lx.o(i.ANO_DT_LX_Data_Receive_Prepare) refers to ano_dt_lx.o(.data) for rxstate
    ano_dt_lx.o(i.ANO_DT_LX_Data_Receive_Prepare) refers to ano_dt_lx.o(.bss) for DT_RxBuffer
    ano_dt_lx.o(i.ANO_DT_LX_Send_Data) refers to drv_uart.o(i.DrvUart5SendBuf) for DrvUart5SendBuf
    ano_dt_lx.o(i.ANO_LX_Data_Exchange_Task) refers to ano_dt_lx.o(i.CK_Back_Check) for CK_Back_Check
    ano_dt_lx.o(i.ANO_LX_Data_Exchange_Task) refers to ano_dt_lx.o(i.Check_To_Send) for Check_To_Send
    ano_dt_lx.o(i.Add_Send_Data) refers to ano_dt_lx.o(.bss) for dt
    ano_dt_lx.o(i.Add_Send_Data) refers to ano_lx.o(.data) for fc_bat
    ano_dt_lx.o(i.Add_Send_Data) refers to lx_fc_ext_sensor.o(.bss) for ext_sens
    ano_dt_lx.o(i.Add_Send_Data) refers to drv_bsp.o(.bss) for rc_in
    ano_dt_lx.o(i.Add_Send_Data) refers to ano_lx.o(.bss) for rt_tar
    ano_dt_lx.o(i.CK_Back) refers to ano_dt_lx.o(.bss) for dt
    ano_dt_lx.o(i.CK_Back_Check) refers to ano_dt_lx.o(.bss) for dt
    ano_dt_lx.o(i.CK_Back_Check) refers to ano_dt_lx.o(.data) for time_dly
    ano_dt_lx.o(i.CMD_Send) refers to ano_dt_lx.o(.bss) for dt
    ano_dt_lx.o(i.Check_To_Send) refers to ano_dt_lx.o(i.Frame_Send) for Frame_Send
    ano_dt_lx.o(i.Check_To_Send) refers to ano_dt_lx.o(.bss) for dt
    ano_dt_lx.o(i.Frame_Send) refers to ano_dt_lx.o(i.Add_Send_Data) for Add_Send_Data
    ano_dt_lx.o(i.Frame_Send) refers to ano_dt_lx.o(i.ANO_DT_LX_Send_Data) for ANO_DT_LX_Send_Data
    ano_dt_lx.o(i.Frame_Send) refers to ano_dt_lx.o(.bss) for send_buffer
    ano_dt_lx.o(i.PAR_Back) refers to ano_dt_lx.o(.bss) for dt
    ano_lx.o(i.ANO_LX_Task) refers to drv_anoof.o(i.AnoOF_Check_State) for AnoOF_Check_State
    ano_lx.o(i.ANO_LX_Task) refers to ano_lx.o(i.Bat_Voltage_Data_Handle) for Bat_Voltage_Data_Handle
    ano_lx.o(i.ANO_LX_Task) refers to drv_uart.o(i.DrvUartDataCheck) for DrvUartDataCheck
[...]
    ..\\DriversBsp\\Drv_BSP.c                0x00000000   Number         0  drv_bsp.o ABSOLUTE
    ..\\DriversBsp\\Drv_UbloxGPS.c           0x00000000   Number         0  drv_ubloxgps.o ABSOLUTE
    ..\\DriversMcu\\TM4C123\\Drivers\\Drv_Adc.c 0x00000000   Number         0  drv_adc.o ABSOLUTE
    ..\\DriversMcu\\TM4C123\\Drivers\\Drv_Led.c 0x00000000   Number         0  drv_led.o ABSOLUTE
    ..\\DriversMcu\\TM4C123\\Drivers\\Drv_PwmOut.c 0x00000000   Number         0  drv_pwmout.o ABSOLUTE
    ..\\DriversMcu\\TM4C123\\Drivers\\Drv_RcIn.c 0x00000000   Number         0  drv_rcin.o ABSOLUTE
    ..\\DriversMcu\\TM4C123\\Drivers\\Drv_Sys.c 0x00000000   Number         0  drv_sys.o ABSOLUTE
    ..\\DriversMcu\\TM4C123\\Drivers\\Drv_Timer.c 0x00000000   Number         0  drv_timer.o ABSOLUTE
    ..\\DriversMcu\\TM4C123\\Drivers\\Drv_Uart.c 0x00000000   Number         0  drv_uart.o ABSOLUTE
    ..\\DriversMcu\\TM4C123\\Drivers\\Drv_Usb.c 0x00000000   Number         0  drv_usb.o ABSOLUTE
    ..\\DriversMcu\\TM4C123\\Libraries\\src\\system_TM4C123.c 0x00000000   Number         0  system_tm4c123.o ABSOLUTE
    ..\\FcSrc\\ANO_DT_LX.c                   0x00000000   Number         0  ano_dt_lx.o ABSOLUTE
    ..\\FcSrc\\ANO_LX.c                      0x00000000   Number         0  ano_lx.o ABSOLUTE
    ..\\FcSrc\\Ano_Scheduler.c               0x00000000   Number         0  ano_scheduler.o ABSOLUTE
    ..\\FcSrc\\LX_FC_EXT_Sensor.c            0x00000000   Number         0  lx_fc_ext_sensor.o ABSOLUTE
    ..\\FcSrc\\LX_FC_Fun.c                   0x00000000   Number         0  lx_fc_fun.o ABSOLUTE
    ..\\FcSrc\\LX_FC_State.c                 0x00000000   Number         0  lx_fc_state.o ABSOLUTE
    ..\\FcSrc\\User_Task.c                   0x00000000   Number         0  user_task.o ABSOLUTE
    ..\\FcSrc\\main.c                        0x00000000   Number         0  main.o ABSOLUTE
    adc.c                                    0x00000000   Number         0  adc.o ABSOLUTE
    cdcmple.s                                0x00000000   Number         0  cdcmple.o ABSOLUTE
    cdrcmple.s                               0x00000000   Number         0  cdrcmple.o ABSOLUTE
    cpu.c                                    0x00000000   Number         0  cpu.o ABSOLUTE
    cpu.c                                    0x00000000   Number         0  cpu.o ABSOLUTE
    dc.s                                     0x00000000   Number         0  dc.o ABSOLUTE
    device\usbdcdc.c                         0x00000000   Number         0  usbdcdc.o ABSOLUTE
    device\usbdcdesc.c                       0x00000000   Number         0  usbdcdesc.o ABSOLUTE
    device\usbdconfig.c                      0x00000000   Number         0  usbdconfig.o ABSOLUTE
    device\usbdenum.c                        0x00000000   Number         0  usbdenum.o ABSOLUTE
    device\usbdhandler.c                     0x00000000   Number         0  usbdhandler.o ABSOLUTE
    handlers.s                               0x00000000   Number         0  handlers.o ABSOLUTE
    host\usbhhub.c                           0x00000000   Number         0  usbhhub.o ABSOLUTE
    host\usbhostenum.c                       0x00000000   Number         0  usbhostenum.o ABSOLUTE
    init.s                                   0x00000000   Number         0  init.o ABSOLUTE
    interrupt.c                              0x00000000   Number         0  interrupt.o ABSOLUTE
    sysctl.c                                 0x00000000   Number         0  sysctl.o ABSOLUTE
    sysctl.c                                 0x00000000   Number         0  sysctl.o ABSOLUTE
    timer.c                                  0x00000000   Number         0  timer.o ABSOLUTE
    uart.c                                   0x00000000   Number         0  uart.o ABSOLUTE
    udma.c                                   0x00000000   Number         0  udma.o ABSOLUTE
    usb.c                                    0x00000000   Number         0  usb.o ABSOLUTE
    usbbuffer.c                              0x00000000   Number         0  usbbuffer.o ABSOLUTE
    usbdesc.c                                0x00000000   Number         0  usbdesc.o ABSOLUTE
    usbdma.c                                 0x00000000   Number         0  usbdma.o ABSOLUTE
    usbmode.c                                0x00000000   Number         0  usbmode.o ABSOLUTE
    usbringbuf.c                             0x00000000   Number         0  usbringbuf.o ABSOLUTE
    usbtick.c                                0x00000000   Number         0  usbtick.o ABSOLUTE
    usbulpi.c                                0x00000000   Number         0  usbulpi.o ABSOLUTE
    .ARM.Collect$$$$00000000                 0x0000026c   Section        0  entry.o(.ARM.Collect$$$$00000000)
    .ARM.Collect$$$$00000001                 0x0000026c   Section        4  entry2.o(.ARM.Collect$$$$00000001)
    .ARM.Collect$$$$00000004                 0x00000270   Section        4  entry5.o(.ARM.Collect$$$$00000004)
    .ARM.Collect$$$$00000008                 0x00000274   Section        0  entry7b.o(.ARM.Collect$$$$00000008)
    .ARM.Collect$$$$0000000A                 0x00000274   Section        0  entry8b.o(.ARM.Collect$$$$0000000A)
    .ARM.Collect$$$$0000000B                 0x00000274   Section        8  entry9a.o(.ARM.Collect$$$$0000000B)
    .ARM.Collect$$$$0000000D                 0x0000027c   Section        0  entry10a.o(.ARM.Collect$$$$0000000D)
    .ARM.Collect$$$$0000000F                 0x0000027c   Section        0  entry11a.o(.ARM.Collect$$$$0000000F)
    .ARM.Collect$$$$00002712                 0x0000027c   Section        4  entry2.o(.ARM.Collect$$$$00002712)
    __lit__00000000                          0x0000027c   Data           4  entry2.o(.ARM.Collect$$$$00002712)
    .text                                    0x00000280   Section      252  startup_tm4c123.o(.text)
    $v0                                      0x00000280   Number         0  startup_tm4c123.o(.text)
    .text                                    0x0000037c   Section        0  dadd.o(.text)
    .text                                    0x000004ca   Section        0  dmul.o(.text)
    .text                                    0x000005ae   Section        0  ddiv.o(.text)
    .text                                    0x0000068c   Section        0  dflti.o(.text)
    .text                                    0x000006ae   Section        0  dfltui.o(.text)
    .text                                    0x000006c8   Section        0  dfixi.o(.text)
    .text                                    0x00000706   Section        0  f2d.o(.text)
    .text                                    0x0000072c   Section        0  d2f.o(.text)
    .text                                    0x00000764   Section        0  llshl.o(.text)
    .text                                    0x00000782   Section        0  llushr.o(.text)
    .text                                    0x000007a2   Section        0  llsshr.o(.text)
    .text                                    0x000007c6   Section        0  iusefp.o(.text)
    .text                                    0x000007c6   Section        0  fepilogue.o(.text)
    .text                                    0x00000834   Section        0  depilogue.o(.text)
    .text                                    0x000008ee   Section        0  dsqrt.o(.text)
    .text                                    0x00000990   Section       36  init.o(.text)
    .text                                    0x000009b4   Section        0  __dczerorl2.o(.text)
    i.ADC0Handler                            0x00000a0c   Section        0  drv_adc.o(i.ADC0Handler)
    ADC0Handler                              0x00000a0d   Thumb Code    34  drv_adc.o(i.ADC0Handler)
    i.ADCIntRegister                         0x00000a38   Section        0  adc.o(i.ADCIntRegister)
    i.ANO_DT_Init                            0x00000aa0   Section        0  ano_dt_lx.o(i.ANO_DT_Init)
    i.ANO_DT_LX_Data_Receive_Anl             0x00000b78   Section        0  ano_dt_lx.o(i.ANO_DT_LX_Data_Receive_Anl)
    ANO_DT_LX_Data_Receive_Anl               0x00000b79   Thumb Code   402  ano_dt_lx.o(i.ANO_DT_LX_Data_Receive_Anl)
    i.ANO_DT_LX_Data_Receive_Prepare         0x00000d1c   Section        0  ano_dt_lx.o(i.ANO_DT_LX_Data_Receive_Prepare)
    i.ANO_DT_LX_Send_Data                    0x00000e34   Section        0  ano_dt_lx.o(i.ANO_DT_LX_Send_Data)
    ANO_DT_LX_Send_Data                      0x00000e35   Thumb Code    16  ano_dt_lx.o(i.ANO_DT_LX_Send_Data)
    i.ANO_LX_Data_Exchange_Task              0x00000e44   Section        0  ano_dt_lx.o(i.ANO_LX_Data_Exchange_Task)
    i.ANO_LX_Task                            0x00000e94   Section        0  ano_lx.o(i.ANO_LX_Task)
    i.Add_Send_Data                          0x00000f14   Section        0  ano_dt_lx.o(i.Add_Send_Data)
    Add_Send_Data                            0x00000f15   Thumb Code   512  ano_dt_lx.o(i.Add_Send_Data)
    i.All_Init                               0x0000112c   Section        0  drv_bsp.o(i.All_Init)
    i.AnoOF_Check_State                      0x00001194   Section        0  drv_anoof.o(i.AnoOF_Check_State)
    i.AnoOF_DataAnl                          0x00001254   Section        0  drv_anoof.o(i.AnoOF_DataAnl)
    AnoOF_DataAnl                            0x00001255   Thumb Code   592  drv_anoof.o(i.AnoOF_DataAnl)
    i.AnoOF_GetOneByte                       0x000014c8   Section        0  drv_anoof.o(i.AnoOF_GetOneByte)
    i.Bat_Voltage_Data_Handle                0x000015d4   Section        0  ano_lx.o(i.Bat_Voltage_Data_Handle)
    Bat_Voltage_Data_Handle                  0x000015d5   Thumb Code    28  ano_lx.o(i.Bat_Voltage_Data_Handle)
    i.CK_Back                                0x000015f8   Section        0  ano_dt_lx.o(i.CK_Back)
    i.CK_Back_Check                          0x00001608   Section        0  ano_dt_lx.o(i.CK_Back_Check)
    CK_Back_Check                            0x00001609   Thumb Code    90  ano_dt_lx.o(i.CK_Back_Check)
    i.CMD_Send                               0x00001670   Section        0  ano_dt_lx.o(i.CMD_Send)
    i.Check_To_Send                          0x0000168c   Section        0  ano_dt_lx.o(i.Check_To_Send)
    Check_To_Send                            0x0000168d   Thumb Code   138  ano_dt_lx.o(i.Check_To_Send)
    i.DrvAdcInit                             0x0000171c   Section        0  drv_adc.o(i.DrvAdcInit)
    i.DrvLedOnOff                            0x000017d4   Section        0  drv_led.o(i.DrvLedOnOff)
    i.DrvMotorPWMSet                         0x00001888   Section        0  drv_pwmout.o(i.DrvMotorPWMSet)
    i.DrvPpmGetOneCh                         0x00001974   Section        0  drv_bsp.o(i.DrvPpmGetOneCh)
    i.DrvPwmOutInit                          0x000019d8   Section        0  drv_pwmout.o(i.DrvPwmOutInit)
    i.DrvRcInputInit                         0x00001cb0   Section        0  drv_bsp.o(i.DrvRcInputInit)
    i.DrvRcPpmInit                           0x00001cc4   Section        0  drv_rcin.o(i.DrvRcPpmInit)
    i.DrvSysInit                             0x00001d98   Section        0  drv_sys.o(i.DrvSysInit)
    i.DrvTimerFcInit                         0x00001de8   Section        0  drv_timer.o(i.DrvTimerFcInit)
    i.DrvUart1Init                           0x00001e64   Section        0  drv_uart.o(i.DrvUart1Init)
    i.DrvUart1SendBuf                        0x00001f34   Section        0  drv_uart.o(i.DrvUart1SendBuf)
    i.DrvUart1TxCheck                        0x00001f68   Section        0  drv_uart.o(i.DrvUart1TxCheck)
    i.DrvUart2Init                           0x00001fac   Section        0  drv_uart.o(i.DrvUart2Init)
    i.DrvUart2SendBuf                        0x00002084   Section        0  drv_uart.o(i.DrvUart2SendBuf)
    i.DrvUart2TxCheck                        0x000020b8   Section        0  drv_uart.o(i.DrvUart2TxCheck)
    i.DrvUart3Init                           0x000020fc   Section        0  drv_uart.o(i.DrvUart3Init)
    i.DrvUart3TxCheck                        0x000021d4   Section        0  drv_uart.o(i.DrvUart3TxCheck)
    i.DrvUart4Init                           0x00002218   Section        0  drv_uart.o(i.DrvUart4Init)
    i.DrvUart4TxCheck                        0x000022f0   Section        0  drv_uart.o(i.DrvUart4TxCheck)
    i.DrvUart5Init                           0x00002334   Section        0  drv_uart.o(i.DrvUart5Init)
    i.DrvUart5SendBuf                        0x00002428   Section        0  drv_uart.o(i.DrvUart5SendBuf)
    i.DrvUart5TxCheck                        0x0000245c   Section        0  drv_uart.o(i.DrvUart5TxCheck)
    i.DrvUartDataCheck                       0x000024a0   Section        0  drv_uart.o(i.DrvUartDataCheck)
    i.Drv_AdcGetBatVot                       0x000024b8   Section        0  drv_adc.o(i.Drv_AdcGetBatVot)
    i.DvrLedInit                             0x00002528   Section        0  drv_led.o(i.DvrLedInit)
    i.ESC_Output                             0x000025ac   Section        0  ano_lx.o(i.ESC_Output)
    ESC_Output                               0x000025ad   Thumb Code   364  ano_lx.o(i.ESC_Output)
    i.FC_Unlock                              0x00002728   Section        0  lx_fc_fun.o(i.FC_Unlock)
    i.Frame_Send                             0x00002768   Section        0  ano_dt_lx.o(i.Frame_Send)
    Frame_Send                               0x00002769   Thumb Code   190  ano_dt_lx.o(i.Frame_Send)
    i.GPS_Rate_H                             0x00002830   Section        0  drv_ubloxgps.o(i.GPS_Rate_H)
    i.General_Position_Data_Handle           0x00002840   Section        0  lx_fc_ext_sensor.o(i.General_Position_Data_Handle)
    General_Position_Data_Handle             0x00002841   Thumb Code    90  lx_fc_ext_sensor.o(i.General_Position_Data_Handle)
    i.General_Velocity_Data_Handle           0x000028bc   Section        0  lx_fc_ext_sensor.o(i.General_Velocity_Data_Handle)
    General_Velocity_Data_Handle             0x000028bd   Thumb Code   262  lx_fc_ext_sensor.o(i.General_Velocity_Data_Handle)
    i.GetSysRunTimeMs                        0x000029e4   Section        0  drv_sys.o(i.GetSysRunTimeMs)
    i.Height_Move_Down                       0x000029f0   Section        0  movecontrol.o(i.Height_Move_Down)
    i.Height_Move_Up                         0x00002a44   Section        0  movecontrol.o(i.Height_Move_Up)
    i.Horizontal_Move                        0x00002a9c   Section        0  lx_fc_fun.o(i.Horizontal_Move)
    i.Init_GPS                               0x00002b04   Section        0  drv_ubloxgps.o(i.Init_GPS)
    i.IntEnable                              0x00002be4   Section        0  interrupt.o(i.IntEnable)
    i.IntRegister                            0x00002c48   Section        0  interrupt.o(i.IntRegister)
    i.LED_1ms_DRV                            0x00002c7c   Section        0  drv_led.o(i.LED_1ms_DRV)
    i.LX_Change_Mode                         0x00002cd4   Section        0  lx_fc_fun.o(i.LX_Change_Mode)
    i.LX_FC_EXT_Sensor_Task                  0x00002d30   Section        0  lx_fc_ext_sensor.o(i.LX_FC_EXT_Sensor_Task)
    i.Loop_1000Hz                            0x00002d94   Section        0  ano_scheduler.o(i.Loop_1000Hz)
    Loop_1000Hz                              0x00002d95   Thumb Code     2  ano_scheduler.o(i.Loop_1000Hz)
    i.Loop_100Hz                             0x00002d96   Section        0  ano_scheduler.o(i.Loop_100Hz)
    Loop_100Hz                               0x00002d97   Thumb Code     2  ano_scheduler.o(i.Loop_100Hz)
    i.Loop_200Hz                             0x00002d98   Section        0  ano_scheduler.o(i.Loop_200Hz)
    Loop_200Hz                               0x00002d99   Thumb Code     2  ano_scheduler.o(i.Loop_200Hz)
    i.Loop_20Hz                              0x00002d9a   Section        0  ano_scheduler.o(i.Loop_20Hz)
    Loop_20Hz                                0x00002d9b   Thumb Code     2  ano_scheduler.o(i.Loop_20Hz)
    i.Loop_2Hz                               0x00002d9c   Section        0  ano_scheduler.o(i.Loop_2Hz)
    Loop_2Hz                                 0x00002d9d   Thumb Code    52  ano_scheduler.o(i.Loop_2Hz)
    i.Loop_500Hz                             0x00002ddc   Section        0  ano_scheduler.o(i.Loop_500Hz)
    Loop_500Hz                               0x00002ddd   Thumb Code     2  ano_scheduler.o(i.Loop_500Hz)
    i.Loop_50Hz                              0x00002de0   Section        0  ano_scheduler.o(i.Loop_50Hz)
    Loop_50Hz                                0x00002de1   Thumb Code    16  ano_scheduler.o(i.Loop_50Hz)
    i.Mag_Calibration                        0x00002df4   Section        0  movecontrol.o(i.Mag_Calibration)
    i.MoveControl_DataAnl                    0x00002e2c   Section        0  movecontrol.o(i.MoveControl_DataAnl)
    i.MoveControl_GetOneByte                 0x000030a0   Section        0  movecontrol.o(i.MoveControl_GetOneByte)
    i.MoveControl_Output                     0x000031ac   Section        0  movecontrol.o(i.MoveControl_Output)
    i.MyDelayMs                              0x00003658   Section        0  drv_sys.o(i.MyDelayMs)
    i.NoUse                                  0x0000367c   Section        0  drv_uart.o(i.NoUse)
    i.OneKey_Land                            0x00003680   Section        0  lx_fc_fun.o(i.OneKey_Land)
    i.OneKey_Takeoff                         0x000036b8   Section        0  lx_fc_fun.o(i.OneKey_Takeoff)
    i.PAR_Back                               0x00003700   Section        0  ano_dt_lx.o(i.PAR_Back)
    i.PPM_Decode                             0x00003714   Section        0  drv_rcin.o(i.PPM_Decode)
    PPM_Decode                               0x00003715   Thumb Code   114  drv_rcin.o(i.PPM_Decode)
    i.PositionControl                        0x00003798   Section        0  movecontrol.o(i.PositionControl)
    i.PositionControl_land                   0x00003a10   Section        0  movecontrol.o(i.PositionControl_land)
    i.Quick_Calibration                      0x00003c88   Section        0  movecontrol.o(i.Quick_Calibration)
    i.Scheduler_Run                          0x00003cc0   Section        0  ano_scheduler.o(i.Scheduler_Run)
    i.Scheduler_Setup                        0x00003d10   Section        0  ano_scheduler.o(i.Scheduler_Setup)
    i.SixAxis_Calibration                    0x00003d60   Section        0  movecontrol.o(i.SixAxis_Calibration)
    i.SysCtlClockGet                         0x00003d98   Section        0  sysctl.o(i.SysCtlClockGet)
    i.SysTick_Handler                        0x00003eec   Section        0  drv_sys.o(i.SysTick_Handler)
    i.SysTick_Init                           0x00003f04   Section        0  drv_sys.o(i.SysTick_Init)
    i.SystemInit                             0x00003f3c   Section        0  system_tm4c123.o(i.SystemInit)
    i.Timer0Irq                              0x00003fd4   Section        0  drv_timer.o(i.Timer0Irq)
    i.TimerIntClear                          0x00003fe8   Section        0  timer.o(i.TimerIntClear)
    i.TimerIntRegister                       0x00003fec   Section        0  timer.o(i.TimerIntRegister)
    i.UART1_IRQHandler                       0x00004054   Section        0  drv_uart.o(i.UART1_IRQHandler)
    i.UART2_IRQHandler                       0x000040ac   Section        0  drv_uart.o(i.UART2_IRQHandler)
    i.UART3_IRQHandler                       0x00004104   Section        0  drv_uart.o(i.UART3_IRQHandler)
    i.UART4_IRQHandler                       0x0000415c   Section        0  drv_uart.o(i.UART4_IRQHandler)
    i.UART5_IRQHandler                       0x000041b4   Section        0  drv_uart.o(i.UART5_IRQHandler)
    i.UARTIntRegister                        0x0000420c   Section        0  uart.o(i.UARTIntRegister)
    i.UBLOX_M8_GPS_Data_Receive              0x00004264   Section        0  drv_ubloxgps.o(i.UBLOX_M8_GPS_Data_Receive)
    i.__ARM_fpclassify                       0x000043c8   Section        0  fpclassify.o(i.__ARM_fpclassify)
    i.__hardfp_atan                          0x000043f8   Section        0  atan.o(i.__hardfp_atan)
    i.__hardfp_sqrt                          0x000046d0   Section        0  sqrt.o(i.__hardfp_sqrt)
    i.__kernel_poly                          0x0000474a   Section        0  poly.o(i.__kernel_poly)
    i.__mathlib_dbl_infnan                   0x00004842   Section        0  dunder.o(i.__mathlib_dbl_infnan)
    i.__mathlib_dbl_underflow                0x00004858   Section        0  dunder.o(i.__mathlib_dbl_underflow)
    i.__scatterload_copy                     0x00004878   Section       14  handlers.o(i.__scatterload_copy)
    i.__scatterload_null                     0x00004886   Section        2  handlers.o(i.__scatterload_null)
    i.__scatterload_zeroinit                 0x00004888   Section       14  handlers.o(i.__scatterload_zeroinit)
    i.__set_errno                            0x00004898   Section        0  errno.o(i.__set_errno)
    i.drvAdcTrigger                          0x000048a4   Section        0  drv_adc.o(i.drvAdcTrigger)
    i.fabs                                   0x000048bc   Section        0  fabs.o(i.fabs)
    i.fast_atan2                             0x000048d4   Section        0  ano_math.o(i.fast_atan2)
    i.final_land                             0x00004a50   Section        0  movecontrol.o(i.final_land)
    i.fly2field                              0x00004b10   Section        0  movecontrol.o(i.fly2field)
    i.fly2height                             0x00004bdc   Section        0  movecontrol.o(i.fly2height)
    i.heightcontrol                          0x00004c20   Section        0  movecontrol.o(i.heightcontrol)
    i.main                                   0x00004cbc   Section        0  main.o(i.main)
    i.my_abs                                 0x00004d1c   Section        0  ano_math.o(i.my_abs)
    i.send_laser_request                     0x00004d38   Section        0  movecontrol.o(i.send_laser_request)
    i.setHeight                              0x00004da8   Section        0  movecontrol.o(i.setHeight)
    i.window_avg                             0x00004db4   Section        0  movecontrol.o(i.window_avg)
    .constdata                               0x00004dd8   Section     1028  ano_math.o(.constdata)
    .constdata                               0x000051dc   Section      596  sysctl.o(.constdata)
    g_pui32VCOFrequencies                    0x000051dc   Data           8  sysctl.o(.constdata)
    g_pui32Xtals                             0x000051e4   Data         108  sysctl.o(.constdata)
    g_pppui32XTALtoVCO                       0x00005250   Data         432  sysctl.o(.constdata)
    g_sXTALtoMEMTIM                          0x00005400   Data          48  sysctl.o(.constdata)
    .constdata                               0x00005430   Section      160  timer.o(.constdata)
    g_ppui32TimerIntMap                      0x00005430   Data          96  timer.o(.constdata)
    g_ppui32TimerIntMapSnowflake             0x00005490   Data          64  timer.o(.constdata)
    .constdata                               0x000054d0   Section      128  uart.o(.constdata)
    g_ppui32UARTIntMap                       0x000054d0   Data          64  uart.o(.constdata)
    g_ppui32UARTIntMapSnowflake              0x00005510   Data          64  uart.o(.constdata)
    .constdata                               0x00005550   Section      268  interrupt.o(.constdata)
    g_pui32Priority                          0x00005550   Data          32  interrupt.o(.constdata)
    g_pui32Regs                              0x00005570   Data         156  interrupt.o(.constdata)
    g_pui32EnRegs                            0x0000560c   Data          20  interrupt.o(.constdata)
    g_pui32Dii16Regs                         0x00005620   Data          20  interrupt.o(.constdata)
    g_pui32PendRegs                          0x00005634   Data          20  interrupt.o(.constdata)
    g_pui32UnpendRegs                        0x00005648   Data          20  interrupt.o(.constdata)
    .constdata                               0x00005660   Section      152  atan.o(.constdata)
    atanhi                                   0x00005660   Data          32  atan.o(.constdata)
    atanlo                                   0x00005680   Data          32  atan.o(.constdata)
    aTodd                                    0x000056a0   Data          40  atan.o(.constdata)
    aTeven                                   0x000056c8   Data          48  atan.o(.constdata)
    .data                                    0x20000000   Section       84  ano_scheduler.o(.data)
    sched_tasks                              0x20000000   Data          84  ano_scheduler.o(.data)
    .data                                    0x20000054   Section        6  ano_dt_lx.o(.data)
    DT_data_cnt                              0x20000054   Data           1  ano_dt_lx.o(.data)
    repeat_cnt                               0x20000055   Data           1  ano_dt_lx.o(.data)
    _data_len                                0x20000056   Data           1  ano_dt_lx.o(.data)
    _data_cnt                                0x20000057   Data           1  ano_dt_lx.o(.data)
    rxstate                                  0x20000058   Data           1  ano_dt_lx.o(.data)
    time_dly                                 0x20000059   Data           1  ano_dt_lx.o(.data)
    .data                                    0x2000005a   Section       10  ano_lx.o(.data)
    esc_calibrated                           0x2000005e   Data           1  ano_lx.o(.data)
    tmp_cnt                                  0x20000060   Data           4  ano_lx.o(.data)
    .data                                    0x20000064   Section        6  lx_fc_ext_sensor.o(.data)
    of_update_cnt                            0x20000064   Data           1  lx_fc_ext_sensor.o(.data)
    of_alt_update_cnt                        0x20000065   Data           1  lx_fc_ext_sensor.o(.data)
    dT_ms                                    0x20000066   Data           1  lx_fc_ext_sensor.o(.data)
    t265_pos_update_cnt                      0x20000067   Data           1  lx_fc_ext_sensor.o(.data)
    dT_ms                                    0x20000068   Data           1  lx_fc_ext_sensor.o(.data)
    of_alt_update_cnt                        0x20000069   Data           1  lx_fc_ext_sensor.o(.data)
    .data                                    0x2000006a   Section        1  lx_fc_fun.o(.data)
    old_mode                                 0x2000006a   Data           1  lx_fc_fun.o(.data)
    .data                                    0x2000006c   Section       18  drv_bsp.o(.data)
    ch_sta                                   0x2000006c   Data           1  drv_bsp.o(.data)
    sbus_time                                0x20000070   Data           8  drv_bsp.o(.data)
    cnt                                      0x20000078   Data           1  drv_bsp.o(.data)
    frame_cnt                                0x20000079   Data           1  drv_bsp.o(.data)
    cnt_tmp                                  0x2000007a   Data           1  drv_bsp.o(.data)
    time_dly                                 0x2000007c   Data           2  drv_bsp.o(.data)
    .data                                    0x2000007e   Section        3  drv_anoof.o(.data)
    _data_len                                0x2000007e   Data           1  drv_anoof.o(.data)
    _data_cnt                                0x2000007f   Data           1  drv_anoof.o(.data)
    rxstate                                  0x20000080   Data           1  drv_anoof.o(.data)
    .data                                    0x20000082   Section      182  drv_ubloxgps.o(.data)
    protocol_class                           0x20000131   Data           1  drv_ubloxgps.o(.data)
    protocol_id                              0x20000132   Data           1  drv_ubloxgps.o(.data)
    protocol_length_t                        0x20000133   Data           1  drv_ubloxgps.o(.data)
    protocol_length                          0x20000134   Data           2  drv_ubloxgps.o(.data)
    state                                    0x20000137   Data           1  drv_ubloxgps.o(.data)
    .data                                    0x20000138   Section        8  drv_sys.o(.data)
    SysRunTimeMs                             0x20000138   Data           8  drv_sys.o(.data)
    .data                                    0x20000140   Section        4  drv_adc.o(.data)
    .data                                    0x20000144   Section       12  drv_led.o(.data)
    led_cnt                                  0x20000148   Data           8  drv_led.o(.data)
    .data                                    0x20000150   Section       12  drv_rcin.o(.data)
    PeriodVal1                               0x20000150   Data           4  drv_rcin.o(.data)
    PeriodVal2                               0x20000154   Data           4  drv_rcin.o(.data)
    PulseHigh                                0x20000158   Data           4  drv_rcin.o(.data)
    .data                                    0x2000015c   Section       10  drv_uart.o(.data)
    .data                                    0x20000168   Section      112  movecontrol.o(.data)
    func_code_u2                             0x20000168   Data           1  movecontrol.o(.data)
    distance_cm                              0x2000016a   Data           2  movecontrol.o(.data)
    velocity_cmps                            0x2000016c   Data           2  movecontrol.o(.data)
    dir_angle_0_360                          0x2000016e   Data           2  movecontrol.o(.data)
    spin_angle_0_360                         0x20000170   Data           2  movecontrol.o(.data)
    spin_speed_dps                           0x20000172   Data           2  movecontrol.o(.data)
    origin_dir                               0x20000174   Data           1  movecontrol.o(.data)
    cir_motion_dir                           0x20000175   Data           1  movecontrol.o(.data)
    cir_motion_r_cm                          0x20000176   Data           1  movecontrol.o(.data)
    cir_motion_speed_dps                     0x20000177   Data           1  movecontrol.o(.data)
    cir_motion_degrees                       0x20000178   Data           2  movecontrol.o(.data)
    mission_f                                0x200001a4   Data           1  movecontrol.o(.data)
    mission_step                             0x200001a5   Data           1  movecontrol.o(.data)
    time_dly_cnt_ms                          0x200001a6   Data           2  movecontrol.o(.data)
    _data_len_u2                             0x200001b8   Data           1  movecontrol.o(.data)
    _data_cnt_u2                             0x200001b9   Data           1  movecontrol.o(.data)
    rxstate_u2                               0x200001ba   Data           1  movecontrol.o(.data)
    speed                                    0x200001bc   Data           4  movecontrol.o(.data)
    speed                                    0x200001c0   Data           4  movecontrol.o(.data)
    dir                                      0x200001c4   Data           4  movecontrol.o(.data)
    dif                                      0x200001c8   Data           4  movecontrol.o(.data)
    speed                                    0x200001cc   Data           4  movecontrol.o(.data)
    dir                                      0x200001d0   Data           4  movecontrol.o(.data)
    dif                                      0x200001d4   Data           4  movecontrol.o(.data)
    .data                                    0x200001d8   Section       22  waypointcontrol.o(.data)
    dif_x_position                           0x200001e8   Data           2  waypointcontrol.o(.data)
    dif_y_position                           0x200001ea   Data           2  waypointcontrol.o(.data)
    dif_z_position                           0x200001ec   Data           2  waypointcontrol.o(.data)
    .data                                    0x200001f0   Section        4  errno.o(.data)
    _errno                                   0x200001f0   Data           4  errno.o(.data)
    vtable                                   0x20000400   Section      620  interrupt.o(vtable)
    g_pfnRAMVectors                          0x20000400   Data         620  interrupt.o(vtable)
    .bss                                     0x2000066c   Section     1872  ano_dt_lx.o(.bss)
    DT_RxBuffer                              0x20000cbc   Data         256  ano_dt_lx.o(.bss)
    .bss                                     0x20000dbc   Section       46  ano_lx.o(.bss)
    pwm                                      0x20000dda   Data          16  ano_lx.o(.bss)
    .bss                                     0x20000dea   Section       48  lx_fc_ext_sensor.o(.bss)
    .bss                                     0x20000e1a   Section       11  lx_fc_state.o(.bss)
    .bss                                     0x20000e26   Section      107  drv_bsp.o(.bss)
    datatmp                                  0x20000e78   Data          25  drv_bsp.o(.bss)
    .bss                                     0x20000e94   Section      124  drv_anoof.o(.bss)
    _datatemp                                0x20000ed0   Data          50  drv_anoof.o(.bss)
    check_time_ms                            0x20000f04   Data          12  drv_anoof.o(.bss)
    .bss                                     0x20000f10   Section      100  drv_ubloxgps.o(.bss)
    .bss                                     0x20000f74   Section     1280  drv_uart.o(.bss)
    .bss                                     0x20001474   Section      150  movecontrol.o(.bss)
    MoveControl_datatemp                     0x20001474   Data          50  movecontrol.o(.bss)
    func_usartBuffer                         0x200014a6   Data         100  movecontrol.o(.bss)
    STACK                                    0x20001510   Section     2560  startup_tm4c123.o(STACK)

    Global Symbols

    Symbol Name                              Value     Ov Type        Size  Object(Section)

    BuildAttributes$$THM_ISAv4$E$P$D$K$B$S$7EM$VFPi3$EXTD16$VFPS$VFMA$PE$A:L22UL41UL21$X:L11$S22US41US21$IEEE1$IW$USESV6$~STKCKD$USESV7$~SHL$OTIME$ROPI$IEEEX$EBA8$MICROLIB$REQ8$PRES8$EABIv2 0x00000000   Number         0  anon$$obj.o ABSOLUTE
    __ARM_use_no_argv                        0x00000000   Number         0  main.o ABSOLUTE
    __Vectors                                0x00000000   Data           4  startup_tm4c123.o(RESET)
    __cpp_initialize__aeabi_                  - Undefined Weak Reference
    __cxa_finalize                            - Undefined Weak Reference
    _clock_init                               - Undefined Weak Reference
    _microlib_exit                            - Undefined Weak Reference
    __Vectors_End                            0x0000026c   Data           0  startup_tm4c123.o(RESET)
    __Vectors_Size                           0x0000026c   Number         0  startup_tm4c123.o ABSOLUTE
    __main                                   0x0000026d   Thumb Code     0  entry.o(.ARM.Collect$$$$00000000)
    _main_stk                                0x0000026d   Thumb Code     0  entry2.o(.ARM.Collect$$$$00000001)
    _main_scatterload                        0x00000271   Thumb Code     0  entry5.o(.ARM.Collect$$$$00000004)
    __main_after_scatterload                 0x00000275   Thumb Code     0  entry5.o(.ARM.Collect$$$$00000004)
    _main_clock                              0x00000275   Thumb Code     0  entry7b.o(.ARM.Collect$$$$00000008)
    _main_cpp_init                           0x00000275   Thumb Code     0  entry8b.o(.ARM.Collect$$$$0000000A)
    _main_init                               0x00000275   Thumb Code     0  entry9a.o(.ARM.Collect$$$$0000000B)
    __rt_final_cpp                           0x0000027d   Thumb Code     0  entry10a.o(.ARM.Collect$$$$0000000D)
    __rt_final_exit                          0x0000027d   Thumb Code     0  entry11a.o(.ARM.Collect$$$$0000000F)
    Reset_Handler                            0x00000281   Thumb Code     8  startup_tm4c123.o(.text)
    NMI_Handler                              0x00000289   Thumb Code     2  startup_tm4c123.o(.text)
    HardFault_Handler                        0x0000028b   Thumb Code     2  startup_tm4c123.o(.text)
    MemManage_Handler                        0x0000028d   Thumb Code     2  startup_tm4c123.o(.text)
    BusFault_Handler                         0x0000028f   Thumb Code     2  startup_tm4c123.o(.text)
    UsageFault_Handler                       0x00000291   Thumb Code     2  startup_tm4c123.o(.text)
    SVC_Handler                              0x00000293   Thumb Code     2  startup_tm4c123.o(.text)
    DebugMon_Handler                         0x00000295   Thumb Code     2  startup_tm4c123.o(.text)
    PendSV_Handler                           0x00000297   Thumb Code     2  startup_tm4c123.o(.text)
    GPIOA_Handler                            0x0000029b   Thumb Code     2  startup_tm4c123.o(.text)
    GPIOB_Handler                            0x0000029d   Thumb Code     2  startup_tm4c123.o(.text)
    GPIOC_Handler                            0x0000029f   Thumb Code     2  startup_tm4c123.o(.text)
    GPIOD_Handler                            0x000002a1   Thumb Code     2  startup_tm4c123.o(.text)
    GPIOE_Handler                            0x000002a3   Thumb Code     2  startup_tm4c123.o(.text)
    UART0_Handler                            0x000002a5   Thumb Code     2  startup_tm4c123.o(.text)
    UART1_Handler                            0x000002a7   Thumb Code     2  startup_tm4c123.o(.text)
    SSI0_Handler                             0x000002a9   Thumb Code     2  startup_tm4c123.o(.text)
    I2C0_Handler                             0x000002ab   Thumb Code     2  startup_tm4c123.o(.text)
    PMW0_FAULT_Handler                       0x000002ad   Thumb Code     2  startup_tm4c123.o(.text)
    PWM0_0_Handler                           0x000002af   Thumb Code     2  startup_tm4c123.o(.text)
    PWM0_1_Handler                           0x000002b1   Thumb Code     2  startup_tm4c123.o(.text)
    PWM0_2_Handler                           0x000002b3   Thumb Code     2  startup_tm4c123.o(.text)
    QEI0_Handler                             0x000002b5   Thumb Code     2  startup_tm4c123.o(.text)
    ADC0SS0_Handler                          0x000002b7   Thumb Code     2  startup_tm4c123.o(.text)
    ADC0SS1_Handler                          0x000002b9   Thumb Code     2  startup_tm4c123.o(.text)
    ADC0SS2_Handler                          0x000002bb   Thumb Code     2  startup_tm4c123.o(.text)
    ADC0SS3_Handler                          0x000002bd   Thumb Code     2  startup_tm4c123.o(.text)
    WDT0_Handler                             0x000002bf   Thumb Code     2  startup_tm4c123.o(.text)
    TIMER0A_Handler                          0x000002c1   Thumb Code     2  startup_tm4c123.o(.text)
    TIMER0B_Handler                          0x000002c3   Thumb Code     2  startup_tm4c123.o(.text)
    TIMER1A_Handler                          0x000002c5   Thumb Code     2  startup_tm4c123.o(.text)
    TIMER1B_Handler                          0x000002c7   Thumb Code     2  startup_tm4c123.o(.text)
    TIMER2A_Handler                          0x000002c9   Thumb Code     2  startup_tm4c123.o(.text)
    TIMER2B_Handler                          0x000002cb   Thumb Code     2  startup_tm4c123.o(.text)
    COMP0_Handler                            0x000002cd   Thumb Code     2  startup_tm4c123.o(.text)
    COMP1_Handler                            0x000002cf   Thumb Code     2  startup_tm4c123.o(.text)
    COMP2_Handler                            0x000002d1   Thumb Code     2  startup_tm4c123.o(.text)
    SYSCTL_Handler                           0x000002d3   Thumb Code     2  startup_tm4c123.o(.text)
    FLASH_Handler                            0x000002d5   Thumb Code     2  startup_tm4c123.o(.text)
    GPIOF_Handler                            0x000002d7   Thumb Code     2  startup_tm4c123.o(.text)
    GPIOG_Handler                            0x000002d9   Thumb Code     2  startup_tm4c123.o(.text)
    GPIOH_Handler                            0x000002db   Thumb Code     2  startup_tm4c123.o(.text)
    UART2_Handler                            0x000002dd   Thumb Code     2  startup_tm4c123.o(.text)
    SSI1_Handler                             0x000002df   Thumb Code     2  startup_tm4c123.o(.text)
    TIMER3A_Handler                          0x000002e1   Thumb Code     2  startup_tm4c123.o(.text)
    TIMER3B_Handler                          0x000002e3   Thumb Code     2  startup_tm4c123.o(.text)
    I2C1_Handler                             0x000002e5   Thumb Code     2  startup_tm4c123.o(.text)
    QEI1_Handler                             0x000002e7   Thumb Code     2  startup_tm4c123.o(.text)
    CAN0_Handler                             0x000002e9   Thumb Code     2  startup_tm4c123.o(.text)
    CAN1_Handler                             0x000002eb   Thumb Code     2  startup_tm4c123.o(.text)
    CAN2_Handler                             0x000002ed   Thumb Code     2  startup_tm4c123.o(.text)
    HIB_Handler                              0x000002ef   Thumb Code     2  startup_tm4c123.o(.text)
    USB0_Handler                             0x000002f1   Thumb Code     2  startup_tm4c123.o(.text)
    PWM0_3_Handler                           0x000002f3   Thumb Code     2  startup_tm4c123.o(.text)
    UDMA_Handler                             0x000002f5   Thumb Code     2  startup_tm4c123.o(.text)
    UDMAERR_Handler                          0x000002f7   Thumb Code     2  startup_tm4c123.o(.text)
    ADC1SS0_Handler                          0x000002f9   Thumb Code     2  startup_tm4c123.o(.text)
    ADC1SS1_Handler                          0x000002fb   Thumb Code     2  startup_tm4c123.o(.text)
    ADC1SS2_Handler                          0x000002fd   Thumb Code     2  startup_tm4c123.o(.text)
    ADC1SS3_Handler                          0x000002ff   Thumb Code     2  startup_tm4c123.o(.text)
    GPIOJ_Handler                            0x00000301   Thumb Code     2  startup_tm4c123.o(.text)
    GPIOK_Handler                            0x00000303   Thumb Code     2  startup_tm4c123.o(.text)
    GPIOL_Handler                            0x00000305   Thumb Code     2  startup_tm4c123.o(.text)
    SSI2_Handler                             0x00000307   Thumb Code     2  startup_tm4c123.o(.text)
    SSI3_Handler                             0x00000309   Thumb Code     2  startup_tm4c123.o(.text)
    UART3_Handler                            0x0000030b   Thumb Code     2  startup_tm4c123.o(.text)
    UART4_Handler                            0x0000030d   Thumb Code     2  startup_tm4c123.o(.text)
    UART5_Handler                            0x0000030f   Thumb Code     2  startup_tm4c123.o(.text)
    UART6_Handler                            0x00000311   Thumb Code     2  startup_tm4c123.o(.text)
    UART7_Handler                            0x00000313   Thumb Code     2  startup_tm4c123.o(.text)
    I2C2_Handler                             0x00000315   Thumb Code     2  startup_tm4c123.o(.text)
    I2C3_Handler                             0x00000317   Thumb Code     2  startup_tm4c123.o(.text)
    TIMER4A_Handler                          0x00000319   Thumb Code     2  startup_tm4c123.o(.text)
    TIMER4B_Handler                          0x0000031b   Thumb Code     2  startup_tm4c123.o(.text)
    TIMER5A_Handler                          0x0000031d   Thumb Code     2  startup_tm4c123.o(.text)
    TIMER5B_Handler                          0x0000031f   Thumb Code     2  startup_tm4c123.o(.text)
    WTIMER0A_Handler                         0x00000321   Thumb Code     2  startup_tm4c123.o(.text)
    WTIMER0B_Handler                         0x00000323   Thumb Code     2  startup_tm4c123.o(.text)
    WTIMER1A_Handler                         0x00000325   Thumb Code     2  startup_tm4c123.o(.text)
    WTIMER1B_Handler                         0x00000327   Thumb Code     2  startup_tm4c123.o(.text)
    WTIMER2A_Handler                         0x00000329   Thumb Code     2  startup_tm4c123.o(.text)
    WTIMER2B_Handler                         0x0000032b   Thumb Code     2  startup_tm4c123.o(.text)
    WTIMER3A_Handler                         0x0000032d   Thumb Code     2  startup_tm4c123.o(.text)
    WTIMER3B_Handler                         0x0000032f   Thumb Code     2  startup_tm4c123.o(.text)
    WTIMER4A_Handler                         0x00000331   Thumb Code     2  startup_tm4c123.o(.text)
    WTIMER4B_Handler                         0x00000333   Thumb Code     2  startup_tm4c123.o(.text)
    WTIMER5A_Handler                         0x00000335   Thumb Code     2  startup_tm4c123.o(.text)
    WTIMER5B_Handler                         0x00000337   Thumb Code     2  startup_tm4c123.o(.text)
    FPU_Handler                              0x00000339   Thumb Code     2  startup_tm4c123.o(.text)
    I2C4_Handler                             0x0000033b   Thumb Code     2  startup_tm4c123.o(.text)
    I2C5_Handler                             0x0000033d   Thumb Code     2  startup_tm4c123.o(.text)
    GPIOM_Handler                            0x0000033f   Thumb Code     2  startup_tm4c123.o(.text)
    GPION_Handler                            0x00000341   Thumb Code     2  startup_tm4c123.o(.text)
    QEI2_Handler                             0x00000343   Thumb Code     2  startup_tm4c123.o(.text)
    GPIOP0_Handler                           0x00000345   Thumb Code     2  startup_tm4c123.o(.text)
    GPIOP1_Handler                           0x00000347   Thumb Code     2  startup_tm4c123.o(.text)
    GPIOP2_Handler                           0x00000349   Thumb Code     2  startup_tm4c123.o(.text)
    GPIOP3_Handler                           0x0000034b   Thumb Code     2  startup_tm4c123.o(.text)
    GPIOP4_Handler                           0x0000034d   Thumb Code     2  startup_tm4c123.o(.text)
    GPIOP5_Handler                           0x0000034f   Thumb Code     2  startup_tm4c123.o(.text)
    GPIOP6_Handler                           0x00000351   Thumb Code     2  startup_tm4c123.o(.text)
    GPIOP7_Handler                           0x00000353   Thumb Code     2  startup_tm4c123.o(.text)
    GPIOQ0_Handler                           0x00000355   Thumb Code     2  startup_tm4c123.o(.text)
    GPIOQ1_Handler                           0x00000357   Thumb Code     2  startup_tm4c123.o(.text)
    GPIOQ2_Handler                           0x00000359   Thumb Code     2  startup_tm4c123.o(.text)
    GPIOQ3_Handler                           0x0000035b   Thumb Code     2  startup_tm4c123.o(.text)
    GPIOQ4_Handler                           0x0000035d   Thumb Code     2  startup_tm4c123.o(.text)
    GPIOQ5_Handler                           0x0000035f   Thumb Code     2  startup_tm4c123.o(.text)
    GPIOQ6_Handler                           0x00000361   Thumb Code     2  startup_tm4c123.o(.text)
    GPIOQ7_Handler                           0x00000363   Thumb Code     2  startup_tm4c123.o(.text)
    GPIOR_Handler                            0x00000365   Thumb Code     2  startup_tm4c123.o(.text)
    GPIOS_Handler                            0x00000367   Thumb Code     2  startup_tm4c123.o(.text)
    PMW1_0_Handler                           0x00000369   Thumb Code     2  startup_tm4c123.o(.text)
    PWM1_1_Handler                           0x0000036b   Thumb Code     2  startup_tm4c123.o(.text)
    PWM1_2_Handler                           0x0000036d   Thumb Code     2  startup_tm4c123.o(.text)
    PWM1_3_Handler                           0x0000036f   Thumb Code     2  startup_tm4c123.o(.text)
    PWM1_FAULT_Handler                       0x00000371   Thumb Code     2  startup_tm4c123.o(.text)
    __aeabi_dadd                             0x0000037d   Thumb Code   322  dadd.o(.text)
    __aeabi_dsub                             0x000004bf   Thumb Code     6  dadd.o(.text)
    __aeabi_drsub                            0x000004c5   Thumb Code     6  dadd.o(.text)
    __aeabi_dmul                             0x000004cb   Thumb Code   228  dmul.o(.text)
    __aeabi_ddiv                             0x000005af   Thumb Code   222  ddiv.o(.text)
    __aeabi_i2d                              0x0000068d   Thumb Code    34  dflti.o(.text)
    __aeabi_ui2d                             0x000006af   Thumb Code    26  dfltui.o(.text)
    __aeabi_d2iz                             0x000006c9   Thumb Code    62  dfixi.o(.text)
    __aeabi_f2d                              0x00000707   Thumb Code    38  f2d.o(.text)
    __aeabi_d2f                              0x0000072d   Thumb Code    56  d2f.o(.text)
    __aeabi_llsl                             0x00000765   Thumb Code    30  llshl.o(.text)
    _ll_shift_l                              0x00000765   Thumb Code     0  llshl.o(.text)
    __aeabi_llsr                             0x00000783   Thumb Code    32  llushr.o(.text)
    _ll_ushift_r                             0x00000783   Thumb Code     0  llushr.o(.text)
    __aeabi_lasr                             0x000007a3   Thumb Code    36  llsshr.o(.text)
    _ll_sshift_r                             0x000007a3   Thumb Code     0  llsshr.o(.text)
    __I$use$fp                               0x000007c7   Thumb Code     0  iusefp.o(.text)
    _float_round                             0x000007c7   Thumb Code    18  fepilogue.o(.text)
    _float_epilogue                          0x000007d9   Thumb Code    92  fepilogue.o(.text)
    _double_round                            0x00000835   Thumb Code    30  depilogue.o(.text)
    _double_epilogue                         0x00000853   Thumb Code   156  depilogue.o(.text)
    _dsqrt                                   0x000008ef   Thumb Code   162  dsqrt.o(.text)
    __scatterload                            0x00000991   Thumb Code    28  init.o(.text)
    __scatterload_rt2                        0x00000991   Thumb Code     0  init.o(.text)
    __decompress                             0x000009b5   Thumb Code     0  __dczerorl2.o(.text)
    __decompress1                            0x000009b5   Thumb Code    86  __dczerorl2.o(.text)
    ADCIntRegister                           0x00000a39   Thumb Code    92  adc.o(i.ADCIntRegister)
    ANO_DT_Init                              0x00000aa1   Thumb Code   212  ano_dt_lx.o(i.ANO_DT_Init)
    ANO_DT_LX_Data_Receive_Prepare           0x00000d1d   Thumb Code   258  ano_dt_lx.o(i.ANO_DT_LX_Data_Receive_Prepare)
    ANO_LX_Data_Exchange_Task                0x00000e45   Thumb Code    80  ano_dt_lx.o(i.ANO_LX_Data_Exchange_Task)
    ANO_LX_Task                              0x00000e95   Thumb Code   114  ano_lx.o(i.ANO_LX_Task)
    All_Init                                 0x0000112d   Thumb Code    98  drv_bsp.o(i.All_Init)
    AnoOF_Check_State                        0x00001195   Thumb Code   180  drv_anoof.o(i.AnoOF_Check_State)
    AnoOF_GetOneByte                         0x000014c9   Thumb Code   252  drv_anoof.o(i.AnoOF_GetOneByte)
    CK_Back                                  0x000015f9   Thumb Code    12  ano_dt_lx.o(i.CK_Back)
    CMD_Send                                 0x00001671   Thumb Code    22  ano_dt_lx.o(i.CMD_Send)
    DrvAdcInit                               0x0000171d   Thumb Code   164  drv_adc.o(i.DrvAdcInit)
    DrvLedOnOff                              0x000017d5   Thumb Code   170  drv_led.o(i.DrvLedOnOff)
    DrvMotorPWMSet                           0x00001889   Thumb Code   222  drv_pwmout.o(i.DrvMotorPWMSet)
    DrvPpmGetOneCh                           0x00001975   Thumb Code    92  drv_bsp.o(i.DrvPpmGetOneCh)
    DrvPwmOutInit                            0x000019d9   Thumb Code   666  drv_pwmout.o(i.DrvPwmOutInit)
    DrvRcInputInit                           0x00001cb1   Thumb Code    16  drv_bsp.o(i.DrvRcInputInit)
    DrvRcPpmInit                             0x00001cc5   Thumb Code   182  drv_rcin.o(i.DrvRcPpmInit)
    DrvSysInit                               0x00001d99   Thumb Code    68  drv_sys.o(i.DrvSysInit)
    DrvTimerFcInit                           0x00001de9   Thumb Code   110  drv_timer.o(i.DrvTimerFcInit)
    DrvUart1Init                             0x00001e65   Thumb Code   192  drv_uart.o(i.DrvUart1Init)
    DrvUart1SendBuf                          0x00001f35   Thumb Code    42  drv_uart.o(i.DrvUart1SendBuf)
    DrvUart1TxCheck                          0x00001f69   Thumb Code    52  drv_uart.o(i.DrvUart1TxCheck)
    DrvUart2Init                             0x00001fad   Thumb Code   188  drv_uart.o(i.DrvUart2Init)
    DrvUart2SendBuf                          0x00002085   Thumb Code    42  drv_uart.o(i.DrvUart2SendBuf)
    DrvUart2TxCheck                          0x000020b9   Thumb Code    52  drv_uart.o(i.DrvUart2TxCheck)
    DrvUart3Init                             0x000020fd   Thumb Code   188  drv_uart.o(i.DrvUart3Init)
    DrvUart3TxCheck                          0x000021d5   Thumb Code    52  drv_uart.o(i.DrvUart3TxCheck)
    DrvUart4Init                             0x00002219   Thumb Code   188  drv_uart.o(i.DrvUart4Init)
    DrvUart4TxCheck                          0x000022f1   Thumb Code    52  drv_uart.o(i.DrvUart4TxCheck)
    DrvUart5Init                             0x00002335   Thumb Code   206  drv_uart.o(i.DrvUart5Init)
    DrvUart5SendBuf                          0x00002429   Thumb Code    42  drv_uart.o(i.DrvUart5SendBuf)
    DrvUart5TxCheck                          0x0000245d   Thumb Code    52  drv_uart.o(i.DrvUart5TxCheck)
    DrvUartDataCheck                         0x000024a1   Thumb Code    24  drv_uart.o(i.DrvUartDataCheck)
    Drv_AdcGetBatVot                         0x000024b9   Thumb Code    84  drv_adc.o(i.Drv_AdcGetBatVot)
    DvrLedInit                               0x00002529   Thumb Code   120  drv_led.o(i.DvrLedInit)
    FC_Unlock                                0x00002729   Thumb Code    56  lx_fc_fun.o(i.FC_Unlock)
    GPS_Rate_H                               0x00002831   Thumb Code    12  drv_ubloxgps.o(i.GPS_Rate_H)
    GetSysRunTimeMs                          0x000029e5   Thumb Code     6  drv_sys.o(i.GetSysRunTimeMs)
    Height_Move_Down                         0x000029f1   Thumb Code    80  movecontrol.o(i.Height_Move_Down)
    Height_Move_Up                           0x00002a45   Thumb Code    82  movecontrol.o(i.Height_Move_Up)
    Horizontal_Move                          0x00002a9d   Thumb Code    98  lx_fc_fun.o(i.Horizontal_Move)
    Init_GPS                                 0x00002b05   Thumb Code   196  drv_ubloxgps.o(i.Init_GPS)
    IntEnable                                0x00002be5   Thumb Code    92  interrupt.o(i.IntEnable)
    IntRegister                              0x00002c49   Thumb Code    44  interrupt.o(i.IntRegister)
    LED_1ms_DRV                              0x00002c7d   Thumb Code    78  drv_led.o(i.LED_1ms_DRV)
    LX_Change_Mode                           0x00002cd5   Thumb Code    80  lx_fc_fun.o(i.LX_Change_Mode)
    LX_FC_EXT_Sensor_Task                    0x00002d31   Thumb Code    82  lx_fc_ext_sensor.o(i.LX_FC_EXT_Sensor_Task)
    Mag_Calibration                          0x00002df5   Thumb Code    50  movecontrol.o(i.Mag_Calibration)
    MoveControl_DataAnl                      0x00002e2d   Thumb Code   534  movecontrol.o(i.MoveControl_DataAnl)
    MoveControl_GetOneByte                   0x000030a1   Thumb Code   252  movecontrol.o(i.MoveControl_GetOneByte)
    MoveControl_Output                       0x000031ad   Thumb Code  1186  movecontrol.o(i.MoveControl_Output)
    MyDelayMs                                0x00003659   Thumb Code    30  drv_sys.o(i.MyDelayMs)
    NoUse                                    0x0000367d   Thumb Code     2  drv_uart.o(i.NoUse)
    OneKey_Land                              0x00003681   Thumb Code    50  lx_fc_fun.o(i.OneKey_Land)
    OneKey_Takeoff                           0x000036b9   Thumb Code    66  lx_fc_fun.o(i.OneKey_Takeoff)
    PAR_Back                                 0x00003701   Thumb Code    14  ano_dt_lx.o(i.PAR_Back)
    PositionControl                          0x00003799   Thumb Code   580  movecontrol.o(i.PositionControl)
    PositionControl_land                     0x00003a11   Thumb Code   580  movecontrol.o(i.PositionControl_land)
    Quick_Calibration                        0x00003c89   Thumb Code    50  movecontrol.o(i.Quick_Calibration)
    Scheduler_Run                            0x00003cc1   Thumb Code    76  ano_scheduler.o(i.Scheduler_Run)
    Scheduler_Setup                          0x00003d11   Thumb Code    76  ano_scheduler.o(i.Scheduler_Setup)
    SixAxis_Calibration                      0x00003d61   Thumb Code    50  movecontrol.o(i.SixAxis_Calibration)
    SysCtlClockGet                           0x00003d99   Thumb Code   304  sysctl.o(i.SysCtlClockGet)
    SysTick_Handler                          0x00003eed   Thumb Code    20  drv_sys.o(i.SysTick_Handler)
    SysTick_Init                             0x00003f05   Thumb Code    54  drv_sys.o(i.SysTick_Init)
    SystemInit                               0x00003f3d   Thumb Code   112  system_tm4c123.o(i.SystemInit)
    Timer0Irq                                0x00003fd5   Thumb Code    16  drv_timer.o(i.Timer0Irq)
    TimerIntClear                            0x00003fe9   Thumb Code     4  timer.o(i.TimerIntClear)
    TimerIntRegister                         0x00003fed   Thumb Code    88  timer.o(i.TimerIntRegister)
    UART1_IRQHandler                         0x00004055   Thumb Code    82  drv_uart.o(i.UART1_IRQHandler)
    UART2_IRQHandler                         0x000040ad   Thumb Code    82  drv_uart.o(i.UART2_IRQHandler)
    UART3_IRQHandler                         0x00004105   Thumb Code    82  drv_uart.o(i.UART3_IRQHandler)
    UART4_IRQHandler                         0x0000415d   Thumb Code    82  drv_uart.o(i.UART4_IRQHandler)
    UART5_IRQHandler                         0x000041b5   Thumb Code    82  drv_uart.o(i.UART5_IRQHandler)
    UARTIntRegister                          0x0000420d   Thumb Code    70  uart.o(i.UARTIntRegister)
    UBLOX_M8_GPS_Data_Receive                0x00004265   Thumb Code   328  drv_ubloxgps.o(i.UBLOX_M8_GPS_Data_Receive)
    __ARM_fpclassify                         0x000043c9   Thumb Code    48  fpclassify.o(i.__ARM_fpclassify)
    __hardfp_atan                            0x000043f9   Thumb Code   622  atan.o(i.__hardfp_atan)
    __hardfp_sqrt                            0x000046d1   Thumb Code   122  sqrt.o(i.__hardfp_sqrt)
    __kernel_poly                            0x0000474b   Thumb Code   248  poly.o(i.__kernel_poly)
    __mathlib_dbl_infnan                     0x00004843   Thumb Code    20  dunder.o(i.__mathlib_dbl_infnan)
    __mathlib_dbl_underflow                  0x00004859   Thumb Code    24  dunder.o(i.__mathlib_dbl_underflow)
    __scatterload_copy                       0x00004879   Thumb Code    14  handlers.o(i.__scatterload_copy)
    __scatterload_null                       0x00004887   Thumb Code     2  handlers.o(i.__scatterload_null)
    __scatterload_zeroinit                   0x00004889   Thumb Code    14  handlers.o(i.__scatterload_zeroinit)
    __set_errno                              0x00004899   Thumb Code     6  errno.o(i.__set_errno)
    drvAdcTrigger                            0x000048a5   Thumb Code    18  drv_adc.o(i.drvAdcTrigger)
    fabs                                     0x000048bd   Thumb Code    24  fabs.o(i.fabs)
    fast_atan2                               0x000048d5   Thumb Code   350  ano_math.o(i.fast_atan2)
    final_land                               0x00004a51   Thumb Code   170  movecontrol.o(i.final_land)
    fly2field                                0x00004b11   Thumb Code   178  movecontrol.o(i.fly2field)
    fly2height                               0x00004bdd   Thumb Code    58  movecontrol.o(i.fly2height)
    heightcontrol                            0x00004c21   Thumb Code   142  movecontrol.o(i.heightcontrol)
    main                                     0x00004cbd   Thumb Code    64  main.o(i.main)
    my_abs                                   0x00004d1d   Thumb Code    26  ano_math.o(i.my_abs)
    send_laser_request                       0x00004d39   Thumb Code   106  movecontrol.o(i.send_laser_request)
    setHeight                                0x00004da9   Thumb Code     6  movecontrol.o(i.setHeight)
    window_avg                               0x00004db5   Thumb Code    34  movecontrol.o(i.window_avg)
    fast_atan_table                          0x00004dd8   Data        1028  ano_math.o(.constdata)
    Region$$Table$$Base                      0x000056f8   Number         0  anon$$obj.o(Region$$Table)
    Region$$Table$$Limit                     0x00005718   Number         0  anon$$obj.o(Region$$Table)
    fc_bat                                   0x2000005a   Data           4  ano_lx.o(.data)
    pvt_receive_updata                       0x20000082   Data           1  drv_ubloxgps.o(.data)
    fre_test_cnt                             0x20000084   Data           2  drv_ubloxgps.o(.data)
    Period_Out_H                             0x20000086   Data          14  drv_ubloxgps.o(.data)
    Period_Out_L                             0x20000094   Data          14  drv_ubloxgps.o(.data)
    Pulse_Period                             0x200000a2   Data          28  drv_ubloxgps.o(.data)
    Baud115200                               0x200000be   Data          28  drv_ubloxgps.o(.data)
    Save_Con                                 0x200000da   Data          21  drv_ubloxgps.o(.data)
    POLLSH_SET                               0x200000ef   Data          11  drv_ubloxgps.o(.data)
    SOL_SET                                  0x200000fa   Data          11  drv_ubloxgps.o(.data)
    VELNED_SET                               0x20000105   Data          11  drv_ubloxgps.o(.data)
    TIMEUTC_SET                              0x20000110   Data          11  drv_ubloxgps.o(.data)
    DOP_SET                                  0x2000011b   Data          11  drv_ubloxgps.o(.data)
    PVT_SET                                  0x20000126   Data          11  drv_ubloxgps.o(.data)
    pvt_recerve_ok_cnt                       0x20000136   Data           1  drv_ubloxgps.o(.data)
    AdcTemp                                  0x20000140   Data           4  drv_adc.o(.data)
    led                                      0x20000144   Data           4  drv_led.o(.data)
    U1TxInCnt                                0x2000015c   Data           1  drv_uart.o(.data)
    U1TxOutCnt                               0x2000015d   Data           1  drv_uart.o(.data)
    U2TxInCnt                                0x2000015e   Data           1  drv_uart.o(.data)
    U2TxOutCnt                               0x2000015f   Data           1  drv_uart.o(.data)
    U3TxInCnt                                0x20000160   Data           1  drv_uart.o(.data)
    U3TxOutCnt                               0x20000161   Data           1  drv_uart.o(.data)
    U4TxInCnt                                0x20000162   Data           1  drv_uart.o(.data)
    U4TxOutCnt                               0x20000163   Data           1  drv_uart.o(.data)
    U5TxInCnt                                0x20000164   Data           1  drv_uart.o(.data)
    U5TxOutCnt                               0x20000165   Data           1  drv_uart.o(.data)
    t265_x_velocity_cmps                     0x2000017a   Data           2  movecontrol.o(.data)
    t265_y_velocity_cmps                     0x2000017c   Data           2  movecontrol.o(.data)
    t265_z_velocity_cmps                     0x2000017e   Data           2  movecontrol.o(.data)
    t265_x_position                          0x20000180   Data           2  movecontrol.o(.data)
    t265_y_position                          0x20000182   Data           2  movecontrol.o(.data)
    t265_z_position                          0x20000184   Data           2  movecontrol.o(.data)
    t265_usart_update_cnt                    0x20000186   Data           1  movecontrol.o(.data)
    t265_x_velocity_cmps_window              0x20000188   Data           6  movecontrol.o(.data)
    t265_y_velocity_cmps_window              0x2000018e   Data           6  movecontrol.o(.data)
    t265_z_velocity_cmps_window              0x20000194   Data           6  movecontrol.o(.data)
    t265_x_wp                                0x2000019a   Data           1  movecontrol.o(.data)
    t265_y_wp                                0x2000019b   Data           1  movecontrol.o(.data)
    t265_z_wp                                0x2000019c   Data           1  movecontrol.o(.data)
    targetHeight                             0x200001a0   Data           4  movecontrol.o(.data)
    control_stat                             0x200001a8   Data           2  movecontrol.o(.data)
    time_task                                0x200001ac   Data           4  movecontrol.o(.data)
    laser_request                            0x200001b0   Data           4  movecontrol.o(.data)
    prelaser_request                         0x200001b4   Data           4  movecontrol.o(.data)
    t265_yaw_base                            0x200001d8   Data           2  waypointcontrol.o(.data)
    dif_yaw                                  0x200001da   Data           2  waypointcontrol.o(.data)
    anof_pitch                               0x200001dc   Data           2  waypointcontrol.o(.data)
    anof_roll                                0x200001de   Data           2  waypointcontrol.o(.data)
    anof_yaw                                 0x200001e0   Data           2  waypointcontrol.o(.data)
    set_x_position                           0x200001e2   Data           2  waypointcontrol.o(.data)
    set_y_position                           0x200001e4   Data           2  waypointcontrol.o(.data)
    set_z_position                           0x200001e6   Data           2  waypointcontrol.o(.data)
    send_buffer                              0x2000066c   Data          50  ano_dt_lx.o(.bss)
    dt                                       0x200006a0   Data        1564  ano_dt_lx.o(.bss)
    rt_tar                                   0x20000dbc   Data          14  ano_lx.o(.bss)
    pwm_to_esc                               0x20000dca   Data          16  ano_lx.o(.bss)
    ext_sens                                 0x20000dea   Data          48  lx_fc_ext_sensor.o(.bss)
    fc_sta                                   0x20000e1a   Data          11  lx_fc_state.o(.bss)
    rc_in                                    0x20000e26   Data          82  drv_bsp.o(.bss)
    ano_of                                   0x20000e94   Data          60  drv_anoof.o(.bss)
    ubx                                      0x20000f10   Data         100  drv_ubloxgps.o(.bss)
    U1TxDataTemp                             0x20000f74   Data         256  drv_uart.o(.bss)
    U2TxDataTemp                             0x20001074   Data         256  drv_uart.o(.bss)
    U3TxDataTemp                             0x20001174   Data         256  drv_uart.o(.bss)
    U4TxDataTemp                             0x20001274   Data         256  drv_uart.o(.bss)
    U5TxDataTemp                             0x20001374   Data         256  drv_uart.o(.bss)
    __initial_sp                             0x20001f10   Data           0  startup_tm4c123.o(STACK)



==============================================================================

Memory Map of the image

  Image Entry point : 0x00000281

  Load Region LR_1 (Base: 0x00000000, Size: 0x00005d84, Max: 0xffffffff, ABSOLUTE, COMPRESSED[0x000057b8])

    Execution Region ER_RO (Exec base: 0x00000000, Load base: 0x00000000, Size: 0x00005718, Max: 0xffffffff, ABSOLUTE)

    Exec Addr    Load Addr    Size         Type   Attr      Idx    E Section Name        Object

    0x00000000   0x00000000   0x0000026c   Data   RO         1384    RESET               startup_tm4c123.o
    0x0000026c   0x0000026c   0x00000000   Code   RO         5125  * .ARM.Collect$$$$00000000  mc_w.l(entry.o)
    0x0000026c   0x0000026c   0x00000004   Code   RO         5176    .ARM.Collect$$$$00000001  mc_w.l(entry2.o)
    0x00000270   0x00000270   0x00000004   Code   RO         5179    .ARM.Collect$$$$00000004  mc_w.l(entry5.o)
    0x00000274   0x00000274   0x00000000   Code   RO         5181    .ARM.Collect$$$$00000008  mc_w.l(entry7b.o)
    0x00000274   0x00000274   0x00000000   Code   RO         5183    .ARM.Collect$$$$0000000A  mc_w.l(entry8b.o)
    0x00000274   0x00000274   0x00000008   Code   RO         5184    .ARM.Collect$$$$0000000B  mc_w.l(entry9a.o)
    0x0000027c   0x0000027c   0x00000000   Code   RO         5186    .ARM.Collect$$$$0000000D  mc_w.l(entry10a.o)
    0x0000027c   0x0000027c   0x00000000   Code   RO         5188    .ARM.Collect$$$$0000000F  mc_w.l(entry11a.o)
    0x0000027c   0x0000027c   0x00000004   Code   RO         5177    .ARM.Collect$$$$00002712  mc_w.l(entry2.o)
    0x00000280   0x00000280   0x000000fc   Code   RO         1385  * .text               startup_tm4c123.o
    0x0000037c   0x0000037c   0x0000014e   Code   RO         5128    .text               mf_w.l(dadd.o)
    0x000004ca   0x000004ca   0x000000e4   Code   RO         5130    .text               mf_w.l(dmul.o)
    0x000005ae   0x000005ae   0x000000de   Code   RO         5132    .text               mf_w.l(ddiv.o)
    0x0000068c   0x0000068c   0x00000022   Code   RO         5136    .text               mf_w.l(dflti.o)
    0x000006ae   0x000006ae   0x0000001a   Code   RO         5138    .text               mf_w.l(dfltui.o)
    0x000006c8   0x000006c8   0x0000003e   Code   RO         5140    .text               mf_w.l(dfixi.o)
    0x00000706   0x00000706   0x00000026   Code   RO         5144    .text               mf_w.l(f2d.o)
    0x0000072c   0x0000072c   0x00000038   Code   RO         5150    .text               mf_w.l(d2f.o)
    0x00000764   0x00000764   0x0000001e   Code   RO         5190    .text               mc_w.l(llshl.o)
    0x00000782   0x00000782   0x00000020   Code   RO         5192    .text               mc_w.l(llushr.o)
    0x000007a2   0x000007a2   0x00000024   Code   RO         5194    .text               mc_w.l(llsshr.o)
    0x000007c6   0x000007c6   0x00000000   Code   RO         5203    .text               mc_w.l(iusefp.o)
    0x000007c6   0x000007c6   0x0000006e   Code   RO         5204    .text               mf_w.l(fepilogue.o)
    0x00000834   0x00000834   0x000000ba   Code   RO         5206    .text               mf_w.l(depilogue.o)
    0x000008ee   0x000008ee   0x000000a2   Code   RO         5208    .text               mf_w.l(dsqrt.o)
    0x00000990   0x00000990   0x00000024   Code   RO         5210    .text               mc_w.l(init.o)
    0x000009b4   0x000009b4   0x00000056   Code   RO         5220    .text               mc_w.l(__dczerorl2.o)
    0x00000a0a   0x00000a0a   0x00000002   PAD
    0x00000a0c   0x00000a0c   0x0000002c   Code   RO          918    i.ADC0Handler       drv_adc.o
    0x00000a38   0x00000a38   0x00000068   Code   RO         1647    i.ADCIntRegister    driverlib.lib(adc.o)
    0x00000aa0   0x00000aa0   0x000000d8   Code   RO          239    i.ANO_DT_Init       ano_dt_lx.o
    0x00000b78   0x00000b78   0x000001a4   Code   RO          240    i.ANO_DT_LX_Data_Receive_Anl  ano_dt_lx.o
    0x00000d1c   0x00000d1c   0x00000118   Code   RO          241    i.ANO_DT_LX_Data_Receive_Prepare  ano_dt_lx.o
    0x00000e34   0x00000e34   0x00000010   Code   RO          242    i.ANO_DT_LX_Send_Data  ano_dt_lx.o
    0x00000e44   0x00000e44   0x00000050   Code   RO          243    i.ANO_LX_Data_Exchange_Task  ano_dt_lx.o
    0x00000e94   0x00000e94   0x00000080   Code   RO          334    i.ANO_LX_Task       ano_lx.o
    0x00000f14   0x00000f14   0x00000218   Code   RO          244    i.Add_Send_Data     ano_dt_lx.o
    0x0000112c   0x0000112c   0x00000068   Code   RO          563    i.All_Init          drv_bsp.o
    0x00001194   0x00001194   0x000000c0   Code   RO          764    i.AnoOF_Check_State  drv_anoof.o
    0x00001254   0x00001254   0x00000274   Code   RO          765    i.AnoOF_DataAnl     drv_anoof.o
    0x000014c8   0x000014c8   0x0000010c   Code   RO          766    i.AnoOF_GetOneByte  drv_anoof.o
    0x000015d4   0x000015d4   0x00000024   Code   RO          335    i.Bat_Voltage_Data_Handle  ano_lx.o
    0x000015f8   0x000015f8   0x00000010   Code   RO          245    i.CK_Back           ano_dt_lx.o
    0x00001608   0x00001608   0x00000068   Code   RO          246    i.CK_Back_Check     ano_dt_lx.o
    0x00001670   0x00001670   0x0000001c   Code   RO          247    i.CMD_Send          ano_dt_lx.o
    0x0000168c   0x0000168c   0x00000090   Code   RO          248    i.Check_To_Send     ano_dt_lx.o
    0x0000171c   0x0000171c   0x000000b8   Code   RO          919    i.DrvAdcInit        drv_adc.o
    0x000017d4   0x000017d4   0x000000b4   Code   RO          974    i.DrvLedOnOff       drv_led.o
    0x00001888   0x00001888   0x000000ec   Code   RO         1017    i.DrvMotorPWMSet    drv_pwmout.o
    0x00001974   0x00001974   0x00000064   Code   RO          564    i.DrvPpmGetOneCh    drv_bsp.o
    0x000019d8   0x000019d8   0x000002d8   Code   RO         1018    i.DrvPwmOutInit     drv_pwmout.o
    0x00001cb0   0x00001cb0   0x00000014   Code   RO          565    i.DrvRcInputInit    drv_bsp.o
    0x00001cc4   0x00001cc4   0x000000d4   Code   RO         1061    i.DrvRcPpmInit      drv_rcin.o
    0x00001d98   0x00001d98   0x00000050   Code   RO          858    i.DrvSysInit        drv_sys.o
    0x00001de8   0x00001de8   0x0000007c   Code   RO         1352    i.DrvTimerFcInit    drv_timer.o
    0x00001e64   0x00001e64   0x000000d0   Code   RO         1108    i.DrvUart1Init      drv_uart.o
    0x00001f34   0x00001f34   0x00000034   Code   RO         1109    i.DrvUart1SendBuf   drv_uart.o
    0x00001f68   0x00001f68   0x00000044   Code   RO         1110    i.DrvUart1TxCheck   drv_uart.o
    0x00001fac   0x00001fac   0x000000d8   Code   RO         1111    i.DrvUart2Init      drv_uart.o
    0x00002084   0x00002084   0x00000034   Code   RO         1112    i.DrvUart2SendBuf   drv_uart.o
    0x000020b8   0x000020b8   0x00000044   Code   RO         1113    i.DrvUart2TxCheck   drv_uart.o
    0x000020fc   0x000020fc   0x000000d8   Code   RO         1114    i.DrvUart3Init      drv_uart.o
    0x000021d4   0x000021d4   0x00000044   Code   RO         1116    i.DrvUart3TxCheck   drv_uart.o
    0x00002218   0x00002218   0x000000d8   Code   RO         1117    i.DrvUart4Init      drv_uart.o
    0x000022f0   0x000022f0   0x00000044   Code   RO         1119    i.DrvUart4TxCheck   drv_uart.o
    0x00002334   0x00002334   0x000000f4   Code   RO         1120    i.DrvUart5Init      drv_uart.o
    0x00002428   0x00002428   0x00000034   Code   RO         1121    i.DrvUart5SendBuf   drv_uart.o
    0x0000245c   0x0000245c   0x00000044   Code   RO         1122    i.DrvUart5TxCheck   drv_uart.o
    0x000024a0   0x000024a0   0x00000018   Code   RO         1123    i.DrvUartDataCheck  drv_uart.o
    0x000024b8   0x000024b8   0x00000070   Code   RO          920    i.Drv_AdcGetBatVot  drv_adc.o
    0x00002528   0x00002528   0x00000084   Code   RO          975    i.DvrLedInit        drv_led.o
    0x000025ac   0x000025ac   0x0000017c   Code   RO          336    i.ESC_Output        ano_lx.o
    0x00002728   0x00002728   0x00000040   Code   RO          438    i.FC_Unlock         lx_fc_fun.o
    0x00002768   0x00002768   0x000000c8   Code   RO          249    i.Frame_Send        ano_dt_lx.o
    0x00002830   0x00002830   0x00000010   Code   RO          807    i.GPS_Rate_H        drv_ubloxgps.o
    0x00002840   0x00002840   0x0000007c   Code   RO          395    i.General_Position_Data_Handle  lx_fc_ext_sensor.o
    0x000028bc   0x000028bc   0x00000128   Code   RO          396    i.General_Velocity_Data_Handle  lx_fc_ext_sensor.o
    0x000029e4   0x000029e4   0x0000000c   Code   RO          859    i.GetSysRunTimeMs   drv_sys.o
    0x000029f0   0x000029f0   0x00000054   Code   RO         1464    i.Height_Move_Down  movecontrol.o
    0x00002a44   0x00002a44   0x00000058   Code   RO         1465    i.Height_Move_Up    movecontrol.o
    0x00002a9c   0x00002a9c   0x00000068   Code   RO          441    i.Horizontal_Move   lx_fc_fun.o
    0x00002b04   0x00002b04   0x000000e0   Code   RO          809    i.Init_GPS          drv_ubloxgps.o
    0x00002be4   0x00002be4   0x00000064   Code   RO         3848    i.IntEnable         driverlib.lib(interrupt.o)
    0x00002c48   0x00002c48   0x00000034   Code   RO         3860    i.IntRegister       driverlib.lib(interrupt.o)
    0x00002c7c   0x00002c7c   0x00000058   Code   RO          976    i.LED_1ms_DRV       drv_led.o
    0x00002cd4   0x00002cd4   0x0000005c   Code   RO          442    i.LX_Change_Mode    lx_fc_fun.o
    0x00002d30   0x00002d30   0x00000064   Code   RO          397    i.LX_FC_EXT_Sensor_Task  lx_fc_ext_sensor.o
    0x00002d94   0x00002d94   0x00000002   Code   RO          133    i.Loop_1000Hz       ano_scheduler.o
    0x00002d96   0x00002d96   0x00000002   Code   RO          134    i.Loop_100Hz        ano_scheduler.o
    0x00002d98   0x00002d98   0x00000002   Code   RO          135    i.Loop_200Hz        ano_scheduler.o
    0x00002d9a   0x00002d9a   0x00000002   Code   RO          136    i.Loop_20Hz         ano_scheduler.o
    0x00002d9c   0x00002d9c   0x00000040   Code   RO          137    i.Loop_2Hz          ano_scheduler.o
    0x00002ddc   0x00002ddc   0x00000002   Code   RO          138    i.Loop_500Hz        ano_scheduler.o
    0x00002dde   0x00002dde   0x00000002   PAD
    0x00002de0   0x00002de0   0x00000014   Code   RO          139    i.Loop_50Hz         ano_scheduler.o
    0x00002df4   0x00002df4   0x00000038   Code   RO         1466    i.Mag_Calibration   movecontrol.o
    0x00002e2c   0x00002e2c   0x00000274   Code   RO         1467    i.MoveControl_DataAnl  movecontrol.o
    0x000030a0   0x000030a0   0x0000010c   Code   RO         1468    i.MoveControl_GetOneByte  movecontrol.o
    0x000031ac   0x000031ac   0x000004ac   Code   RO         1469    i.MoveControl_Output  movecontrol.o
    0x00003658   0x00003658   0x00000024   Code   RO          861    i.MyDelayMs         drv_sys.o
    0x0000367c   0x0000367c   0x00000002   Code   RO         1124    i.NoUse             drv_uart.o
    0x0000367e   0x0000367e   0x00000002   PAD
    0x00003680   0x00003680   0x00000038   Code   RO          444    i.OneKey_Land       lx_fc_fun.o
    0x000036b8   0x000036b8   0x00000048   Code   RO          446    i.OneKey_Takeoff    lx_fc_fun.o
    0x00003700   0x00003700   0x00000014   Code   RO          250    i.PAR_Back          ano_dt_lx.o
    0x00003714   0x00003714   0x00000084   Code   RO         1063    i.PPM_Decode        drv_rcin.o
    0x00003798   0x00003798   0x00000278   Code   RO         1471    i.PositionControl   movecontrol.o
    0x00003a10   0x00003a10   0x00000278   Code   RO         1472    i.PositionControl_land  movecontrol.o
    0x00003c88   0x00003c88   0x00000038   Code   RO         1473    i.Quick_Calibration  movecontrol.o
    0x00003cc0   0x00003cc0   0x00000050   Code   RO          140    i.Scheduler_Run     ano_scheduler.o
    0x00003d10   0x00003d10   0x00000050   Code   RO          141    i.Scheduler_Setup   ano_scheduler.o
    0x00003d60   0x00003d60   0x00000038   Code   RO         1474    i.SixAxis_Calibration  movecontrol.o
    0x00003d98   0x00003d98   0x00000154   Code   RO         1911    i.SysCtlClockGet    driverlib.lib(sysctl.o)
    0x00003eec   0x00003eec   0x00000018   Code   RO          862    i.SysTick_Handler   drv_sys.o
    0x00003f04   0x00003f04   0x00000036   Code   RO          863    i.SysTick_Init      drv_sys.o
    0x00003f3a   0x00003f3a   0x00000002   PAD
    0x00003f3c   0x00003f3c   0x00000098   Code   RO         1393    i.SystemInit        system_tm4c123.o
    0x00003fd4   0x00003fd4   0x00000014   Code   RO         1353    i.Timer0Irq         drv_timer.o
    0x00003fe8   0x00003fe8   0x00000004   Code   RO         2276    i.TimerIntClear     driverlib.lib(timer.o)
    0x00003fec   0x00003fec   0x00000068   Code   RO         2279    i.TimerIntRegister  driverlib.lib(timer.o)
    0x00004054   0x00004054   0x00000058   Code   RO         1125    i.UART1_IRQHandler  drv_uart.o
    0x000040ac   0x000040ac   0x00000058   Code   RO         1126    i.UART2_IRQHandler  drv_uart.o
    0x00004104   0x00004104   0x00000058   Code   RO         1127    i.UART3_IRQHandler  drv_uart.o
    0x0000415c   0x0000415c   0x00000058   Code   RO         1128    i.UART4_IRQHandler  drv_uart.o
    0x000041b4   0x000041b4   0x00000058   Code   RO         1129    i.UART5_IRQHandler  drv_uart.o
    0x0000420c   0x0000420c   0x00000058   Code   RO         2534    i.UARTIntRegister   driverlib.lib(uart.o)
    0x00004264   0x00004264   0x00000164   Code   RO          810    i.UBLOX_M8_GPS_Data_Receive  drv_ubloxgps.o
    0x000043c8   0x000043c8   0x00000030   Code   RO         5172    i.__ARM_fpclassify  m_wm.l(fpclassify.o)
    0x000043f8   0x000043f8   0x000002d8   Code   RO         5099    i.__hardfp_atan     m_wm.l(atan.o)
    0x000046d0   0x000046d0   0x0000007a   Code   RO         5113    i.__hardfp_sqrt     m_wm.l(sqrt.o)
    0x0000474a   0x0000474a   0x000000f8   Code   RO         5174    i.__kernel_poly     m_wm.l(poly.o)
    0x00004842   0x00004842   0x00000014   Code   RO         5153    i.__mathlib_dbl_infnan  m_wm.l(dunder.o)
    0x00004856   0x00004856   0x00000002   PAD
    0x00004858   0x00004858   0x00000020   Code   RO         5158    i.__mathlib_dbl_underflow  m_wm.l(dunder.o)
    0x00004878   0x00004878   0x0000000e   Code   RO         5214    i.__scatterload_copy  mc_w.l(handlers.o)
    0x00004886   0x00004886   0x00000002   Code   RO         5215    i.__scatterload_null  mc_w.l(handlers.o)
    0x00004888   0x00004888   0x0000000e   Code   RO         5216    i.__scatterload_zeroinit  mc_w.l(handlers.o)
    0x00004896   0x00004896   0x00000002   PAD
    0x00004898   0x00004898   0x0000000c   Code   RO         5198    i.__set_errno       mc_w.l(errno.o)
    0x000048a4   0x000048a4   0x00000018   Code   RO          921    i.drvAdcTrigger     drv_adc.o
    0x000048bc   0x000048bc   0x00000018   Code   RO         5168    i.fabs              m_wm.l(fabs.o)
    0x000048d4   0x000048d4   0x0000017c   Code   RO          627    i.fast_atan2        ano_math.o
    0x00004a50   0x00004a50   0x000000c0   Code   RO         1475    i.final_land        movecontrol.o
    0x00004b10   0x00004b10   0x000000cc   Code   RO         1476    i.fly2field         movecontrol.o
    0x00004bdc   0x00004bdc   0x00000044   Code   RO         1477    i.fly2height        movecontrol.o
    0x00004c20   0x00004c20   0x0000009c   Code   RO         1478    i.heightcontrol     movecontrol.o
    0x00004cbc   0x00004cbc   0x00000060   Code   RO            4    i.main              main.o
    0x00004d1c   0x00004d1c   0x0000001a   Code   RO          632    i.my_abs            ano_math.o
    0x00004d36   0x00004d36   0x00000002   PAD
    0x00004d38   0x00004d38   0x00000070   Code   RO         1479    i.send_laser_request  movecontrol.o
    0x00004da8   0x00004da8   0x0000000c   Code   RO         1480    i.setHeight         movecontrol.o
    0x00004db4   0x00004db4   0x00000022   Code   RO         1481    i.window_avg        movecontrol.o
    0x00004dd6   0x00004dd6   0x00000002   PAD
    0x00004dd8   0x00004dd8   0x00000404   Data   RO          645    .constdata          ano_math.o
    0x000051dc   0x000051dc   0x00000254   Data   RO         1964    .constdata          driverlib.lib(sysctl.o)
    0x00005430   0x00005430   0x000000a0   Data   RO         2300    .constdata          driverlib.lib(timer.o)
    0x000054d0   0x000054d0   0x00000080   Data   RO         2551    .constdata          driverlib.lib(uart.o)
    0x00005550   0x00005550   0x0000010c   Data   RO         3864    .constdata          driverlib.lib(interrupt.o)
    0x0000565c   0x0000565c   0x00000004   PAD
    0x00005660   0x00005660   0x00000098   Data   RO         5102    .constdata          m_wm.l(atan.o)
    0x000056f8   0x000056f8   0x00000020   Data   RO         5212    Region$$Table       anon$$obj.o


    Execution Region ER_RW (Exec base: 0x20000000, Load base: 0x00005718, Size: 0x0000066c, Max: 0xffffffff, ABSOLUTE, COMPRESSED[0x000000a0])

    Exec Addr    Load Addr    Size         Type   Attr      Idx    E Section Name        Object

    0x20000000   COMPRESSED   0x00000054   Data   RW          142    .data               ano_scheduler.o
    0x20000054   COMPRESSED   0x00000006   Data   RW          252    .data               ano_dt_lx.o
    0x2000005a   COMPRESSED   0x0000000a   Data   RW          338    .data               ano_lx.o
    0x20000064   COMPRESSED   0x00000006   Data   RW          399    .data               lx_fc_ext_sensor.o
    0x2000006a   COMPRESSED   0x00000001   Data   RW          447    .data               lx_fc_fun.o
    0x2000006b   COMPRESSED   0x00000001   PAD
    0x2000006c   COMPRESSED   0x00000012   Data   RW          570    .data               drv_bsp.o
    0x2000007e   COMPRESSED   0x00000003   Data   RW          768    .data               drv_anoof.o
    0x20000081   COMPRESSED   0x00000001   PAD
    0x20000082   COMPRESSED   0x000000b6   Data   RW          812    .data               drv_ubloxgps.o
    0x20000138   COMPRESSED   0x00000008   Data   RW          864    .data               drv_sys.o
    0x20000140   COMPRESSED   0x00000004   Data   RW          922    .data               drv_adc.o
    0x20000144   COMPRESSED   0x0000000c   Data   RW          977    .data               drv_led.o
    0x20000150   COMPRESSED   0x0000000c   Data   RW         1065    .data               drv_rcin.o
    0x2000015c   COMPRESSED   0x0000000a   Data   RW         1131    .data               drv_uart.o
    0x20000166   COMPRESSED   0x00000002   PAD
    0x20000168   COMPRESSED   0x00000070   Data   RW         1484    .data               movecontrol.o
    0x200001d8   COMPRESSED   0x00000016   Data   RW         1604    .data               waypointcontrol.o
    0x200001ee   COMPRESSED   0x00000002   PAD
    0x200001f0   COMPRESSED   0x00000004   Data   RW         5199    .data               mc_w.l(errno.o)
    0x200001f4   COMPRESSED   0x0000020c   PAD
    0x20000400   COMPRESSED   0x0000026c   Data   RW         3865    vtable              driverlib.lib(interrupt.o)


    Execution Region ER_ZI (Exec base: 0x2000066c, Load base: 0x000057b8, Size: 0x000018a4, Max: 0xffffffff, ABSOLUTE)

    Exec Addr    Load Addr    Size         Type   Attr      Idx    E Section Name        Object

    0x2000066c        -       0x00000750   Zero   RW          251    .bss                ano_dt_lx.o
    0x20000dbc        -       0x0000002e   Zero   RW          337    .bss                ano_lx.o
    0x20000dea        -       0x00000030   Zero   RW          398    .bss                lx_fc_ext_sensor.o
    0x20000e1a        -       0x0000000b   Zero   RW          524    .bss                lx_fc_state.o
    0x20000e25   0x000057b8   0x00000001   PAD
    0x20000e26        -       0x0000006b   Zero   RW          569    .bss                drv_bsp.o
    0x20000e91   0x000057b8   0x00000003   PAD
    0x20000e94        -       0x0000007c   Zero   RW          767    .bss                drv_anoof.o
    0x20000f10        -       0x00000064   Zero   RW          811    .bss                drv_ubloxgps.o
    0x20000f74        -       0x00000500   Zero   RW         1130    .bss                drv_uart.o
    0x20001474        -       0x00000096   Zero   RW         1482    .bss                movecontrol.o
    0x2000150a   0x000057b8   0x00000006   PAD
    0x20001510        -       0x00000a00   Zero   RW         1382    STACK               startup_tm4c123.o


==============================================================================

Image component sizes


      Code (inc. data)   RO Data    RW Data    ZI Data      Debug   Object Name

      2060        114          0          6       1872      10284   ano_dt_lx.o
       544         38          0         10         46       4957   ano_lx.o
       406         30       1028          0          0       2368   ano_math.o
       254         24          0         84          0       5178   ano_scheduler.o
       364         64          0          4          0       2570   drv_adc.o
      1088         64          0          3        124       3968   drv_anoof.o
       224         18          0         18        107       4413   drv_bsp.o
       400         32          0         12          0       2607   drv_led.o
       964         76          0          0          0       2021   drv_pwmout.o
       344         48          0         12          0       1207   drv_rcin.o
       206         28          0          8          0      33299   drv_sys.o
       144         18          0          0          0       1133   drv_timer.o
      2062        278          0         10       1280      14453   drv_uart.o
       596         60          0        182        100       3662   drv_ubloxgps.o
       520         86          0          6         48       3811   lx_fc_ext_sensor.o
       388         38          0          1          0       3142   lx_fc_fun.o
         0          0          0          0         11       1933   lx_fc_state.o
        96         32          0          0          0      31914   main.o
      4474        414          0        112        150      14623   movecontrol.o
       252         10        620          0       2560       5488   startup_tm4c123.o
       152         40          0          0          0        653   system_tm4c123.o
         0          0          0         22          0        623   waypointcontrol.o

    ----------------------------------------------------------------------
     15548       1512       1680        496       6308     154307   Object Totals
         0          0         32          0          0          0   (incl. Generated)
        10          0          0          6         10          0   (incl. Padding)

    ----------------------------------------------------------------------

      Code (inc. data)   RO Data    RW Data    ZI Data      Debug   Library Member Name

       104         12          0          0          0       4777   adc.o
       152         16        268        620          0       2150   interrupt.o
       340         36        596          0          0       2653   sysctl.o
       108         16        160          0          0       2255   timer.o
        88         18        128          0          0       1795   uart.o
       728        106        152          0          0        228   atan.o
        52          8          0          0          0        248   dunder.o
        24          0          0          0          0        124   fabs.o
        48          0          0          0          0        124   fpclassify.o
       248          0          0          0          0        152   poly.o
       122          0          0          0          0        148   sqrt.o
        86          0          0          0          0          0   __dczerorl2.o
         0          0          0          0          0          0   entry.o
         0          0          0          0          0          0   entry10a.o
         0          0          0          0          0          0   entry11a.o
         8          4          0          0          0          0   entry2.o
         4          0          0          0          0          0   entry5.o
         0          0          0          0          0          0   entry7b.o
         0          0          0          0          0          0   entry8b.o
         8          4          0          0          0          0   entry9a.o
        12          6          0          4          0         68   errno.o
        30          0          0          0          0          0   handlers.o
        36          8          0          0          0         68   init.o
         0          0          0          0          0          0   iusefp.o
        30          0          0          0          0         68   llshl.o
        36          0          0          0          0         68   llsshr.o
        32          0          0          0          0         68   llushr.o
        56          0          0          0          0         88   d2f.o
       334          0          0          0          0        148   dadd.o
       222          0          0          0          0        100   ddiv.o
       186          0          0          0          0        176   depilogue.o
        62          0          0          0          0         80   dfixi.o
        34          0          0          0          0         76   dflti.o
        26          0          0          0          0         76   dfltui.o
       228          0          0          0          0         96   dmul.o
       162          0          0          0          0        100   dsqrt.o
        38          0          0          0          0         68   f2d.o
       110          0          0          0          0        168   fepilogue.o

    ----------------------------------------------------------------------
      3760        234       1308       1148          0      16170   Library Totals
         6          0          4        524          0          0   (incl. Padding)

    ----------------------------------------------------------------------

      Code (inc. data)   RO Data    RW Data    ZI Data      Debug   Library Name

       792         98       1152        620          0      13630   driverlib.lib
      1222        114        152          0          0       1024   m_wm.l
       282         22          0          4          0        340   mc_w.l
      1458          0          0          0          0       1176   mf_w.l

    ----------------------------------------------------------------------
      3760        234       1308       1148          0      16170   Library Totals

    ----------------------------------------------------------------------

==============================================================================


      Code (inc. data)   RO Data    RW Data    ZI Data      Debug   

     19308       1746       2988       1644       6308     159685   Grand Totals
     19308       1746       2988        160       6308     159685   ELF Image Totals (compressed)
     19308       1746       2988        160          0          0   ROM Totals

==============================================================================

    Total RO  Size (Code + RO Data)                22296 (  21.77kB)
    Total RW  Size (RW Data + ZI Data)              7952 (   7.77kB)
    Total ROM Size (Code + RO Data + RW Data)      22456 (  21.93kB)

==============================================================================

